###############################################################################
#
# IAR ELF Linker V8.20.1.14183/W32 for ARM                11/Jan/2018  15:27:15
# Copyright 2007-2017 IAR Systems AB.
#
#    Output file  =  
#        E:\Users\bertz\Documents\GitHub\BSPv1.4\EWARM\BSPv1.4\Exe\BSPv1.4.out
#    Map file     =  
#        E:\Users\bertz\Documents\GitHub\BSPv1.4\EWARM\BSPv1.4\List\BSPv1.4.map
#    Command line =  
#        -f C:\Users\bertz\AppData\Local\Temp\EW389B.tmp
#        (E:\Users\bertz\Documents\GitHub\BSPv1.4\EWARM\BSPv1.4\Obj\adc.o
#        E:\Users\bertz\Documents\GitHub\BSPv1.4\EWARM\BSPv1.4\Obj\bsp_gentlesensor.o
#        E:\Users\bertz\Documents\GitHub\BSPv1.4\EWARM\BSPv1.4\Obj\bsp_led.o
#        E:\Users\bertz\Documents\GitHub\BSPv1.4\EWARM\BSPv1.4\Obj\bsp_motor.o
#        E:\Users\bertz\Documents\GitHub\BSPv1.4\EWARM\BSPv1.4\Obj\bsp_protocol.o
#        E:\Users\bertz\Documents\GitHub\BSPv1.4\EWARM\BSPv1.4\Obj\dma.o
#        E:\Users\bertz\Documents\GitHub\BSPv1.4\EWARM\BSPv1.4\Obj\gpio.o
#        E:\Users\bertz\Documents\GitHub\BSPv1.4\EWARM\BSPv1.4\Obj\i2c.o
#        E:\Users\bertz\Documents\GitHub\BSPv1.4\EWARM\BSPv1.4\Obj\main.o
#        E:\Users\bertz\Documents\GitHub\BSPv1.4\EWARM\BSPv1.4\Obj\spi.o
#        E:\Users\bertz\Documents\GitHub\BSPv1.4\EWARM\BSPv1.4\Obj\startup_stm32f103xe.o
#        E:\Users\bertz\Documents\GitHub\BSPv1.4\EWARM\BSPv1.4\Obj\stm32f1xx_hal.o
#        E:\Users\bertz\Documents\GitHub\BSPv1.4\EWARM\BSPv1.4\Obj\stm32f1xx_hal_adc.o
#        E:\Users\bertz\Documents\GitHub\BSPv1.4\EWARM\BSPv1.4\Obj\stm32f1xx_hal_adc_ex.o
#        E:\Users\bertz\Documents\GitHub\BSPv1.4\EWARM\BSPv1.4\Obj\stm32f1xx_hal_cortex.o
#        E:\Users\bertz\Documents\GitHub\BSPv1.4\EWARM\BSPv1.4\Obj\stm32f1xx_hal_dma.o
#        E:\Users\bertz\Documents\GitHub\BSPv1.4\EWARM\BSPv1.4\Obj\stm32f1xx_hal_flash.o
#        E:\Users\bertz\Documents\GitHub\BSPv1.4\EWARM\BSPv1.4\Obj\stm32f1xx_hal_flash_ex.o
#        E:\Users\bertz\Documents\GitHub\BSPv1.4\EWARM\BSPv1.4\Obj\stm32f1xx_hal_gpio.o
#        E:\Users\bertz\Documents\GitHub\BSPv1.4\EWARM\BSPv1.4\Obj\stm32f1xx_hal_gpio_ex.o
#        E:\Users\bertz\Documents\GitHub\BSPv1.4\EWARM\BSPv1.4\Obj\stm32f1xx_hal_i2c.o
#        E:\Users\bertz\Documents\GitHub\BSPv1.4\EWARM\BSPv1.4\Obj\stm32f1xx_hal_msp.o
#        E:\Users\bertz\Documents\GitHub\BSPv1.4\EWARM\BSPv1.4\Obj\stm32f1xx_hal_pwr.o
#        E:\Users\bertz\Documents\GitHub\BSPv1.4\EWARM\BSPv1.4\Obj\stm32f1xx_hal_rcc.o
#        E:\Users\bertz\Documents\GitHub\BSPv1.4\EWARM\BSPv1.4\Obj\stm32f1xx_hal_rcc_ex.o
#        E:\Users\bertz\Documents\GitHub\BSPv1.4\EWARM\BSPv1.4\Obj\stm32f1xx_hal_spi.o
#        E:\Users\bertz\Documents\GitHub\BSPv1.4\EWARM\BSPv1.4\Obj\stm32f1xx_hal_spi_ex.o
#        E:\Users\bertz\Documents\GitHub\BSPv1.4\EWARM\BSPv1.4\Obj\stm32f1xx_hal_tim.o
#        E:\Users\bertz\Documents\GitHub\BSPv1.4\EWARM\BSPv1.4\Obj\stm32f1xx_hal_tim_ex.o
#        E:\Users\bertz\Documents\GitHub\BSPv1.4\EWARM\BSPv1.4\Obj\stm32f1xx_hal_uart.o
#        E:\Users\bertz\Documents\GitHub\BSPv1.4\EWARM\BSPv1.4\Obj\stm32f1xx_it.o
#        E:\Users\bertz\Documents\GitHub\BSPv1.4\EWARM\BSPv1.4\Obj\system_stm32f1xx.o
#        E:\Users\bertz\Documents\GitHub\BSPv1.4\EWARM\BSPv1.4\Obj\tim.o
#        E:\Users\bertz\Documents\GitHub\BSPv1.4\EWARM\BSPv1.4\Obj\usart.o
#        --redirect _Printf=_PrintfFull --redirect _Scanf=_ScanfFull -o
#        E:\Users\bertz\Documents\GitHub\BSPv1.4\EWARM\BSPv1.4\Exe\BSPv1.4.out
#        --map
#        E:\Users\bertz\Documents\GitHub\BSPv1.4\EWARM\BSPv1.4\List\BSPv1.4.map
#        --config
#        E:\Users\bertz\Documents\GitHub\BSPv1.4\EWARM/stm32f103xe_flash.icf
#        --semihosting --entry __iar_program_start --vfe --text_out locale)
#
###############################################################################

*******************************************************************************
*** RUNTIME MODEL ATTRIBUTES
***

CppFlavor       = *
__SystemLibrary = DLib
__dlib_version  = 6


*******************************************************************************
*** HEAP SELECTION
***

The basic heap was selected because no calls to memory allocation
functions were found in the application outside of system library
functions, and there are calls to deallocation functions in the
application.


*******************************************************************************
*** PLACEMENT SUMMARY
***

"A0":  place at 0x08000000 { ro section .intvec };
"P1":  place in [from 0x08000000 to 0x0807ffff] { ro };
define block CSTACK with size = 1K, alignment = 8 { };
define block HEAP with size = 512, alignment = 8 { };
"P2":  place in [from 0x20000000 to 0x2000ffff] {
          rw, block CSTACK, block HEAP };
initialize by copy { rw };

  Section            Kind        Address    Size  Object
  -------            ----        -------    ----  ------
"A0":                                      0x130
  .intvec            ro code  0x08000000   0x130  startup_stm32f103xe.o [1]
                            - 0x08000130   0x130

"P1":                                     0x2efc
  .text              ro code  0x08000130   0x618  stm32f1xx_hal_uart.o [1]
  .text              ro code  0x08000748   0x1f8  usart.o [1]
  .text              ro code  0x08000940     0xc  stm32f1xx_hal.o [1]
  .text              ro code  0x0800094c   0x422  stm32f1xx_hal_dma.o [1]
  .text              ro code  0x08000d6e     0x2  stm32f1xx_hal_uart.o [1]
  .text              ro code  0x08000d70     0x2  stm32f1xx_hal_uart.o [1]
  .text              ro code  0x08000d72     0x2  stm32f1xx_hal_uart.o [1]
  .text              ro code  0x08000d74     0x2  stm32f1xx_hal_uart.o [1]
  .text              ro code  0x08000d78   0x4de  stm32f1xx_hal_rcc.o [1]
  .text              ro code  0x08001258   0x388  main.o [1]
  .text              ro code  0x080015e0   0x1f4  stm32f1xx_hal_gpio.o [1]
  .text              ro code  0x080017d4    0x28  stm32f1xx_hal.o [1]
  .text              ro code  0x080017fc    0x24  stm32f1xx_hal.o [1]
  .text              ro code  0x08001820   0x114  gpio.o [1]
  .text              ro code  0x08001934    0x20  dma.o [1]
  .text              ro code  0x08001954   0x12c  adc.o [1]
  .text              ro code  0x08001a80    0xbc  i2c.o [1]
  .text              ro code  0x08001b3c    0xdc  spi.o [1]
  .text              ro code  0x08001c18   0x134  tim.o [1]
  .text              ro code  0x08001d4c    0xe6  stm32f1xx_hal_cortex.o [1]
  .text              ro code  0x08001e34   0x36c  stm32f1xx_hal_tim.o [1]
  .text              ro code  0x080021a0   0x1bc  bsp_motor.o [1]
  .text              ro code  0x0800235c   0x2c0  bsp_protocol.o [1]
  .text              ro code  0x0800261c    0x74  bsp_led.o [1]
  .text              ro code  0x08002690    0xe8  stm32f1xx_hal_rcc_ex.o [1]
  .text              ro code  0x08002778    0x8c  stm32f1xx_hal_msp.o [1]
  .text              ro code  0x08002804   0x35c  stm32f1xx_hal_adc.o [1]
  .text              ro code  0x08002b60    0xe0  stm32f1xx_hal_i2c.o [1]
  .text              ro code  0x08002c40    0x82  stm32f1xx_hal_spi_ex.o [1]
  .text              ro code  0x08002cc4    0x4a  stm32f1xx_hal_tim_ex.o [1]
  .text              ro code  0x08002d0e     0x2  stm32f1xx_hal_tim.o [1]
  .text              ro code  0x08002d10     0x2  stm32f1xx_hal_tim.o [1]
  .text              ro code  0x08002d12     0x2  stm32f1xx_hal_tim_ex.o [1]
  .text              ro code  0x08002d14     0x2  stm32f1xx_hal_tim.o [1]
  .text              ro code  0x08002d16     0x2  stm32f1xx_hal_tim_ex.o [1]
  .text              ro code  0x08002d18     0x2  stm32f1xx_hal_tim.o [1]
  .text              ro code  0x08002d1a    0x1e  stm32f1xx_hal.o [1]
  .text              ro code  0x08002d38     0x2  stm32f1xx_hal_adc.o [1]
  .text              ro code  0x08002d3c     0x2  stm32f1xx_hal_adc_ex.o [1]
  .text              ro code  0x08002d3e     0x2  stm32f1xx_hal_adc.o [1]
  .text              ro code  0x08002d40    0x90  stm32f1xx_it.o [1]
  .text              ro code  0x08002dd0    0x10  stm32f1xx_hal.o [1]
  .text              ro code  0x08002de0    0x5c  system_stm32f1xx.o [1]
  .text              ro code  0x08002e3c    0x40  zero_init3.o [4]
  .text              ro code  0x08002e7c    0x2c  copy_init3.o [4]
  .text              ro code  0x08002ea8    0x28  data_init.o [4]
  .iar.init_table    const    0x08002ed0    0x24  - Linker created -
  .text              ro code  0x08002ef4    0x1e  cmain.o [4]
  .text              ro code  0x08002f12     0x4  low_level_init.o [3]
  .text              ro code  0x08002f16     0x4  exit.o [3]
  .text              ro code  0x08002f1c     0xa  cexit.o [4]
  .text              ro code  0x08002f28    0x14  exit.o [5]
  .text              ro code  0x08002f3c    0x10  startup_stm32f103xe.o [1]
  .text              ro code  0x08002f4c     0xc  cstartup_M.o [4]
  .rodata            const    0x08002f58     0x8  system_stm32f1xx.o [1]
  .text              ro code  0x08002f60     0x4  startup_stm32f103xe.o [1]
  .text              ro code  0x08002f64     0x4  startup_stm32f103xe.o [1]
  .text              ro code  0x08002f68     0x4  startup_stm32f103xe.o [1]
  .text              ro code  0x08002f6c     0x4  startup_stm32f103xe.o [1]
  .text              ro code  0x08002f70     0x4  startup_stm32f103xe.o [1]
  .text              ro code  0x08002f74     0x4  startup_stm32f103xe.o [1]
  .text              ro code  0x08002f78     0x4  startup_stm32f103xe.o [1]
  .text              ro code  0x08002f7c     0x4  startup_stm32f103xe.o [1]
  .text              ro code  0x08002f80     0x4  startup_stm32f103xe.o [1]
  .text              ro code  0x08002f84     0x4  startup_stm32f103xe.o [1]
  .text              ro code  0x08002f88     0x4  startup_stm32f103xe.o [1]
  .text              ro code  0x08002f8c     0x4  startup_stm32f103xe.o [1]
  .text              ro code  0x08002f90     0x4  startup_stm32f103xe.o [1]
  .text              ro code  0x08002f94     0x4  startup_stm32f103xe.o [1]
  .text              ro code  0x08002f98     0x4  startup_stm32f103xe.o [1]
  .text              ro code  0x08002f9c     0x4  startup_stm32f103xe.o [1]
  .text              ro code  0x08002fa0     0x4  startup_stm32f103xe.o [1]
  .text              ro code  0x08002fa4     0x4  startup_stm32f103xe.o [1]
  .text              ro code  0x08002fa8     0x4  startup_stm32f103xe.o [1]
  .text              ro code  0x08002fac     0x4  startup_stm32f103xe.o [1]
  .text              ro code  0x08002fb0     0x4  startup_stm32f103xe.o [1]
  .text              ro code  0x08002fb4     0x4  startup_stm32f103xe.o [1]
  .text              ro code  0x08002fb8     0x4  startup_stm32f103xe.o [1]
  .text              ro code  0x08002fbc     0x4  startup_stm32f103xe.o [1]
  .text              ro code  0x08002fc0     0x4  startup_stm32f103xe.o [1]
  .text              ro code  0x08002fc4     0x4  startup_stm32f103xe.o [1]
  .text              ro code  0x08002fc8     0x4  startup_stm32f103xe.o [1]
  .text              ro code  0x08002fcc     0x4  startup_stm32f103xe.o [1]
  .text              ro code  0x08002fd0     0x4  startup_stm32f103xe.o [1]
  .text              ro code  0x08002fd4     0x4  startup_stm32f103xe.o [1]
  .text              ro code  0x08002fd8     0x4  startup_stm32f103xe.o [1]
  .text              ro code  0x08002fdc     0x4  startup_stm32f103xe.o [1]
  .text              ro code  0x08002fe0     0x4  startup_stm32f103xe.o [1]
  .text              ro code  0x08002fe4     0x4  startup_stm32f103xe.o [1]
  .text              ro code  0x08002fe8     0x4  startup_stm32f103xe.o [1]
  .text              ro code  0x08002fec     0x4  startup_stm32f103xe.o [1]
  .text              ro code  0x08002ff0     0x4  startup_stm32f103xe.o [1]
  .text              ro code  0x08002ff4     0x4  startup_stm32f103xe.o [1]
  .text              ro code  0x08002ff8     0x4  startup_stm32f103xe.o [1]
  .text              ro code  0x08002ffc     0x4  startup_stm32f103xe.o [1]
  .text              ro code  0x08003000     0x4  startup_stm32f103xe.o [1]
  .text              ro code  0x08003004     0x4  startup_stm32f103xe.o [1]
  .text              ro code  0x08003008     0x4  startup_stm32f103xe.o [1]
  .text              ro code  0x0800300c     0x4  startup_stm32f103xe.o [1]
  .text              ro code  0x08003010     0x4  startup_stm32f103xe.o [1]
  .text              ro code  0x08003014     0x4  startup_stm32f103xe.o [1]
  .text              ro code  0x08003018     0x4  startup_stm32f103xe.o [1]
  .text              ro code  0x0800301c     0x4  startup_stm32f103xe.o [1]
  .text              ro code  0x08003020     0x4  startup_stm32f103xe.o [1]
  .text              ro code  0x08003024     0x4  startup_stm32f103xe.o [1]
  Initializer bytes  const    0x08003028     0x4  <for P2-1>
  .rodata            const    0x0800302c     0x0  zero_init3.o [4]
  .rodata            const    0x0800302c     0x0  copy_init3.o [4]
                            - 0x0800302c  0x2efc

"P2", part 1 of 3:                           0x4
  P2-1                        0x20000000     0x4  <Init block>
    .data            inited   0x20000000     0x4  system_stm32f1xx.o [1]
                            - 0x20000004     0x4

"P2", part 2 of 3:                        0x13b4
  .bss               zero     0x20000004   0x808  bsp_protocol.o [1]
  .bss               zero     0x2000080c   0x804  bsp_protocol.o [1]
  .bss               zero     0x20001010   0x110  usart.o [1]
  .bss               zero     0x20001120    0x58  spi.o [1]
  .bss               zero     0x20001178    0x54  i2c.o [1]
  .bss               zero     0x200011cc    0x44  adc.o [1]
  .bss               zero     0x20001210    0x40  tim.o [1]
  .bss               zero     0x20001250    0x40  tim.o [1]
  .bss               zero     0x20001290    0x40  usart.o [1]
  .bss               zero     0x200012d0    0x40  usart.o [1]
  .bss               zero     0x20001310    0x3c  main.o [1]
  .bss               zero     0x2000134c    0x30  adc.o [1]
  .bss               zero     0x2000137c    0x30  main.o [1]
  .bss               zero     0x200013ac     0x8  bsp_protocol.o [1]
  .bss               zero     0x200013b4     0x4  stm32f1xx_hal.o [1]
                            - 0x200013b8  0x13b4

"P2", part 3 of 3:                         0x400
  CSTACK                      0x200013b8   0x400  <Block>
    CSTACK           uninit   0x200013b8   0x400  <Block tail>
                            - 0x200017b8   0x400


*******************************************************************************
*** INIT TABLE
***

          Address     Size
          -------     ----
Zero (__iar_zero_init3)
    1 destination range, total size 0x13b4:
          0x20000004  0x13b4

Copy (__iar_copy_init3)
    1 source range, total size 0x4:
          0x08003028     0x4
    1 destination range, total size 0x4:
          0x20000000     0x4



*******************************************************************************
*** MODULE SUMMARY
***

    Module                  ro code  ro data  rw data
    ------                  -------  -------  -------
E:\Users\bertz\Documents\GitHub\BSPv1.4\EWARM\BSPv1.4\Obj: [1]
    adc.o                       300               116
    bsp_led.o                   116
    bsp_motor.o                 444
    bsp_protocol.o              704             4 116
    dma.o                        32
    gpio.o                      276
    i2c.o                       188                84
    main.o                      904               108
    spi.o                       220                88
    startup_stm32f103xe.o       520
    stm32f1xx_hal.o             134                 4
    stm32f1xx_hal_adc.o         864
    stm32f1xx_hal_adc_ex.o        2
    stm32f1xx_hal_cortex.o      230
    stm32f1xx_hal_dma.o       1 058
    stm32f1xx_hal_gpio.o        500
    stm32f1xx_hal_i2c.o         224
    stm32f1xx_hal_msp.o         140
    stm32f1xx_hal_rcc.o       1 246
    stm32f1xx_hal_rcc_ex.o      232
    stm32f1xx_hal_spi_ex.o      130
    stm32f1xx_hal_tim.o         884
    stm32f1xx_hal_tim_ex.o       78
    stm32f1xx_hal_uart.o      1 568
    stm32f1xx_it.o              144
    system_stm32f1xx.o           92       12        4
    tim.o                       308               128
    usart.o                     504               400
    -------------------------------------------------
    Total:                   12 042       12    5 048

command line: [2]
    -------------------------------------------------
    Total:

dl7M_tlf.a: [3]
    exit.o                        4
    low_level_init.o              4
    -------------------------------------------------
    Total:                        8

rt7M_tl.a: [4]
    cexit.o                      10
    cmain.o                      30
    copy_init3.o                 44
    cstartup_M.o                 12
    data_init.o                  40
    zero_init3.o                 64
    -------------------------------------------------
    Total:                      200

shb_l.a: [5]
    exit.o                       20
    -------------------------------------------------
    Total:                       20

    Gaps                         14
    Linker created                        36    1 024
-----------------------------------------------------
    Grand Total:             12 284       48    6 072


*******************************************************************************
*** ENTRY LIST
***

Entry                      Address   Size  Type      Object
-----                      -------   ----  ----      ------
.iar.init_table$$Base   0x08002ed0          --   Gb  - Linker created -
.iar.init_table$$Limit  0x08002ef4          --   Gb  - Linker created -
?main                   0x08002ef5         Code  Gb  cmain.o [4]
ADC1_2_IRQHandler       0x08002d7d    0x6  Code  Gb  stm32f1xx_it.o [1]
ADC_ConversionStop_Disable
                        0x08002b1d   0x44  Code  Gb  stm32f1xx_hal_adc.o [1]
AHBPrescTable           0x08002e2c   0x10  Data  Gb  system_stm32f1xx.o [1]
APBPrescTable           0x08002f58    0x8  Data  Gb  system_stm32f1xx.o [1]
AckCmdBuffer            0x200013ac    0x8  Data  Gb  bsp_protocol.o [1]
BSP_AckRequestCmdFromDriverBoard
                        0x08002431   0x28  Code  Gb  bsp_protocol.o [1]
BSP_DriverBoardProtocolInit
                        0x080023c5   0x36  Code  Gb  bsp_protocol.o [1]
BSP_DriverBoardUsartReceive_IDLE
                        0x08002379   0x4c  Code  Gb  bsp_protocol.o [1]
BSP_HandingCmdFromDriverBoard
                        0x0800259d   0x5c  Code  Gb  bsp_protocol.o [1]
BSP_HandingUartDataFromDriverBoard
                        0x08002459  0x13e  Code  Gb  bsp_protocol.o [1]
BSP_LEDCheck            0x0800262b   0x56  Code  Gb  bsp_led.o [1]
BSP_MotorAction         0x08002321   0x24  Code  Gb  bsp_motor.o [1]
BSP_MotorCheck          0x08002263   0xbe  Code  Gb  bsp_motor.o [1]
BSP_MotorInit           0x080021a1   0x38  Code  Gb  bsp_motor.o [1]
BSP_MotorRun            0x080021f7   0x30  Code  Gb  bsp_motor.o [1]
BSP_MotorStop           0x08002245   0x14  Code  Gb  bsp_motor.o [1]
BSP_RUNNINGLED_ON       0x0800261d    0x4  Code  Gb  bsp_led.o [1]
BSP_SendDataToDriverBoard
                        0x080023fb   0x36  Code  Gb  bsp_protocol.o [1]
BusFault_Handler        0x08002d47    0x2  Code  Gb  stm32f1xx_it.o [1]
CSTACK$$Base            0x200013b8          --   Gb  - Linker created -
CSTACK$$Limit           0x200017b8          --   Gb  - Linker created -
DMA1_Channel1_IRQHandler
                        0x08002d5f    0x6  Code  Gb  stm32f1xx_it.o [1]
DMA1_Channel4_IRQHandler
                        0x08002d65    0x6  Code  Gb  stm32f1xx_it.o [1]
DMA1_Channel5_IRQHandler
                        0x08002d6b    0x6  Code  Gb  stm32f1xx_it.o [1]
DMA1_Channel6_IRQHandler
                        0x08002d71    0x6  Code  Gb  stm32f1xx_it.o [1]
DMA1_Channel7_IRQHandler
                        0x08002d77    0x6  Code  Gb  stm32f1xx_it.o [1]
DMA_SetConfig           0x08000d4d   0x22  Code  Lc  stm32f1xx_hal_dma.o [1]
DebugMon_Handler        0x08002d4d    0x2  Code  Gb  stm32f1xx_it.o [1]
DriverBoardCmdBuffer    0x20000004  0x808  Data  Gb  bsp_protocol.o [1]
DriverBoardUsartType    0x2000080c  0x804  Data  Gb  bsp_protocol.o [1]
HAL_ADCEx_InjectedConvCpltCallback
                        0x08002d3d    0x2  Code  Wk  stm32f1xx_hal_adc_ex.o [1]
HAL_ADC_ConfigChannel   0x08002a05   0xe4  Code  Gb  stm32f1xx_hal_adc.o [1]
HAL_ADC_IRQHandler      0x08002915   0xd8  Code  Gb  stm32f1xx_hal_adc.o [1]
HAL_ADC_Init            0x08002805  0x110  Code  Gb  stm32f1xx_hal_adc.o [1]
HAL_ADC_MspInit         0x080019c5   0x70  Code  Gb  adc.o [1]
HAL_DMA_Abort           0x08000a47   0x32  Code  Gb  stm32f1xx_hal_dma.o [1]
HAL_DMA_Abort_IT        0x08000a79   0xdc  Code  Gb  stm32f1xx_hal_dma.o [1]
HAL_DMA_IRQHandler      0x08000b55  0x1b4  Code  Gb  stm32f1xx_hal_dma.o [1]
HAL_DMA_Init            0x0800094d   0x78  Code  Gb  stm32f1xx_hal_dma.o [1]
HAL_DMA_Start_IT        0x080009d3   0x74  Code  Gb  stm32f1xx_hal_dma.o [1]
HAL_Delay               0x08002d1b   0x1e  Code  Wk  stm32f1xx_hal.o [1]
HAL_GPIO_Init           0x080015e1  0x196  Code  Gb  stm32f1xx_hal_gpio.o [1]
HAL_GPIO_ReadPin        0x08001777    0xc  Code  Gb  stm32f1xx_hal_gpio.o [1]
HAL_GPIO_TogglePin      0x0800178f    0x8  Code  Gb  stm32f1xx_hal_gpio.o [1]
HAL_GPIO_WritePin       0x08001783    0xc  Code  Gb  stm32f1xx_hal_gpio.o [1]
HAL_GetTick             0x08000941    0xc  Code  Wk  stm32f1xx_hal.o [1]
HAL_I2C_Init            0x08002b61   0xc8  Code  Gb  stm32f1xx_hal_i2c.o [1]
HAL_I2C_MspInit         0x08001ab9   0x3a  Code  Gb  i2c.o [1]
HAL_IncTick             0x08002dd1   0x10  Code  Wk  stm32f1xx_hal.o [1]
HAL_Init                0x080017fd   0x20  Code  Gb  stm32f1xx_hal.o [1]
HAL_InitTick            0x080017d5   0x28  Code  Wk  stm32f1xx_hal.o [1]
HAL_MspInit             0x08002779   0x8c  Code  Gb  stm32f1xx_hal_msp.o [1]
HAL_NVIC_EnableIRQ      0x08001dbf    0xa  Code  Gb  stm32f1xx_hal_cortex.o [1]
HAL_NVIC_SetPriority    0x08001d85   0x3a  Code  Gb  stm32f1xx_hal_cortex.o [1]
HAL_NVIC_SetPriorityGrouping
                        0x08001d6b   0x1a  Code  Gb  stm32f1xx_hal_cortex.o [1]
HAL_RCCEx_PeriphCLKConfig
                        0x08002691   0xda  Code  Gb  stm32f1xx_hal_rcc_ex.o [1]
HAL_RCC_ClockConfig     0x08001095  0x10c  Code  Gb  stm32f1xx_hal_rcc.o [1]
HAL_RCC_GetHCLKFreq     0x080011ef    0x6  Code  Gb  stm32f1xx_hal_rcc.o [1]
HAL_RCC_GetPCLK1Freq    0x080011f5   0x10  Code  Gb  stm32f1xx_hal_rcc.o [1]
HAL_RCC_GetPCLK2Freq    0x08001205    0xe  Code  Gb  stm32f1xx_hal_rcc.o [1]
HAL_RCC_GetSysClockFreq
                        0x080011b5   0x3a  Code  Gb  stm32f1xx_hal_rcc.o [1]
HAL_RCC_GetSysClockFreq::aPLLMULFactorTable
                        0x08001244   0x10  Data  Lc  stm32f1xx_hal_rcc.o [1]
HAL_RCC_GetSysClockFreq::aPredivFactorTable
                        0x08001254    0x2  Data  Lc  stm32f1xx_hal_rcc.o [1]
HAL_RCC_OscConfig       0x08000d79  0x314  Code  Gb  stm32f1xx_hal_rcc.o [1]
HAL_SPI_Init            0x08002c41   0x82  Code  Gb  stm32f1xx_hal_spi_ex.o [1]
HAL_SPI_MspInit         0x08001b87   0x4e  Code  Gb  spi.o [1]
HAL_SYSTICK_CLKSourceConfig
                        0x08001dfb   0x1a  Code  Gb  stm32f1xx_hal_cortex.o [1]
HAL_SYSTICK_Config      0x08001dd3   0x28  Code  Gb  stm32f1xx_hal_cortex.o [1]
HAL_SYSTICK_IRQHandler  0x08001e2d    0x4  Code  Gb  stm32f1xx_hal_cortex.o [1]
HAL_TIMEx_BreakCallback
                        0x08002d13    0x2  Code  Wk  stm32f1xx_hal_tim_ex.o [1]
HAL_TIMEx_CommutationCallback
                        0x08002d17    0x2  Code  Wk  stm32f1xx_hal_tim_ex.o [1]
HAL_TIMEx_MasterConfigSynchronization
                        0x08002cc5   0x4a  Code  Gb  stm32f1xx_hal_tim_ex.o [1]
HAL_TIM_Base_Init       0x08001e35   0x1a  Code  Gb  stm32f1xx_hal_tim.o [1]
HAL_TIM_Base_MspInit    0x08001ccb   0x38  Code  Gb  tim.o [1]
HAL_TIM_Base_Start_IT   0x08001e4f   0x16  Code  Gb  stm32f1xx_hal_tim.o [1]
HAL_TIM_ConfigClockSource
                        0x08001fd1   0xac  Code  Gb  stm32f1xx_hal_tim.o [1]
HAL_TIM_IRQHandler      0x08001e89  0x142  Code  Gb  stm32f1xx_hal_tim.o [1]
HAL_TIM_PeriodElapsedCallback
                        0x080013f7  0x1c6  Code  Gb  main.o [1]
HAL_UART_DMAStop        0x080002ed   0x48  Code  Gb  stm32f1xx_hal_uart.o [1]
HAL_UART_IRQHandler     0x0800034d  0x152  Code  Gb  stm32f1xx_hal_uart.o [1]
HAL_UART_Init           0x08000131   0x1e  Code  Gb  stm32f1xx_hal_uart.o [1]
HAL_UART_MspInit        0x0800079b  0x128  Code  Gb  usart.o [1]
HAL_UART_Receive_DMA    0x0800025b   0x92  Code  Gb  stm32f1xx_hal_uart.o [1]
HAL_UART_Transmit       0x080001a9   0xaa  Code  Gb  stm32f1xx_hal_uart.o [1]
HardFault_Handler       0x08002d43    0x2  Code  Gb  stm32f1xx_it.o [1]
MX_ADC1_Init            0x08001955   0x70  Code  Gb  adc.o [1]
MX_DMA_Init             0x08001935   0x20  Code  Gb  dma.o [1]
MX_GPIO_Init            0x08001821   0xea  Code  Gb  gpio.o [1]
MX_I2C2_Init            0x08001a81   0x38  Code  Gb  i2c.o [1]
MX_SPI1_Init            0x08001b3d   0x4a  Code  Gb  spi.o [1]
MX_TIM4_Init            0x08001c19   0x40  Code  Gb  tim.o [1]
MX_TIM5_Init            0x08001c59   0x42  Code  Gb  tim.o [1]
MX_USART1_UART_Init     0x08000749   0x16  Code  Gb  usart.o [1]
MX_USART2_UART_Init     0x0800075f   0x16  Code  Gb  usart.o [1]
MemManage_Handler       0x08002d45    0x2  Code  Gb  stm32f1xx_it.o [1]
NMI_Handler             0x08002d41    0x2  Code  Gb  stm32f1xx_it.o [1]
NVIC_SetPriority        0x08001d4d   0x1e  Code  Lc  stm32f1xx_hal_cortex.o [1]
PendSV_Handler          0x08002d4f    0x2  Code  Gb  stm32f1xx_it.o [1]
Region$$Table$$Base     0x08002ed0          --   Gb  - Linker created -
Region$$Table$$Limit    0x08002ef4          --   Gb  - Linker created -
SVC_Handler             0x08002d4b    0x2  Code  Gb  stm32f1xx_it.o [1]
SysTick_Handler         0x08002d51    0xe  Code  Gb  stm32f1xx_it.o [1]
SystemClock_Config      0x08001371   0x86  Code  Gb  main.o [1]
SystemCoreClock         0x20000000    0x4  Data  Gb  system_stm32f1xx.o [1]
SystemInit              0x08002de1   0x3a  Code  Gb  system_stm32f1xx.o [1]
TIM4_IRQHandler         0x08002d83    0x6  Code  Gb  stm32f1xx_it.o [1]
TIM5_IRQHandler         0x08002da3    0x6  Code  Gb  stm32f1xx_it.o [1]
TIM_Base_SetConfig      0x080020a7   0x74  Code  Gb  stm32f1xx_hal_tim.o [1]
TIM_ETR_SetConfig       0x08002187   0x14  Code  Lc  stm32f1xx_hal_tim.o [1]
TIM_ITRx_SetConfig      0x08002177   0x10  Code  Lc  stm32f1xx_hal_tim.o [1]
TIM_TI1_ConfigInputStage
                        0x08002135   0x1e  Code  Lc  stm32f1xx_hal_tim.o [1]
TIM_TI2_ConfigInputStage
                        0x08002153   0x24  Code  Lc  stm32f1xx_hal_tim.o [1]
UART_DMAAbortOnError    0x080005bd    0xc  Code  Lc  stm32f1xx_hal_uart.o [1]
UART_DMAError           0x080004e1   0x4a  Code  Lc  stm32f1xx_hal_uart.o [1]
UART_DMAReceiveCplt     0x080004a1   0x38  Code  Lc  stm32f1xx_hal_uart.o [1]
UART_DMARxHalfCplt      0x080004d9    0x6  Code  Lc  stm32f1xx_hal_uart.o [1]
UART_EndRxTransfer      0x080005a1   0x1c  Code  Lc  stm32f1xx_hal_uart.o [1]
UART_EndTxTransfer      0x0800058f   0x12  Code  Lc  stm32f1xx_hal_uart.o [1]
UART_Receive_IT         0x080005c9   0x96  Code  Lc  stm32f1xx_hal_uart.o [1]
UART_SetConfig          0x0800065f   0xde  Code  Lc  stm32f1xx_hal_uart.o [1]
UART_WaitOnFlagUntilTimeout
                        0x0800052b   0x56  Code  Lc  stm32f1xx_hal_uart.o [1]
USART1_IRQHandler       0x08002d89   0x14  Code  Gb  stm32f1xx_it.o [1]
USART2_IRQHandler       0x08002d9d    0x6  Code  Gb  stm32f1xx_it.o [1]
UsageFault_Handler      0x08002d49    0x2  Code  Gb  stm32f1xx_it.o [1]
_Error_Handler          0x080015df    0x2  Code  Gb  main.o [1]
__cmain                 0x08002ef5         Code  Gb  cmain.o [4]
__exit                  0x08002f29   0x14  Code  Gb  exit.o [5]
__iar_copy_init3        0x08002e7d   0x2c  Code  Gb  copy_init3.o [4]
__iar_data_init3        0x08002ea9   0x28  Code  Gb  data_init.o [4]
__iar_program_start     0x08002f4d         Code  Gb  cstartup_M.o [4]
__iar_systems$$module {Abs}
                        0x00000001         Data  Gb  command line/config [2]
__iar_zero_init3        0x08002e3d   0x40  Code  Gb  zero_init3.o [4]
__low_level_init        0x08002f13    0x4  Code  Gb  low_level_init.o [3]
__vector_table          0x08000000         Data  Gb  startup_stm32f103xe.o [1]
_call_main              0x08002f01         Code  Gb  cmain.o [4]
_exit                   0x08002f1d         Code  Gb  cexit.o [4]
_main                   0x08002f0f         Code  Gb  cmain.o [4]
exit                    0x08002f17    0x4  Code  Gb  exit.o [3]
gComingCarFlag          0x200013a0    0x1  Data  Gb  main.o [1]
gDriverBoardProtocolCmd
                        0x20001334   0x18  Data  Gb  main.o [1]
gGentleSensorStatusDetection
                        0x20001390   0x10  Data  Gb  main.o [1]
gHorCurrentReadVal      0x200013a4    0x1  Data  Gb  main.o [1]
gHorLastReadVal         0x200013a3    0x1  Data  Gb  main.o [1]
gMCUAIRInputStatusGpio  0x20001320   0x10  Data  Gb  main.o [1]
gMotorMachine           0x2000137c   0x14  Data  Gb  main.o [1]
gRadarInputStatusGpio   0x20001310   0x10  Data  Gb  main.o [1]
gTIM5Cnt                0x200013a6    0x2  Data  Gb  main.o [1]
gTIM5CntFlag            0x200013a5    0x1  Data  Gb  main.o [1]
gTIM5LedFlag            0x20001330    0x1  Data  Gb  main.o [1]
gVerCurrentReadVal      0x200013a2    0x1  Data  Gb  main.o [1]
gVerLastReadVal         0x200013a1    0x1  Data  Gb  main.o [1]
gWaitCnt                0x200013a8    0x4  Data  Gb  main.o [1]
getXORCode              0x0800235d   0x1c  Code  Lc  bsp_protocol.o [1]
hadc1                   0x2000134c   0x30  Data  Gb  adc.o [1]
hdma_adc1               0x200011cc   0x44  Data  Gb  adc.o [1]
hdma_usart1_rx          0x20001010   0x44  Data  Gb  usart.o [1]
hdma_usart1_tx          0x20001054   0x44  Data  Gb  usart.o [1]
hdma_usart2_rx          0x20001098   0x44  Data  Gb  usart.o [1]
hdma_usart2_tx          0x200010dc   0x44  Data  Gb  usart.o [1]
hi2c2                   0x20001178   0x54  Data  Gb  i2c.o [1]
hspi1                   0x20001120   0x58  Data  Gb  spi.o [1]
htim4                   0x20001210   0x40  Data  Gb  tim.o [1]
htim5                   0x20001250   0x40  Data  Gb  tim.o [1]
huart1                  0x20001290   0x40  Data  Gb  usart.o [1]
huart2                  0x200012d0   0x40  Data  Gb  usart.o [1]
main                    0x08001259  0x118  Code  Gb  main.o [1]
uwTick                  0x200013b4    0x4  Data  Gb  stm32f1xx_hal.o [1]


[1] = E:\Users\bertz\Documents\GitHub\BSPv1.4\EWARM\BSPv1.4\Obj
[2] = command line
[3] = dl7M_tlf.a
[4] = rt7M_tl.a
[5] = shb_l.a

  12 284 bytes of readonly  code memory
      48 bytes of readonly  data memory
   6 072 bytes of readwrite data memory

Errors: none
Warnings: none
