###############################################################################
#
# IAR ELF Linker V8.20.2.14835/W32 for ARM                28/Dec/2017  23:32:29
# Copyright 2007-2017 IAR Systems AB.
#
#    Output file  =  
#        F:\Users\Zgeny\Documents\GitHub\BSPv1.4\EWARM\BSPv1.4\Exe\BSPv1.4.out
#    Map file     =  
#        F:\Users\Zgeny\Documents\GitHub\BSPv1.4\EWARM\BSPv1.4\List\BSPv1.4.map
#    Command line =  
#        -f C:\Users\Zgeny\AppData\Local\Temp\EW5E41.tmp
#        (F:\Users\Zgeny\Documents\GitHub\BSPv1.4\EWARM\BSPv1.4\Obj\adc.o
#        F:\Users\Zgeny\Documents\GitHub\BSPv1.4\EWARM\BSPv1.4\Obj\bsp_gentlesensor.o
#        F:\Users\Zgeny\Documents\GitHub\BSPv1.4\EWARM\BSPv1.4\Obj\bsp_motor.o
#        F:\Users\Zgeny\Documents\GitHub\BSPv1.4\EWARM\BSPv1.4\Obj\bsp_protocol.o
#        F:\Users\Zgeny\Documents\GitHub\BSPv1.4\EWARM\BSPv1.4\Obj\dma.o
#        F:\Users\Zgeny\Documents\GitHub\BSPv1.4\EWARM\BSPv1.4\Obj\gpio.o
#        F:\Users\Zgeny\Documents\GitHub\BSPv1.4\EWARM\BSPv1.4\Obj\i2c.o
#        F:\Users\Zgeny\Documents\GitHub\BSPv1.4\EWARM\BSPv1.4\Obj\main.o
#        F:\Users\Zgeny\Documents\GitHub\BSPv1.4\EWARM\BSPv1.4\Obj\spi.o
#        F:\Users\Zgeny\Documents\GitHub\BSPv1.4\EWARM\BSPv1.4\Obj\startup_stm32f103xe.o
#        F:\Users\Zgeny\Documents\GitHub\BSPv1.4\EWARM\BSPv1.4\Obj\stm32f1xx_hal.o
#        F:\Users\Zgeny\Documents\GitHub\BSPv1.4\EWARM\BSPv1.4\Obj\stm32f1xx_hal_adc.o
#        F:\Users\Zgeny\Documents\GitHub\BSPv1.4\EWARM\BSPv1.4\Obj\stm32f1xx_hal_adc_ex.o
#        F:\Users\Zgeny\Documents\GitHub\BSPv1.4\EWARM\BSPv1.4\Obj\stm32f1xx_hal_cortex.o
#        F:\Users\Zgeny\Documents\GitHub\BSPv1.4\EWARM\BSPv1.4\Obj\stm32f1xx_hal_dma.o
#        F:\Users\Zgeny\Documents\GitHub\BSPv1.4\EWARM\BSPv1.4\Obj\stm32f1xx_hal_flash.o
#        F:\Users\Zgeny\Documents\GitHub\BSPv1.4\EWARM\BSPv1.4\Obj\stm32f1xx_hal_flash_ex.o
#        F:\Users\Zgeny\Documents\GitHub\BSPv1.4\EWARM\BSPv1.4\Obj\stm32f1xx_hal_gpio.o
#        F:\Users\Zgeny\Documents\GitHub\BSPv1.4\EWARM\BSPv1.4\Obj\stm32f1xx_hal_gpio_ex.o
#        F:\Users\Zgeny\Documents\GitHub\BSPv1.4\EWARM\BSPv1.4\Obj\stm32f1xx_hal_i2c.o
#        F:\Users\Zgeny\Documents\GitHub\BSPv1.4\EWARM\BSPv1.4\Obj\stm32f1xx_hal_msp.o
#        F:\Users\Zgeny\Documents\GitHub\BSPv1.4\EWARM\BSPv1.4\Obj\stm32f1xx_hal_pwr.o
#        F:\Users\Zgeny\Documents\GitHub\BSPv1.4\EWARM\BSPv1.4\Obj\stm32f1xx_hal_rcc.o
#        F:\Users\Zgeny\Documents\GitHub\BSPv1.4\EWARM\BSPv1.4\Obj\stm32f1xx_hal_rcc_ex.o
#        F:\Users\Zgeny\Documents\GitHub\BSPv1.4\EWARM\BSPv1.4\Obj\stm32f1xx_hal_spi.o
#        F:\Users\Zgeny\Documents\GitHub\BSPv1.4\EWARM\BSPv1.4\Obj\stm32f1xx_hal_spi_ex.o
#        F:\Users\Zgeny\Documents\GitHub\BSPv1.4\EWARM\BSPv1.4\Obj\stm32f1xx_hal_tim.o
#        F:\Users\Zgeny\Documents\GitHub\BSPv1.4\EWARM\BSPv1.4\Obj\stm32f1xx_hal_tim_ex.o
#        F:\Users\Zgeny\Documents\GitHub\BSPv1.4\EWARM\BSPv1.4\Obj\stm32f1xx_hal_uart.o
#        F:\Users\Zgeny\Documents\GitHub\BSPv1.4\EWARM\BSPv1.4\Obj\stm32f1xx_it.o
#        F:\Users\Zgeny\Documents\GitHub\BSPv1.4\EWARM\BSPv1.4\Obj\system_stm32f1xx.o
#        F:\Users\Zgeny\Documents\GitHub\BSPv1.4\EWARM\BSPv1.4\Obj\tim.o
#        F:\Users\Zgeny\Documents\GitHub\BSPv1.4\EWARM\BSPv1.4\Obj\usart.o
#        --redirect _Printf=_PrintfFull --redirect _Scanf=_ScanfFull -o
#        F:\Users\Zgeny\Documents\GitHub\BSPv1.4\EWARM\BSPv1.4\Exe\BSPv1.4.out
#        --map
#        F:\Users\Zgeny\Documents\GitHub\BSPv1.4\EWARM\BSPv1.4\List\BSPv1.4.map
#        --config
#        F:\Users\Zgeny\Documents\GitHub\BSPv1.4\EWARM/stm32f103xe_flash.icf
#        --semihosting --entry __iar_program_start --vfe --text_out locale)
#
###############################################################################

*******************************************************************************
*** RUNTIME MODEL ATTRIBUTES
***

CppFlavor       = *
__SystemLibrary = DLib
__dlib_version  = 6


*******************************************************************************
*** HEAP SELECTION
***

The basic heap was selected because no calls to memory allocation
functions were found in the application outside of system library
functions, and there are calls to deallocation functions in the
application.


*******************************************************************************
*** PLACEMENT SUMMARY
***

"A0":  place at 0x08000000 { ro section .intvec };
"P1":  place in [from 0x08000000 to 0x0807ffff] { ro };
define block CSTACK with size = 1K, alignment = 8 { };
define block HEAP with size = 512, alignment = 8 { };
"P2":  place in [from 0x20000000 to 0x2000ffff] {
          rw, block CSTACK, block HEAP };
initialize by copy { rw };

  Section            Kind        Address    Size  Object
  -------            ----        -------    ----  ------
"A0":                                      0x130
  .intvec            ro code  0x08000000   0x130  startup_stm32f103xe.o [1]
                            - 0x08000130   0x130

"P1":                                     0x2cbc
  .text              ro code  0x08000130   0x5ac  stm32f1xx_hal_uart.o [1]
  .text              ro code  0x080006dc   0x1f8  usart.o [1]
  .text              ro code  0x080008d4   0x422  stm32f1xx_hal_dma.o [1]
  .text              ro code  0x08000cf6     0x2  stm32f1xx_hal_uart.o [1]
  .text              ro code  0x08000cf8     0x2  stm32f1xx_hal_uart.o [1]
  .text              ro code  0x08000cfa     0x2  stm32f1xx_hal_uart.o [1]
  .text              ro code  0x08000cfc     0x2  stm32f1xx_hal_uart.o [1]
  .text              ro code  0x08000cfe     0x2  stm32f1xx_hal_uart.o [1]
  .text              ro code  0x08000d00   0x4de  stm32f1xx_hal_rcc.o [1]
  .text              ro code  0x080011e0   0x2a6  main.o [1]
  .text              ro code  0x08001488   0x1ec  stm32f1xx_hal_gpio.o [1]
  .text              ro code  0x08001674     0xc  stm32f1xx_hal.o [1]
  .text              ro code  0x08001680    0x28  stm32f1xx_hal.o [1]
  .text              ro code  0x080016a8    0x24  stm32f1xx_hal.o [1]
  .text              ro code  0x080016cc    0xdc  gpio.o [1]
  .text              ro code  0x080017a8    0x20  dma.o [1]
  .text              ro code  0x080017c8   0x12c  adc.o [1]
  .text              ro code  0x080018f4    0xbc  i2c.o [1]
  .text              ro code  0x080019b0    0xdc  spi.o [1]
  .text              ro code  0x08001a8c   0x134  tim.o [1]
  .text              ro code  0x08001bc0    0xe6  stm32f1xx_hal_cortex.o [1]
  .text              ro code  0x08001ca8   0x36c  stm32f1xx_hal_tim.o [1]
  .text              ro code  0x08002014   0x1b0  bsp_motor.o [1]
  .text              ro code  0x080021c4   0x28c  bsp_protocol.o [1]
  .text              ro code  0x08002450    0xe8  stm32f1xx_hal_rcc_ex.o [1]
  .text              ro code  0x08002538    0x8c  stm32f1xx_hal_msp.o [1]
  .text              ro code  0x080025c4   0x35c  stm32f1xx_hal_adc.o [1]
  .text              ro code  0x08002920    0xe0  stm32f1xx_hal_i2c.o [1]
  .text              ro code  0x08002a00    0x82  stm32f1xx_hal_spi_ex.o [1]
  .text              ro code  0x08002a84    0x4a  stm32f1xx_hal_tim_ex.o [1]
  .text              ro code  0x08002ace     0x2  stm32f1xx_hal_tim.o [1]
  .text              ro code  0x08002ad0     0x2  stm32f1xx_hal_tim.o [1]
  .text              ro code  0x08002ad2     0x2  stm32f1xx_hal_tim_ex.o [1]
  .text              ro code  0x08002ad4     0x2  stm32f1xx_hal_tim.o [1]
  .text              ro code  0x08002ad6     0x2  stm32f1xx_hal_tim_ex.o [1]
  .text              ro code  0x08002ad8     0x2  stm32f1xx_hal_tim.o [1]
  .text              ro code  0x08002ada    0x1e  stm32f1xx_hal.o [1]
  .text              ro code  0x08002af8     0x2  stm32f1xx_hal_adc.o [1]
  .text              ro code  0x08002afc     0x2  stm32f1xx_hal_adc_ex.o [1]
  .text              ro code  0x08002afe     0x2  stm32f1xx_hal_adc.o [1]
  .text              ro code  0x08002b00    0x90  stm32f1xx_it.o [1]
  .text              ro code  0x08002b90    0x10  stm32f1xx_hal.o [1]
  .text              ro code  0x08002ba0    0x5c  system_stm32f1xx.o [1]
  .text              ro code  0x08002bfc    0x40  zero_init3.o [4]
  .text              ro code  0x08002c3c    0x2c  copy_init3.o [4]
  .text              ro code  0x08002c68    0x28  data_init.o [4]
  .iar.init_table    const    0x08002c90    0x24  - Linker created -
  .text              ro code  0x08002cb4    0x1e  cmain.o [4]
  .text              ro code  0x08002cd2     0x4  low_level_init.o [3]
  .text              ro code  0x08002cd6     0x4  exit.o [3]
  .text              ro code  0x08002cdc     0xa  cexit.o [4]
  .text              ro code  0x08002ce8    0x14  exit.o [5]
  .text              ro code  0x08002cfc    0x10  startup_stm32f103xe.o [1]
  .text              ro code  0x08002d0c     0xc  cstartup_M.o [4]
  .rodata            const    0x08002d18     0x8  system_stm32f1xx.o [1]
  .text              ro code  0x08002d20     0x4  startup_stm32f103xe.o [1]
  .text              ro code  0x08002d24     0x4  startup_stm32f103xe.o [1]
  .text              ro code  0x08002d28     0x4  startup_stm32f103xe.o [1]
  .text              ro code  0x08002d2c     0x4  startup_stm32f103xe.o [1]
  .text              ro code  0x08002d30     0x4  startup_stm32f103xe.o [1]
  .text              ro code  0x08002d34     0x4  startup_stm32f103xe.o [1]
  .text              ro code  0x08002d38     0x4  startup_stm32f103xe.o [1]
  .text              ro code  0x08002d3c     0x4  startup_stm32f103xe.o [1]
  .text              ro code  0x08002d40     0x4  startup_stm32f103xe.o [1]
  .text              ro code  0x08002d44     0x4  startup_stm32f103xe.o [1]
  .text              ro code  0x08002d48     0x4  startup_stm32f103xe.o [1]
  .text              ro code  0x08002d4c     0x4  startup_stm32f103xe.o [1]
  .text              ro code  0x08002d50     0x4  startup_stm32f103xe.o [1]
  .text              ro code  0x08002d54     0x4  startup_stm32f103xe.o [1]
  .text              ro code  0x08002d58     0x4  startup_stm32f103xe.o [1]
  .text              ro code  0x08002d5c     0x4  startup_stm32f103xe.o [1]
  .text              ro code  0x08002d60     0x4  startup_stm32f103xe.o [1]
  .text              ro code  0x08002d64     0x4  startup_stm32f103xe.o [1]
  .text              ro code  0x08002d68     0x4  startup_stm32f103xe.o [1]
  .text              ro code  0x08002d6c     0x4  startup_stm32f103xe.o [1]
  .text              ro code  0x08002d70     0x4  startup_stm32f103xe.o [1]
  .text              ro code  0x08002d74     0x4  startup_stm32f103xe.o [1]
  .text              ro code  0x08002d78     0x4  startup_stm32f103xe.o [1]
  .text              ro code  0x08002d7c     0x4  startup_stm32f103xe.o [1]
  .text              ro code  0x08002d80     0x4  startup_stm32f103xe.o [1]
  .text              ro code  0x08002d84     0x4  startup_stm32f103xe.o [1]
  .text              ro code  0x08002d88     0x4  startup_stm32f103xe.o [1]
  .text              ro code  0x08002d8c     0x4  startup_stm32f103xe.o [1]
  .text              ro code  0x08002d90     0x4  startup_stm32f103xe.o [1]
  .text              ro code  0x08002d94     0x4  startup_stm32f103xe.o [1]
  .text              ro code  0x08002d98     0x4  startup_stm32f103xe.o [1]
  .text              ro code  0x08002d9c     0x4  startup_stm32f103xe.o [1]
  .text              ro code  0x08002da0     0x4  startup_stm32f103xe.o [1]
  .text              ro code  0x08002da4     0x4  startup_stm32f103xe.o [1]
  .text              ro code  0x08002da8     0x4  startup_stm32f103xe.o [1]
  .text              ro code  0x08002dac     0x4  startup_stm32f103xe.o [1]
  .text              ro code  0x08002db0     0x4  startup_stm32f103xe.o [1]
  .text              ro code  0x08002db4     0x4  startup_stm32f103xe.o [1]
  .text              ro code  0x08002db8     0x4  startup_stm32f103xe.o [1]
  .text              ro code  0x08002dbc     0x4  startup_stm32f103xe.o [1]
  .text              ro code  0x08002dc0     0x4  startup_stm32f103xe.o [1]
  .text              ro code  0x08002dc4     0x4  startup_stm32f103xe.o [1]
  .text              ro code  0x08002dc8     0x4  startup_stm32f103xe.o [1]
  .text              ro code  0x08002dcc     0x4  startup_stm32f103xe.o [1]
  .text              ro code  0x08002dd0     0x4  startup_stm32f103xe.o [1]
  .text              ro code  0x08002dd4     0x4  startup_stm32f103xe.o [1]
  .text              ro code  0x08002dd8     0x4  startup_stm32f103xe.o [1]
  .text              ro code  0x08002ddc     0x4  startup_stm32f103xe.o [1]
  .text              ro code  0x08002de0     0x4  startup_stm32f103xe.o [1]
  .text              ro code  0x08002de4     0x4  startup_stm32f103xe.o [1]
  Initializer bytes  const    0x08002de8     0x4  <for P2-1>
  .rodata            const    0x08002dec     0x0  zero_init3.o [4]
  .rodata            const    0x08002dec     0x0  copy_init3.o [4]
                            - 0x08002dec  0x2cbc

"P2", part 1 of 3:                           0x4
  P2-1                        0x20000000     0x4  <Init block>
    .data            inited   0x20000000     0x4  system_stm32f1xx.o [1]
                            - 0x20000004     0x4

"P2", part 2 of 3:                        0x138c
  .bss               zero     0x20000004   0x808  bsp_protocol.o [1]
  .bss               zero     0x2000080c   0x804  bsp_protocol.o [1]
  .bss               zero     0x20001010   0x110  usart.o [1]
  .bss               zero     0x20001120    0x58  spi.o [1]
  .bss               zero     0x20001178    0x54  i2c.o [1]
  .bss               zero     0x200011cc    0x44  adc.o [1]
  .bss               zero     0x20001210    0x40  tim.o [1]
  .bss               zero     0x20001250    0x40  tim.o [1]
  .bss               zero     0x20001290    0x40  usart.o [1]
  .bss               zero     0x200012d0    0x40  usart.o [1]
  .bss               zero     0x20001310    0x30  adc.o [1]
  .bss               zero     0x20001340    0x2c  main.o [1]
  .bss               zero     0x2000136c    0x18  main.o [1]
  .bss               zero     0x20001384     0x8  bsp_protocol.o [1]
  .bss               zero     0x2000138c     0x4  stm32f1xx_hal.o [1]
                            - 0x20001390  0x138c

"P2", part 3 of 3:                         0x400
  CSTACK                      0x20001390   0x400  <Block>
    CSTACK           uninit   0x20001390   0x400  <Block tail>
                            - 0x20001790   0x400


*******************************************************************************
*** INIT TABLE
***

          Address     Size
          -------     ----
Zero (__iar_zero_init3)
    1 destination range, total size 0x138c:
          0x20000004  0x138c

Copy (__iar_copy_init3)
    1 source range, total size 0x4:
          0x08002de8     0x4
    1 destination range, total size 0x4:
          0x20000000     0x4



*******************************************************************************
*** MODULE SUMMARY
***

    Module                  ro code  ro data  rw data
    ------                  -------  -------  -------
F:\Users\Zgeny\Documents\GitHub\BSPv1.4\EWARM\BSPv1.4\Obj: [1]
    adc.o                       300               116
    bsp_motor.o                 432
    bsp_protocol.o              652             4 116
    dma.o                        32
    gpio.o                      220
    i2c.o                       188                84
    main.o                      678                68
    spi.o                       220                88
    startup_stm32f103xe.o       520
    stm32f1xx_hal.o             134                 4
    stm32f1xx_hal_adc.o         864
    stm32f1xx_hal_adc_ex.o        2
    stm32f1xx_hal_cortex.o      230
    stm32f1xx_hal_dma.o       1 058
    stm32f1xx_hal_gpio.o        492
    stm32f1xx_hal_i2c.o         224
    stm32f1xx_hal_msp.o         140
    stm32f1xx_hal_rcc.o       1 246
    stm32f1xx_hal_rcc_ex.o      232
    stm32f1xx_hal_spi_ex.o      130
    stm32f1xx_hal_tim.o         884
    stm32f1xx_hal_tim_ex.o       78
    stm32f1xx_hal_uart.o      1 462
    stm32f1xx_it.o              144
    system_stm32f1xx.o           92       12        4
    tim.o                       308               128
    usart.o                     504               400
    -------------------------------------------------
    Total:                   11 466       12    5 008

command line: [2]
    -------------------------------------------------
    Total:

dl7M_tlf.a: [3]
    exit.o                        4
    low_level_init.o              4
    -------------------------------------------------
    Total:                        8

rt7M_tl.a: [4]
    cexit.o                      10
    cmain.o                      30
    copy_init3.o                 44
    cstartup_M.o                 12
    data_init.o                  40
    zero_init3.o                 64
    -------------------------------------------------
    Total:                      200

shb_l.a: [5]
    exit.o                       20
    -------------------------------------------------
    Total:                       20

    Gaps                         14
    Linker created                        36    1 024
-----------------------------------------------------
    Grand Total:             11 708       48    6 032


*******************************************************************************
*** ENTRY LIST
***

Entry                      Address   Size  Type      Object
-----                      -------   ----  ----      ------
.iar.init_table$$Base   0x08002c90          --   Gb  - Linker created -
.iar.init_table$$Limit  0x08002cb4          --   Gb  - Linker created -
?main                   0x08002cb5         Code  Gb  cmain.o [4]
ADC1_2_IRQHandler       0x08002b3d    0x6  Code  Gb  stm32f1xx_it.o [1]
ADC_ConversionStop_Disable
                        0x080028dd   0x44  Code  Gb  stm32f1xx_hal_adc.o [1]
AHBPrescTable           0x08002bec   0x10  Data  Gb  system_stm32f1xx.o [1]
APBPrescTable           0x08002d18    0x8  Data  Gb  system_stm32f1xx.o [1]
AckCmdBuffer            0x20001384    0x8  Data  Gb  bsp_protocol.o [1]
BSP_AckRequestCmdFromDriverBoard
                        0x08002275   0x28  Code  Gb  bsp_protocol.o [1]
BSP_DriverBoardProtocolInit
                        0x0800222b   0x36  Code  Gb  bsp_protocol.o [1]
BSP_DriverBoardUsartReceive_IDLE
                        0x080021df   0x4c  Code  Gb  bsp_protocol.o [1]
BSP_HandingCmdFromDriverBoard
                        0x080023e1   0x4e  Code  Gb  bsp_protocol.o [1]
BSP_HandingUartDataFromDriverBoard
                        0x0800229d  0x13e  Code  Gb  bsp_protocol.o [1]
BSP_MotorAction         0x0800218f   0x24  Code  Gb  bsp_motor.o [1]
BSP_MotorCheck          0x080020d7   0xb8  Code  Gb  bsp_motor.o [1]
BSP_MotorInit           0x08002015   0x3c  Code  Gb  bsp_motor.o [1]
BSP_MotorRun            0x0800206f   0x30  Code  Gb  bsp_motor.o [1]
BSP_MotorStop           0x080020bd   0x10  Code  Gb  bsp_motor.o [1]
BSP_SendDataToDriverBoard
                        0x08002261   0x14  Code  Gb  bsp_protocol.o [1]
BusFault_Handler        0x08002b07    0x2  Code  Gb  stm32f1xx_it.o [1]
CSTACK$$Base            0x20001390          --   Gb  - Linker created -
CSTACK$$Limit           0x20001790          --   Gb  - Linker created -
DMA1_Channel1_IRQHandler
                        0x08002b1f    0x6  Code  Gb  stm32f1xx_it.o [1]
DMA1_Channel4_IRQHandler
                        0x08002b25    0x6  Code  Gb  stm32f1xx_it.o [1]
DMA1_Channel5_IRQHandler
                        0x08002b2b    0x6  Code  Gb  stm32f1xx_it.o [1]
DMA1_Channel6_IRQHandler
                        0x08002b31    0x6  Code  Gb  stm32f1xx_it.o [1]
DMA1_Channel7_IRQHandler
                        0x08002b37    0x6  Code  Gb  stm32f1xx_it.o [1]
DMA_SetConfig           0x08000cd5   0x22  Code  Lc  stm32f1xx_hal_dma.o [1]
DebugMon_Handler        0x08002b0d    0x2  Code  Gb  stm32f1xx_it.o [1]
DriverBoardCmdBuffer    0x20000004  0x808  Data  Gb  bsp_protocol.o [1]
DriverBoardUsartType    0x2000080c  0x804  Data  Gb  bsp_protocol.o [1]
HAL_ADCEx_InjectedConvCpltCallback
                        0x08002afd    0x2  Code  Wk  stm32f1xx_hal_adc_ex.o [1]
HAL_ADC_ConfigChannel   0x080027c5   0xe4  Code  Gb  stm32f1xx_hal_adc.o [1]
HAL_ADC_IRQHandler      0x080026d5   0xd8  Code  Gb  stm32f1xx_hal_adc.o [1]
HAL_ADC_Init            0x080025c5  0x110  Code  Gb  stm32f1xx_hal_adc.o [1]
HAL_ADC_MspInit         0x08001839   0x70  Code  Gb  adc.o [1]
HAL_DMA_Abort           0x080009cf   0x32  Code  Gb  stm32f1xx_hal_dma.o [1]
HAL_DMA_Abort_IT        0x08000a01   0xdc  Code  Gb  stm32f1xx_hal_dma.o [1]
HAL_DMA_IRQHandler      0x08000add  0x1b4  Code  Gb  stm32f1xx_hal_dma.o [1]
HAL_DMA_Init            0x080008d5   0x78  Code  Gb  stm32f1xx_hal_dma.o [1]
HAL_DMA_Start_IT        0x0800095b   0x74  Code  Gb  stm32f1xx_hal_dma.o [1]
HAL_Delay               0x08002adb   0x1e  Code  Wk  stm32f1xx_hal.o [1]
HAL_GPIO_Init           0x08001489  0x196  Code  Gb  stm32f1xx_hal_gpio.o [1]
HAL_GPIO_ReadPin        0x0800161f    0xc  Code  Gb  stm32f1xx_hal_gpio.o [1]
HAL_GPIO_WritePin       0x0800162b    0xc  Code  Gb  stm32f1xx_hal_gpio.o [1]
HAL_GetTick             0x08001675    0xc  Code  Wk  stm32f1xx_hal.o [1]
HAL_I2C_Init            0x08002921   0xc8  Code  Gb  stm32f1xx_hal_i2c.o [1]
HAL_I2C_MspInit         0x0800192d   0x3a  Code  Gb  i2c.o [1]
HAL_IncTick             0x08002b91   0x10  Code  Wk  stm32f1xx_hal.o [1]
HAL_Init                0x080016a9   0x20  Code  Gb  stm32f1xx_hal.o [1]
HAL_InitTick            0x08001681   0x28  Code  Wk  stm32f1xx_hal.o [1]
HAL_MspInit             0x08002539   0x8c  Code  Gb  stm32f1xx_hal_msp.o [1]
HAL_NVIC_EnableIRQ      0x08001c33    0xa  Code  Gb  stm32f1xx_hal_cortex.o [1]
HAL_NVIC_SetPriority    0x08001bf9   0x3a  Code  Gb  stm32f1xx_hal_cortex.o [1]
HAL_NVIC_SetPriorityGrouping
                        0x08001bdf   0x1a  Code  Gb  stm32f1xx_hal_cortex.o [1]
HAL_RCCEx_PeriphCLKConfig
                        0x08002451   0xda  Code  Gb  stm32f1xx_hal_rcc_ex.o [1]
HAL_RCC_ClockConfig     0x0800101d  0x10c  Code  Gb  stm32f1xx_hal_rcc.o [1]
HAL_RCC_GetHCLKFreq     0x08001177    0x6  Code  Gb  stm32f1xx_hal_rcc.o [1]
HAL_RCC_GetPCLK1Freq    0x0800117d   0x10  Code  Gb  stm32f1xx_hal_rcc.o [1]
HAL_RCC_GetPCLK2Freq    0x0800118d    0xe  Code  Gb  stm32f1xx_hal_rcc.o [1]
HAL_RCC_GetSysClockFreq
                        0x0800113d   0x3a  Code  Gb  stm32f1xx_hal_rcc.o [1]
HAL_RCC_GetSysClockFreq::aPLLMULFactorTable
                        0x080011cc   0x10  Data  Lc  stm32f1xx_hal_rcc.o [1]
HAL_RCC_GetSysClockFreq::aPredivFactorTable
                        0x080011dc    0x2  Data  Lc  stm32f1xx_hal_rcc.o [1]
HAL_RCC_OscConfig       0x08000d01  0x314  Code  Gb  stm32f1xx_hal_rcc.o [1]
HAL_SPI_Init            0x08002a01   0x82  Code  Gb  stm32f1xx_hal_spi_ex.o [1]
HAL_SPI_MspInit         0x080019fb   0x4e  Code  Gb  spi.o [1]
HAL_SYSTICK_CLKSourceConfig
                        0x08001c6f   0x1a  Code  Gb  stm32f1xx_hal_cortex.o [1]
HAL_SYSTICK_Config      0x08001c47   0x28  Code  Gb  stm32f1xx_hal_cortex.o [1]
HAL_SYSTICK_IRQHandler  0x08001ca1    0x4  Code  Gb  stm32f1xx_hal_cortex.o [1]
HAL_TIMEx_BreakCallback
                        0x08002ad3    0x2  Code  Wk  stm32f1xx_hal_tim_ex.o [1]
HAL_TIMEx_CommutationCallback
                        0x08002ad7    0x2  Code  Wk  stm32f1xx_hal_tim_ex.o [1]
HAL_TIMEx_MasterConfigSynchronization
                        0x08002a85   0x4a  Code  Gb  stm32f1xx_hal_tim_ex.o [1]
HAL_TIM_Base_Init       0x08001ca9   0x1a  Code  Gb  stm32f1xx_hal_tim.o [1]
HAL_TIM_Base_MspInit    0x08001b3f   0x38  Code  Gb  tim.o [1]
HAL_TIM_Base_Start_IT   0x08001cc3   0x16  Code  Gb  stm32f1xx_hal_tim.o [1]
HAL_TIM_ConfigClockSource
                        0x08001e45   0xac  Code  Gb  stm32f1xx_hal_tim.o [1]
HAL_TIM_IRQHandler      0x08001cfd  0x142  Code  Gb  stm32f1xx_hal_tim.o [1]
HAL_TIM_PeriodElapsedCallback
                        0x0800135f  0x10e  Code  Gb  main.o [1]
HAL_UART_DMAStop        0x080002b3   0x48  Code  Gb  stm32f1xx_hal_uart.o [1]
HAL_UART_IRQHandler     0x08000313  0x152  Code  Gb  stm32f1xx_hal_uart.o [1]
HAL_UART_Init           0x08000131   0x1e  Code  Gb  stm32f1xx_hal_uart.o [1]
HAL_UART_MspInit        0x0800072f  0x128  Code  Gb  usart.o [1]
HAL_UART_Receive_DMA    0x08000221   0x92  Code  Gb  stm32f1xx_hal_uart.o [1]
HAL_UART_Transmit_DMA   0x080001a9   0x78  Code  Gb  stm32f1xx_hal_uart.o [1]
HardFault_Handler       0x08002b03    0x2  Code  Gb  stm32f1xx_it.o [1]
MX_ADC1_Init            0x080017c9   0x70  Code  Gb  adc.o [1]
MX_DMA_Init             0x080017a9   0x20  Code  Gb  dma.o [1]
MX_GPIO_Init            0x080016cd   0xc4  Code  Gb  gpio.o [1]
MX_I2C2_Init            0x080018f5   0x38  Code  Gb  i2c.o [1]
MX_SPI1_Init            0x080019b1   0x4a  Code  Gb  spi.o [1]
MX_TIM4_Init            0x08001a8d   0x40  Code  Gb  tim.o [1]
MX_TIM5_Init            0x08001acd   0x42  Code  Gb  tim.o [1]
MX_USART1_UART_Init     0x080006dd   0x16  Code  Gb  usart.o [1]
MX_USART2_UART_Init     0x080006f3   0x16  Code  Gb  usart.o [1]
MemManage_Handler       0x08002b05    0x2  Code  Gb  stm32f1xx_it.o [1]
NMI_Handler             0x08002b01    0x2  Code  Gb  stm32f1xx_it.o [1]
NVIC_SetPriority        0x08001bc1   0x1e  Code  Lc  stm32f1xx_hal_cortex.o [1]
PendSV_Handler          0x08002b0f    0x2  Code  Gb  stm32f1xx_it.o [1]
Region$$Table$$Base     0x08002c90          --   Gb  - Linker created -
Region$$Table$$Limit    0x08002cb4          --   Gb  - Linker created -
SVC_Handler             0x08002b0b    0x2  Code  Gb  stm32f1xx_it.o [1]
SysTick_Handler         0x08002b11    0xe  Code  Gb  stm32f1xx_it.o [1]
SystemClock_Config      0x080012d9   0x86  Code  Gb  main.o [1]
SystemCoreClock         0x20000000    0x4  Data  Gb  system_stm32f1xx.o [1]
SystemInit              0x08002ba1   0x3a  Code  Gb  system_stm32f1xx.o [1]
TIM4_IRQHandler         0x08002b43    0x6  Code  Gb  stm32f1xx_it.o [1]
TIM5_IRQHandler         0x08002b63    0x6  Code  Gb  stm32f1xx_it.o [1]
TIM_Base_SetConfig      0x08001f1b   0x74  Code  Gb  stm32f1xx_hal_tim.o [1]
TIM_ETR_SetConfig       0x08001ffb   0x14  Code  Lc  stm32f1xx_hal_tim.o [1]
TIM_ITRx_SetConfig      0x08001feb   0x10  Code  Lc  stm32f1xx_hal_tim.o [1]
TIM_TI1_ConfigInputStage
                        0x08001fa9   0x1e  Code  Lc  stm32f1xx_hal_tim.o [1]
TIM_TI2_ConfigInputStage
                        0x08001fc7   0x24  Code  Lc  stm32f1xx_hal_tim.o [1]
UART_DMAAbortOnError    0x08000551    0xc  Code  Lc  stm32f1xx_hal_uart.o [1]
UART_DMAError           0x080004d9   0x4a  Code  Lc  stm32f1xx_hal_uart.o [1]
UART_DMAReceiveCplt     0x08000499   0x38  Code  Lc  stm32f1xx_hal_uart.o [1]
UART_DMARxHalfCplt      0x080004d1    0x6  Code  Lc  stm32f1xx_hal_uart.o [1]
UART_DMATransmitCplt    0x08000465   0x2a  Code  Lc  stm32f1xx_hal_uart.o [1]
UART_DMATxHalfCplt      0x08000491    0x6  Code  Lc  stm32f1xx_hal_uart.o [1]
UART_EndRxTransfer      0x08000535   0x1c  Code  Lc  stm32f1xx_hal_uart.o [1]
UART_EndTxTransfer      0x08000523   0x12  Code  Lc  stm32f1xx_hal_uart.o [1]
UART_Receive_IT         0x0800055d   0x96  Code  Lc  stm32f1xx_hal_uart.o [1]
UART_SetConfig          0x080005f3   0xde  Code  Lc  stm32f1xx_hal_uart.o [1]
USART1_IRQHandler       0x08002b49   0x14  Code  Gb  stm32f1xx_it.o [1]
USART2_IRQHandler       0x08002b5d    0x6  Code  Gb  stm32f1xx_it.o [1]
UsageFault_Handler      0x08002b09    0x2  Code  Gb  stm32f1xx_it.o [1]
_Error_Handler          0x08001485    0x2  Code  Gb  main.o [1]
__cmain                 0x08002cb5         Code  Gb  cmain.o [4]
__exit                  0x08002ce9   0x14  Code  Gb  exit.o [5]
__iar_copy_init3        0x08002c3d   0x2c  Code  Gb  copy_init3.o [4]
__iar_data_init3        0x08002c69   0x28  Code  Gb  data_init.o [4]
__iar_program_start     0x08002d0d         Code  Gb  cstartup_M.o [4]
__iar_systems$$module {Abs}
                        0x00000001         Data  Gb  command line/config [2]
__iar_zero_init3        0x08002bfd   0x40  Code  Gb  zero_init3.o [4]
__low_level_init        0x08002cd3    0x4  Code  Gb  low_level_init.o [3]
__vector_table          0x08000000         Data  Gb  startup_stm32f103xe.o [1]
_call_main              0x08002cc1         Code  Gb  cmain.o [4]
_exit                   0x08002cdd         Code  Gb  cexit.o [4]
_main                   0x08002ccf         Code  Gb  cmain.o [4]
exit                    0x08002cd7    0x4  Code  Gb  exit.o [3]
gDriverBoardProtocolCmd
                        0x2000136c   0x18  Data  Gb  main.o [1]
gGentleSensorStatusDetection
                        0x20001354   0x10  Data  Gb  main.o [1]
gHorCurrentReadVal      0x20001367    0x1  Data  Gb  main.o [1]
gHorLastReadVal         0x20001366    0x1  Data  Gb  main.o [1]
gMotorMachine           0x20001340   0x14  Data  Gb  main.o [1]
gTIM5Cnt                0x2000136a    0x2  Data  Gb  main.o [1]
gTIM5CntFlag            0x20001368    0x1  Data  Gb  main.o [1]
gVerCurrentReadVal      0x20001365    0x1  Data  Gb  main.o [1]
gVerLastReadVal         0x20001364    0x1  Data  Gb  main.o [1]
getXORCode              0x080021c5   0x1a  Code  Lc  bsp_protocol.o [1]
hadc1                   0x20001310   0x30  Data  Gb  adc.o [1]
hdma_adc1               0x200011cc   0x44  Data  Gb  adc.o [1]
hdma_usart1_rx          0x20001010   0x44  Data  Gb  usart.o [1]
hdma_usart1_tx          0x20001054   0x44  Data  Gb  usart.o [1]
hdma_usart2_rx          0x20001098   0x44  Data  Gb  usart.o [1]
hdma_usart2_tx          0x200010dc   0x44  Data  Gb  usart.o [1]
hi2c2                   0x20001178   0x54  Data  Gb  i2c.o [1]
hspi1                   0x20001120   0x58  Data  Gb  spi.o [1]
htim4                   0x20001210   0x40  Data  Gb  tim.o [1]
htim5                   0x20001250   0x40  Data  Gb  tim.o [1]
huart1                  0x20001290   0x40  Data  Gb  usart.o [1]
huart2                  0x200012d0   0x40  Data  Gb  usart.o [1]
main                    0x080011e1   0xf8  Code  Gb  main.o [1]
uwTick                  0x2000138c    0x4  Data  Gb  stm32f1xx_hal.o [1]


[1] = F:\Users\Zgeny\Documents\GitHub\BSPv1.4\EWARM\BSPv1.4\Obj
[2] = command line
[3] = dl7M_tlf.a
[4] = rt7M_tl.a
[5] = shb_l.a

  11 708 bytes of readonly  code memory
      48 bytes of readonly  data memory
   6 032 bytes of readwrite data memory

Errors: none
Warnings: none
