###############################################################################
#
# IAR ELF Linker V8.20.2.14835/W32 for ARM                16/Jan/2018  08:35:07
# Copyright 2007-2017 IAR Systems AB.
#
#    Output file  =  
#        E:\Users\Zgeny\Documents\GitHub\BSPv1.4\EWARM\BSPv1.4\Exe\BSPv1.4.out
#    Map file     =  
#        E:\Users\Zgeny\Documents\GitHub\BSPv1.4\EWARM\BSPv1.4\List\BSPv1.4.map
#    Command line =  
#        -f C:\Users\Zgeny\AppData\Local\Temp\EW84F3.tmp
#        (E:\Users\Zgeny\Documents\GitHub\BSPv1.4\EWARM\BSPv1.4\Obj\adc.o
#        E:\Users\Zgeny\Documents\GitHub\BSPv1.4\EWARM\BSPv1.4\Obj\BSP_DAC5571.o
#        E:\Users\Zgeny\Documents\GitHub\BSPv1.4\EWARM\BSPv1.4\Obj\bsp_gentlesensor.o
#        E:\Users\Zgeny\Documents\GitHub\BSPv1.4\EWARM\BSPv1.4\Obj\bsp_led.o
#        E:\Users\Zgeny\Documents\GitHub\BSPv1.4\EWARM\BSPv1.4\Obj\bsp_motor.o
#        E:\Users\Zgeny\Documents\GitHub\BSPv1.4\EWARM\BSPv1.4\Obj\bsp_protocol.o
#        E:\Users\Zgeny\Documents\GitHub\BSPv1.4\EWARM\BSPv1.4\Obj\dma.o
#        E:\Users\Zgeny\Documents\GitHub\BSPv1.4\EWARM\BSPv1.4\Obj\gpio.o
#        E:\Users\Zgeny\Documents\GitHub\BSPv1.4\EWARM\BSPv1.4\Obj\i2c.o
#        E:\Users\Zgeny\Documents\GitHub\BSPv1.4\EWARM\BSPv1.4\Obj\main.o
#        E:\Users\Zgeny\Documents\GitHub\BSPv1.4\EWARM\BSPv1.4\Obj\spi.o
#        E:\Users\Zgeny\Documents\GitHub\BSPv1.4\EWARM\BSPv1.4\Obj\startup_stm32f103xe.o
#        E:\Users\Zgeny\Documents\GitHub\BSPv1.4\EWARM\BSPv1.4\Obj\stm32f1xx_hal.o
#        E:\Users\Zgeny\Documents\GitHub\BSPv1.4\EWARM\BSPv1.4\Obj\stm32f1xx_hal_adc.o
#        E:\Users\Zgeny\Documents\GitHub\BSPv1.4\EWARM\BSPv1.4\Obj\stm32f1xx_hal_adc_ex.o
#        E:\Users\Zgeny\Documents\GitHub\BSPv1.4\EWARM\BSPv1.4\Obj\stm32f1xx_hal_cortex.o
#        E:\Users\Zgeny\Documents\GitHub\BSPv1.4\EWARM\BSPv1.4\Obj\stm32f1xx_hal_dma.o
#        E:\Users\Zgeny\Documents\GitHub\BSPv1.4\EWARM\BSPv1.4\Obj\stm32f1xx_hal_flash.o
#        E:\Users\Zgeny\Documents\GitHub\BSPv1.4\EWARM\BSPv1.4\Obj\stm32f1xx_hal_flash_ex.o
#        E:\Users\Zgeny\Documents\GitHub\BSPv1.4\EWARM\BSPv1.4\Obj\stm32f1xx_hal_gpio.o
#        E:\Users\Zgeny\Documents\GitHub\BSPv1.4\EWARM\BSPv1.4\Obj\stm32f1xx_hal_gpio_ex.o
#        E:\Users\Zgeny\Documents\GitHub\BSPv1.4\EWARM\BSPv1.4\Obj\stm32f1xx_hal_i2c.o
#        E:\Users\Zgeny\Documents\GitHub\BSPv1.4\EWARM\BSPv1.4\Obj\stm32f1xx_hal_msp.o
#        E:\Users\Zgeny\Documents\GitHub\BSPv1.4\EWARM\BSPv1.4\Obj\stm32f1xx_hal_pwr.o
#        E:\Users\Zgeny\Documents\GitHub\BSPv1.4\EWARM\BSPv1.4\Obj\stm32f1xx_hal_rcc.o
#        E:\Users\Zgeny\Documents\GitHub\BSPv1.4\EWARM\BSPv1.4\Obj\stm32f1xx_hal_rcc_ex.o
#        E:\Users\Zgeny\Documents\GitHub\BSPv1.4\EWARM\BSPv1.4\Obj\stm32f1xx_hal_spi.o
#        E:\Users\Zgeny\Documents\GitHub\BSPv1.4\EWARM\BSPv1.4\Obj\stm32f1xx_hal_spi_ex.o
#        E:\Users\Zgeny\Documents\GitHub\BSPv1.4\EWARM\BSPv1.4\Obj\stm32f1xx_hal_tim.o
#        E:\Users\Zgeny\Documents\GitHub\BSPv1.4\EWARM\BSPv1.4\Obj\stm32f1xx_hal_tim_ex.o
#        E:\Users\Zgeny\Documents\GitHub\BSPv1.4\EWARM\BSPv1.4\Obj\stm32f1xx_hal_uart.o
#        E:\Users\Zgeny\Documents\GitHub\BSPv1.4\EWARM\BSPv1.4\Obj\stm32f1xx_it.o
#        E:\Users\Zgeny\Documents\GitHub\BSPv1.4\EWARM\BSPv1.4\Obj\system_stm32f1xx.o
#        E:\Users\Zgeny\Documents\GitHub\BSPv1.4\EWARM\BSPv1.4\Obj\tim.o
#        E:\Users\Zgeny\Documents\GitHub\BSPv1.4\EWARM\BSPv1.4\Obj\usart.o
#        --redirect _Printf=_PrintfFull --redirect _Scanf=_ScanfFull -o
#        E:\Users\Zgeny\Documents\GitHub\BSPv1.4\EWARM\BSPv1.4\Exe\BSPv1.4.out
#        --map
#        E:\Users\Zgeny\Documents\GitHub\BSPv1.4\EWARM\BSPv1.4\List\BSPv1.4.map
#        --config
#        E:\Users\Zgeny\Documents\GitHub\BSPv1.4\EWARM/stm32f103xe_flash.icf
#        --semihosting --entry __iar_program_start --vfe --text_out locale)
#
###############################################################################

*******************************************************************************
*** RUNTIME MODEL ATTRIBUTES
***

CppFlavor       = *
__SystemLibrary = DLib
__dlib_version  = 6


*******************************************************************************
*** HEAP SELECTION
***

The basic heap was selected because no calls to memory allocation
functions were found in the application outside of system library
functions, and there are calls to deallocation functions in the
application.


*******************************************************************************
*** PLACEMENT SUMMARY
***

"A0":  place at 0x08000000 { ro section .intvec };
"P1":  place in [from 0x08000000 to 0x0807ffff] { ro };
define block CSTACK with size = 1K, alignment = 8 { };
define block HEAP with size = 512, alignment = 8 { };
"P2":  place in [from 0x20000000 to 0x2000ffff] {
          rw, block CSTACK, block HEAP };
initialize by copy { rw };

  Section            Kind        Address    Size  Object
  -------            ----        -------    ----  ------
"A0":                                      0x130
  .intvec            ro code  0x08000000   0x130  startup_stm32f103xe.o [1]
                            - 0x08000130   0x130

"P1":                                     0x3e20
  .text              ro code  0x08000130   0xed2  stm32f1xx_hal_i2c.o [1]
  .text              ro code  0x08001004    0xbc  i2c.o [1]
  .text              ro code  0x080010c0   0x4de  stm32f1xx_hal_rcc.o [1]
  .text              ro code  0x080015a0     0xc  stm32f1xx_hal.o [1]
  .text              ro code  0x080015ac     0x2  stm32f1xx_hal_i2c.o [1]
  .text              ro code  0x080015ae     0x2  stm32f1xx_hal_i2c.o [1]
  .text              ro code  0x080015b0     0x2  stm32f1xx_hal_i2c.o [1]
  .text              ro code  0x080015b2     0x2  stm32f1xx_hal_i2c.o [1]
  .text              ro code  0x080015b4     0x2  stm32f1xx_hal_i2c.o [1]
  .text              ro code  0x080015b6     0x2  stm32f1xx_hal_i2c.o [1]
  .text              ro code  0x080015b8     0x2  stm32f1xx_hal_i2c.o [1]
  .text              ro code  0x080015ba     0x2  stm32f1xx_hal_i2c.o [1]
  .text              ro code  0x080015bc   0x422  stm32f1xx_hal_dma.o [1]
  .text              ro code  0x080019de     0x2  stm32f1xx_hal_i2c.o [1]
  .text              ro code  0x080019e0     0x2  stm32f1xx_hal_i2c.o [1]
  .text              ro code  0x080019e4   0x400  main.o [1]
  .text              ro code  0x08001de4   0x1f4  stm32f1xx_hal_gpio.o [1]
  .text              ro code  0x08001fd8    0x28  stm32f1xx_hal.o [1]
  .text              ro code  0x08002000    0x24  stm32f1xx_hal.o [1]
  .text              ro code  0x08002024   0x114  gpio.o [1]
  .text              ro code  0x08002138    0x20  dma.o [1]
  .text              ro code  0x08002158   0x12c  adc.o [1]
  .text              ro code  0x08002284    0xdc  spi.o [1]
  .text              ro code  0x08002360   0x134  tim.o [1]
  .text              ro code  0x08002494   0x1f8  usart.o [1]
  .text              ro code  0x0800268c   0x36c  stm32f1xx_hal_tim.o [1]
  .text              ro code  0x080029f8   0x1bc  bsp_motor.o [1]
  .text              ro code  0x08002bb4   0x2c0  bsp_protocol.o [1]
  .text              ro code  0x08002e74    0x74  bsp_led.o [1]
  .text              ro code  0x08002ee8    0x9a  BSP_DAC5571.o [1]
  .text              ro code  0x08002f84    0xe8  stm32f1xx_hal_rcc_ex.o [1]
  .text              ro code  0x0800306c    0xe6  stm32f1xx_hal_cortex.o [1]
  .text              ro code  0x08003154    0x8c  stm32f1xx_hal_msp.o [1]
  .text              ro code  0x080031e0   0x35c  stm32f1xx_hal_adc.o [1]
  .text              ro code  0x0800353c    0x82  stm32f1xx_hal_spi_ex.o [1]
  .text              ro code  0x080035c0    0x4a  stm32f1xx_hal_tim_ex.o [1]
  .text              ro code  0x0800360c   0x618  stm32f1xx_hal_uart.o [1]
  .text              ro code  0x08003c24     0x2  stm32f1xx_hal_tim.o [1]
  .text              ro code  0x08003c26     0x2  stm32f1xx_hal_tim.o [1]
  .text              ro code  0x08003c28     0x2  stm32f1xx_hal_tim_ex.o [1]
  .text              ro code  0x08003c2a     0x2  stm32f1xx_hal_tim.o [1]
  .text              ro code  0x08003c2c     0x2  stm32f1xx_hal_tim_ex.o [1]
  .text              ro code  0x08003c2e     0x2  stm32f1xx_hal_tim.o [1]
  .text              ro code  0x08003c30    0x1e  stm32f1xx_hal.o [1]
  .text              ro code  0x08003c4e     0x2  stm32f1xx_hal_adc.o [1]
  .text              ro code  0x08003c50     0x2  stm32f1xx_hal_adc_ex.o [1]
  .text              ro code  0x08003c52     0x2  stm32f1xx_hal_adc.o [1]
  .text              ro code  0x08003c54     0x2  stm32f1xx_hal_uart.o [1]
  .text              ro code  0x08003c56     0x2  stm32f1xx_hal_uart.o [1]
  .text              ro code  0x08003c58     0x2  stm32f1xx_hal_uart.o [1]
  .text              ro code  0x08003c5a     0x2  stm32f1xx_hal_uart.o [1]
  .text              ro code  0x08003c5c    0xa0  stm32f1xx_it.o [1]
  .text              ro code  0x08003cfc    0x10  stm32f1xx_hal.o [1]
  .text              ro code  0x08003d0c    0x5c  system_stm32f1xx.o [1]
  .text              ro code  0x08003d68    0x40  zero_init3.o [4]
  .text              ro code  0x08003da8    0x2c  copy_init3.o [4]
  .text              ro code  0x08003dd4    0x28  data_init.o [4]
  .iar.init_table    const    0x08003dfc    0x24  - Linker created -
  .text              ro code  0x08003e20    0x1e  cmain.o [4]
  .text              ro code  0x08003e3e     0x4  low_level_init.o [3]
  .text              ro code  0x08003e42     0x4  exit.o [3]
  .text              ro code  0x08003e48     0xa  cexit.o [4]
  .text              ro code  0x08003e54    0x14  exit.o [5]
  .text              ro code  0x08003e68    0x10  startup_stm32f103xe.o [1]
  .text              ro code  0x08003e78     0xc  cstartup_M.o [4]
  .rodata            const    0x08003e84     0x8  system_stm32f1xx.o [1]
  .text              ro code  0x08003e8c     0x4  startup_stm32f103xe.o [1]
  .text              ro code  0x08003e90     0x4  startup_stm32f103xe.o [1]
  .text              ro code  0x08003e94     0x4  startup_stm32f103xe.o [1]
  .text              ro code  0x08003e98     0x4  startup_stm32f103xe.o [1]
  .text              ro code  0x08003e9c     0x4  startup_stm32f103xe.o [1]
  .text              ro code  0x08003ea0     0x4  startup_stm32f103xe.o [1]
  .text              ro code  0x08003ea4     0x4  startup_stm32f103xe.o [1]
  .text              ro code  0x08003ea8     0x4  startup_stm32f103xe.o [1]
  .text              ro code  0x08003eac     0x4  startup_stm32f103xe.o [1]
  .text              ro code  0x08003eb0     0x4  startup_stm32f103xe.o [1]
  .text              ro code  0x08003eb4     0x4  startup_stm32f103xe.o [1]
  .text              ro code  0x08003eb8     0x4  startup_stm32f103xe.o [1]
  .text              ro code  0x08003ebc     0x4  startup_stm32f103xe.o [1]
  .text              ro code  0x08003ec0     0x4  startup_stm32f103xe.o [1]
  .text              ro code  0x08003ec4     0x4  startup_stm32f103xe.o [1]
  .text              ro code  0x08003ec8     0x4  startup_stm32f103xe.o [1]
  .text              ro code  0x08003ecc     0x4  startup_stm32f103xe.o [1]
  .text              ro code  0x08003ed0     0x4  startup_stm32f103xe.o [1]
  .text              ro code  0x08003ed4     0x4  startup_stm32f103xe.o [1]
  .text              ro code  0x08003ed8     0x4  startup_stm32f103xe.o [1]
  .text              ro code  0x08003edc     0x4  startup_stm32f103xe.o [1]
  .text              ro code  0x08003ee0     0x4  startup_stm32f103xe.o [1]
  .text              ro code  0x08003ee4     0x4  startup_stm32f103xe.o [1]
  .text              ro code  0x08003ee8     0x4  startup_stm32f103xe.o [1]
  .text              ro code  0x08003eec     0x4  startup_stm32f103xe.o [1]
  .text              ro code  0x08003ef0     0x4  startup_stm32f103xe.o [1]
  .text              ro code  0x08003ef4     0x4  startup_stm32f103xe.o [1]
  .text              ro code  0x08003ef8     0x4  startup_stm32f103xe.o [1]
  .text              ro code  0x08003efc     0x4  startup_stm32f103xe.o [1]
  .text              ro code  0x08003f00     0x4  startup_stm32f103xe.o [1]
  .text              ro code  0x08003f04     0x4  startup_stm32f103xe.o [1]
  .text              ro code  0x08003f08     0x4  startup_stm32f103xe.o [1]
  .text              ro code  0x08003f0c     0x4  startup_stm32f103xe.o [1]
  .text              ro code  0x08003f10     0x4  startup_stm32f103xe.o [1]
  .text              ro code  0x08003f14     0x4  startup_stm32f103xe.o [1]
  .text              ro code  0x08003f18     0x4  startup_stm32f103xe.o [1]
  .text              ro code  0x08003f1c     0x4  startup_stm32f103xe.o [1]
  .text              ro code  0x08003f20     0x4  startup_stm32f103xe.o [1]
  .text              ro code  0x08003f24     0x4  startup_stm32f103xe.o [1]
  .text              ro code  0x08003f28     0x4  startup_stm32f103xe.o [1]
  .text              ro code  0x08003f2c     0x4  startup_stm32f103xe.o [1]
  .text              ro code  0x08003f30     0x4  startup_stm32f103xe.o [1]
  .text              ro code  0x08003f34     0x4  startup_stm32f103xe.o [1]
  .text              ro code  0x08003f38     0x4  startup_stm32f103xe.o [1]
  .text              ro code  0x08003f3c     0x4  startup_stm32f103xe.o [1]
  .text              ro code  0x08003f40     0x4  startup_stm32f103xe.o [1]
  .text              ro code  0x08003f44     0x4  startup_stm32f103xe.o [1]
  .text              ro code  0x08003f48     0x4  startup_stm32f103xe.o [1]
  Initializer bytes  const    0x08003f4c     0x4  <for P2-1>
  .rodata            const    0x08003f50     0x0  zero_init3.o [4]
  .rodata            const    0x08003f50     0x0  copy_init3.o [4]
                            - 0x08003f50  0x3e20

"P2", part 1 of 3:                           0x4
  P2-1                        0x20000000     0x4  <Init block>
    .data            inited   0x20000000     0x4  system_stm32f1xx.o [1]
                            - 0x20000004     0x4

"P2", part 2 of 3:                        0x13bc
  .bss               zero     0x20000004   0x808  bsp_protocol.o [1]
  .bss               zero     0x2000080c   0x804  bsp_protocol.o [1]
  .bss               zero     0x20001010   0x110  usart.o [1]
  .bss               zero     0x20001120    0x58  spi.o [1]
  .bss               zero     0x20001178    0x54  i2c.o [1]
  .bss               zero     0x200011cc    0x44  adc.o [1]
  .bss               zero     0x20001210    0x40  tim.o [1]
  .bss               zero     0x20001250    0x40  tim.o [1]
  .bss               zero     0x20001290    0x40  usart.o [1]
  .bss               zero     0x200012d0    0x40  usart.o [1]
  .bss               zero     0x20001310    0x30  adc.o [1]
  .bss               zero     0x20001340    0x2c  main.o [1]
  .bss               zero     0x2000136c    0x20  main.o [1]
  .bss               zero     0x2000138c    0x14  main.o [1]
  .bss               zero     0x200013a0    0x10  main.o [1]
  .bss               zero     0x200013b0     0x8  bsp_protocol.o [1]
  .bss               zero     0x200013b8     0x4  stm32f1xx_hal.o [1]
  .bss               zero     0x200013bc     0x2  BSP_DAC5571.o [1]
                            - 0x200013be  0x13ba

"P2", part 3 of 3:                         0x400
  CSTACK                      0x200013c0   0x400  <Block>
    CSTACK           uninit   0x200013c0   0x400  <Block tail>
                            - 0x200017c0   0x400


*******************************************************************************
*** INIT TABLE
***

          Address     Size
          -------     ----
Zero (__iar_zero_init3)
    1 destination range, total size 0x13ba:
          0x20000004  0x13ba

Copy (__iar_copy_init3)
    1 source range, total size 0x4:
          0x08003f4c     0x4
    1 destination range, total size 0x4:
          0x20000000     0x4



*******************************************************************************
*** MODULE SUMMARY
***

    Module                  ro code  ro data  rw data
    ------                  -------  -------  -------
E:\Users\Zgeny\Documents\GitHub\BSPv1.4\EWARM\BSPv1.4\Obj: [1]
    BSP_DAC5571.o               154                 2
    adc.o                       300               116
    bsp_led.o                   116
    bsp_motor.o                 444
    bsp_protocol.o              704             4 116
    dma.o                        32
    gpio.o                      276
    i2c.o                       188                84
    main.o                    1 024               112
    spi.o                       220                88
    startup_stm32f103xe.o       512
    stm32f1xx_hal.o             134                 4
    stm32f1xx_hal_adc.o         864
    stm32f1xx_hal_adc_ex.o        2
    stm32f1xx_hal_cortex.o      230
    stm32f1xx_hal_dma.o       1 058
    stm32f1xx_hal_gpio.o        500
    stm32f1xx_hal_i2c.o       3 814
    stm32f1xx_hal_msp.o         140
    stm32f1xx_hal_rcc.o       1 246
    stm32f1xx_hal_rcc_ex.o      232
    stm32f1xx_hal_spi_ex.o      130
    stm32f1xx_hal_tim.o         884
    stm32f1xx_hal_tim_ex.o       78
    stm32f1xx_hal_uart.o      1 568
    stm32f1xx_it.o              160
    system_stm32f1xx.o           92       12        4
    tim.o                       308               128
    usart.o                     504               400
    -------------------------------------------------
    Total:                   15 914       12    5 054

command line: [2]
    -------------------------------------------------
    Total:

dl7M_tlf.a: [3]
    exit.o                        4
    low_level_init.o              4
    -------------------------------------------------
    Total:                        8

rt7M_tl.a: [4]
    cexit.o                      10
    cmain.o                      30
    copy_init3.o                 44
    cstartup_M.o                 12
    data_init.o                  40
    zero_init3.o                 64
    -------------------------------------------------
    Total:                      200

shb_l.a: [5]
    exit.o                       20
    -------------------------------------------------
    Total:                       20

    Gaps                         18
    Linker created                        36    1 024
-----------------------------------------------------
    Grand Total:             16 160       48    6 078


*******************************************************************************
*** ENTRY LIST
***

Entry                      Address   Size  Type      Object
-----                      -------   ----  ----      ------
.iar.init_table$$Base   0x08003dfc          --   Gb  - Linker created -
.iar.init_table$$Limit  0x08003e20          --   Gb  - Linker created -
?main                   0x08003e21         Code  Gb  cmain.o [4]
ADC1_2_IRQHandler       0x08003c99    0x6  Code  Gb  stm32f1xx_it.o [1]
ADC_ConversionStop_Disable
                        0x080034f9   0x44  Code  Gb  stm32f1xx_hal_adc.o [1]
AHBPrescTable           0x08003d58   0x10  Data  Gb  system_stm32f1xx.o [1]
APBPrescTable           0x08003e84    0x8  Data  Gb  system_stm32f1xx.o [1]
AckCmdBuffer            0x200013b0    0x8  Data  Gb  bsp_protocol.o [1]
BSP_AckRequestCmdFromDriverBoard
                        0x08002c87   0x28  Code  Gb  bsp_protocol.o [1]
BSP_DAC5571_Check       0x08002f23   0x4c  Code  Gb  BSP_DAC5571.o [1]
BSP_DAC5571_Init        0x08002ee9   0x18  Code  Gb  BSP_DAC5571.o [1]
BSP_DAC5571_WriteValue  0x08002f01   0x1a  Code  Gb  BSP_DAC5571.o [1]
BSP_DriverBoardProtocolInit
                        0x08002c1b   0x36  Code  Gb  bsp_protocol.o [1]
BSP_DriverBoardUsartReceive_IDLE
                        0x08002bcf   0x4c  Code  Gb  bsp_protocol.o [1]
BSP_HandingCmdFromDriverBoard
                        0x08002df3   0x5c  Code  Gb  bsp_protocol.o [1]
BSP_HandingUartDataFromDriverBoard
                        0x08002caf  0x13e  Code  Gb  bsp_protocol.o [1]
BSP_LEDCheck            0x08002e83   0x56  Code  Gb  bsp_led.o [1]
BSP_MotorAction         0x08002b79   0x24  Code  Gb  bsp_motor.o [1]
BSP_MotorCheck          0x08002abb   0xbe  Code  Gb  bsp_motor.o [1]
BSP_MotorInit           0x080029f9   0x38  Code  Gb  bsp_motor.o [1]
BSP_MotorRun            0x08002a4f   0x30  Code  Gb  bsp_motor.o [1]
BSP_MotorStop           0x08002a9d   0x14  Code  Gb  bsp_motor.o [1]
BSP_RUNNINGLED_ON       0x08002e75    0x4  Code  Gb  bsp_led.o [1]
BSP_SendDataToDriverBoard
                        0x08002c51   0x36  Code  Gb  bsp_protocol.o [1]
BusFault_Handler        0x08003c63    0x2  Code  Gb  stm32f1xx_it.o [1]
CSTACK$$Base            0x200013c0          --   Gb  - Linker created -
CSTACK$$Limit           0x200017c0          --   Gb  - Linker created -
DMA1_Channel1_IRQHandler
                        0x08003c7b    0x6  Code  Gb  stm32f1xx_it.o [1]
DMA1_Channel4_IRQHandler
                        0x08003c81    0x6  Code  Gb  stm32f1xx_it.o [1]
DMA1_Channel5_IRQHandler
                        0x08003c87    0x6  Code  Gb  stm32f1xx_it.o [1]
DMA1_Channel6_IRQHandler
                        0x08003c8d    0x6  Code  Gb  stm32f1xx_it.o [1]
DMA1_Channel7_IRQHandler
                        0x08003c93    0x6  Code  Gb  stm32f1xx_it.o [1]
DMA_SetConfig           0x080019bd   0x22  Code  Lc  stm32f1xx_hal_dma.o [1]
DebugMon_Handler        0x08003c69    0x2  Code  Gb  stm32f1xx_it.o [1]
DriverBoardCmdBuffer    0x20000004  0x808  Data  Gb  bsp_protocol.o [1]
DriverBoardUsartType    0x2000080c  0x804  Data  Gb  bsp_protocol.o [1]
HAL_ADCEx_InjectedConvCpltCallback
                        0x08003c51    0x2  Code  Wk  stm32f1xx_hal_adc_ex.o [1]
HAL_ADC_ConfigChannel   0x080033e1   0xe4  Code  Gb  stm32f1xx_hal_adc.o [1]
HAL_ADC_IRQHandler      0x080032f1   0xd8  Code  Gb  stm32f1xx_hal_adc.o [1]
HAL_ADC_Init            0x080031e1  0x110  Code  Gb  stm32f1xx_hal_adc.o [1]
HAL_ADC_MspInit         0x080021c9   0x70  Code  Gb  adc.o [1]
HAL_DMA_Abort           0x080016b7   0x32  Code  Gb  stm32f1xx_hal_dma.o [1]
HAL_DMA_Abort_IT        0x080016e9   0xdc  Code  Gb  stm32f1xx_hal_dma.o [1]
HAL_DMA_IRQHandler      0x080017c5  0x1b4  Code  Gb  stm32f1xx_hal_dma.o [1]
HAL_DMA_Init            0x080015bd   0x78  Code  Gb  stm32f1xx_hal_dma.o [1]
HAL_DMA_Start_IT        0x08001643   0x74  Code  Gb  stm32f1xx_hal_dma.o [1]
HAL_Delay               0x08003c31   0x1e  Code  Wk  stm32f1xx_hal.o [1]
HAL_GPIO_Init           0x08001de5  0x196  Code  Gb  stm32f1xx_hal_gpio.o [1]
HAL_GPIO_ReadPin        0x08001f7b    0xc  Code  Gb  stm32f1xx_hal_gpio.o [1]
HAL_GPIO_TogglePin      0x08001f93    0x8  Code  Gb  stm32f1xx_hal_gpio.o [1]
HAL_GPIO_WritePin       0x08001f87    0xc  Code  Gb  stm32f1xx_hal_gpio.o [1]
HAL_GetTick             0x080015a1    0xc  Code  Wk  stm32f1xx_hal.o [1]
HAL_I2C_ER_IRQHandler   0x080005e1   0xc0  Code  Gb  stm32f1xx_hal_i2c.o [1]
HAL_I2C_EV_IRQHandler   0x080003af  0x20e  Code  Gb  stm32f1xx_hal_i2c.o [1]
HAL_I2C_Init            0x08000131   0xc8  Code  Gb  stm32f1xx_hal_i2c.o [1]
HAL_I2C_Master_Transmit
                        0x08000209   0xa2  Code  Gb  stm32f1xx_hal_i2c.o [1]
HAL_I2C_MspInit         0x0800103d   0x3a  Code  Gb  i2c.o [1]
HAL_IncTick             0x08003cfd   0x10  Code  Wk  stm32f1xx_hal.o [1]
HAL_Init                0x08002001   0x20  Code  Gb  stm32f1xx_hal.o [1]
HAL_InitTick            0x08001fd9   0x28  Code  Wk  stm32f1xx_hal.o [1]
HAL_MspInit             0x08003155   0x8c  Code  Gb  stm32f1xx_hal_msp.o [1]
HAL_NVIC_EnableIRQ      0x080030df    0xa  Code  Gb  stm32f1xx_hal_cortex.o [1]
HAL_NVIC_SetPriority    0x080030a5   0x3a  Code  Gb  stm32f1xx_hal_cortex.o [1]
HAL_NVIC_SetPriorityGrouping
                        0x0800308b   0x1a  Code  Gb  stm32f1xx_hal_cortex.o [1]
HAL_RCCEx_PeriphCLKConfig
                        0x08002f85   0xda  Code  Gb  stm32f1xx_hal_rcc_ex.o [1]
HAL_RCC_ClockConfig     0x080013dd  0x10c  Code  Gb  stm32f1xx_hal_rcc.o [1]
HAL_RCC_GetHCLKFreq     0x08001537    0x6  Code  Gb  stm32f1xx_hal_rcc.o [1]
HAL_RCC_GetPCLK1Freq    0x0800153d   0x10  Code  Gb  stm32f1xx_hal_rcc.o [1]
HAL_RCC_GetPCLK2Freq    0x0800154d    0xe  Code  Gb  stm32f1xx_hal_rcc.o [1]
HAL_RCC_GetSysClockFreq
                        0x080014fd   0x3a  Code  Gb  stm32f1xx_hal_rcc.o [1]
HAL_RCC_GetSysClockFreq::aPLLMULFactorTable
                        0x0800158c   0x10  Data  Lc  stm32f1xx_hal_rcc.o [1]
HAL_RCC_GetSysClockFreq::aPredivFactorTable
                        0x0800159c    0x2  Data  Lc  stm32f1xx_hal_rcc.o [1]
HAL_RCC_OscConfig       0x080010c1  0x314  Code  Gb  stm32f1xx_hal_rcc.o [1]
HAL_SPI_Init            0x0800353d   0x82  Code  Gb  stm32f1xx_hal_spi_ex.o [1]
HAL_SPI_MspInit         0x080022cf   0x4e  Code  Gb  spi.o [1]
HAL_SYSTICK_CLKSourceConfig
                        0x0800311b   0x1a  Code  Gb  stm32f1xx_hal_cortex.o [1]
HAL_SYSTICK_Config      0x080030f3   0x28  Code  Gb  stm32f1xx_hal_cortex.o [1]
HAL_SYSTICK_IRQHandler  0x0800314d    0x4  Code  Gb  stm32f1xx_hal_cortex.o [1]
HAL_TIMEx_BreakCallback
                        0x08003c29    0x2  Code  Wk  stm32f1xx_hal_tim_ex.o [1]
HAL_TIMEx_CommutationCallback
                        0x08003c2d    0x2  Code  Wk  stm32f1xx_hal_tim_ex.o [1]
HAL_TIMEx_MasterConfigSynchronization
                        0x080035c1   0x4a  Code  Gb  stm32f1xx_hal_tim_ex.o [1]
HAL_TIM_Base_Init       0x0800268d   0x1a  Code  Gb  stm32f1xx_hal_tim.o [1]
HAL_TIM_Base_MspInit    0x08002413   0x38  Code  Gb  tim.o [1]
HAL_TIM_Base_Start_IT   0x080026a7   0x16  Code  Gb  stm32f1xx_hal_tim.o [1]
HAL_TIM_ConfigClockSource
                        0x08002829   0xac  Code  Gb  stm32f1xx_hal_tim.o [1]
HAL_TIM_IRQHandler      0x080026e1  0x142  Code  Gb  stm32f1xx_hal_tim.o [1]
HAL_TIM_PeriodElapsedCallback
                        0x08001be1  0x1d8  Code  Gb  main.o [1]
HAL_UART_DMAStop        0x080037c9   0x48  Code  Gb  stm32f1xx_hal_uart.o [1]
HAL_UART_IRQHandler     0x08003829  0x152  Code  Gb  stm32f1xx_hal_uart.o [1]
HAL_UART_Init           0x0800360d   0x1e  Code  Gb  stm32f1xx_hal_uart.o [1]
HAL_UART_MspInit        0x080024e7  0x128  Code  Gb  usart.o [1]
HAL_UART_Receive_DMA    0x08003737   0x92  Code  Gb  stm32f1xx_hal_uart.o [1]
HAL_UART_Transmit       0x08003685   0xaa  Code  Gb  stm32f1xx_hal_uart.o [1]
HardFault_Handler       0x08003c5f    0x2  Code  Gb  stm32f1xx_it.o [1]
I2C2_ER_IRQHandler      0x08003cab    0x6  Code  Gb  stm32f1xx_it.o [1]
I2C2_EV_IRQHandler      0x08003ca5    0x6  Code  Gb  stm32f1xx_it.o [1]
I2C_DMAAbort            0x08000e0d   0x50  Code  Lc  stm32f1xx_hal_i2c.o [1]
I2C_ITError             0x08000c29   0xde  Code  Lc  stm32f1xx_hal_i2c.o [1]
I2C_IsAcknowledgeFailed
                        0x08000fdb   0x28  Code  Lc  stm32f1xx_hal_i2c.o [1]
I2C_MasterReceive_BTF   0x080008b7   0x90  Code  Lc  stm32f1xx_hal_i2c.o [1]
I2C_MasterReceive_RXNE  0x08000803   0x9c  Code  Lc  stm32f1xx_hal_i2c.o [1]
I2C_MasterRequestWrite  0x08000d35   0x7a  Code  Lc  stm32f1xx_hal_i2c.o [1]
I2C_MasterTransmit_BTF  0x08000769   0x48  Code  Lc  stm32f1xx_hal_i2c.o [1]
I2C_MasterTransmit_TXE  0x080006a1   0xc8  Code  Lc  stm32f1xx_hal_i2c.o [1]
I2C_Master_ADDR         0x0800096d  0x12c  Code  Lc  stm32f1xx_hal_i2c.o [1]
I2C_Slave_AF            0x08000bb1   0x78  Code  Lc  stm32f1xx_hal_i2c.o [1]
I2C_Slave_STOPF         0x08000ad5   0xd6  Code  Lc  stm32f1xx_hal_i2c.o [1]
I2C_WaitOnBTFFlagUntilTimeout
                        0x08000f7f   0x34  Code  Lc  stm32f1xx_hal_i2c.o [1]
I2C_WaitOnFlagUntilTimeout
                        0x08000e5d   0x6c  Code  Lc  stm32f1xx_hal_i2c.o [1]
I2C_WaitOnMasterAddressFlagUntilTimeout
                        0x08000ec9   0x82  Code  Lc  stm32f1xx_hal_i2c.o [1]
I2C_WaitOnTXEFlagUntilTimeout
                        0x08000f4b   0x34  Code  Lc  stm32f1xx_hal_i2c.o [1]
MX_ADC1_Init            0x08002159   0x70  Code  Gb  adc.o [1]
MX_DMA_Init             0x08002139   0x20  Code  Gb  dma.o [1]
MX_GPIO_Init            0x08002025   0xea  Code  Gb  gpio.o [1]
MX_I2C2_Init            0x08001005   0x38  Code  Gb  i2c.o [1]
MX_NVIC_Init            0x08001b1b   0xc6  Code  Lc  main.o [1]
MX_SPI1_Init            0x08002285   0x4a  Code  Gb  spi.o [1]
MX_TIM4_Init            0x08002361   0x40  Code  Gb  tim.o [1]
MX_TIM5_Init            0x080023a1   0x42  Code  Gb  tim.o [1]
MX_USART1_UART_Init     0x08002495   0x16  Code  Gb  usart.o [1]
MX_USART2_UART_Init     0x080024ab   0x16  Code  Gb  usart.o [1]
MemManage_Handler       0x08003c61    0x2  Code  Gb  stm32f1xx_it.o [1]
NMI_Handler             0x08003c5d    0x2  Code  Gb  stm32f1xx_it.o [1]
NVIC_SetPriority        0x0800306d   0x1e  Code  Lc  stm32f1xx_hal_cortex.o [1]
PendSV_Handler          0x08003c6b    0x2  Code  Gb  stm32f1xx_it.o [1]
Region$$Table$$Base     0x08003dfc          --   Gb  - Linker created -
Region$$Table$$Limit    0x08003e20          --   Gb  - Linker created -
SVC_Handler             0x08003c67    0x2  Code  Gb  stm32f1xx_it.o [1]
SysTick_Handler         0x08003c6d    0xe  Code  Gb  stm32f1xx_it.o [1]
SystemClock_Config      0x08001a95   0x86  Code  Gb  main.o [1]
SystemCoreClock         0x20000000    0x4  Data  Gb  system_stm32f1xx.o [1]
SystemInit              0x08003d0d   0x3a  Code  Gb  system_stm32f1xx.o [1]
TIM4_IRQHandler         0x08003c9f    0x6  Code  Gb  stm32f1xx_it.o [1]
TIM5_IRQHandler         0x08003ccb    0x6  Code  Gb  stm32f1xx_it.o [1]
TIM_Base_SetConfig      0x080028ff   0x74  Code  Gb  stm32f1xx_hal_tim.o [1]
TIM_ETR_SetConfig       0x080029df   0x14  Code  Lc  stm32f1xx_hal_tim.o [1]
TIM_ITRx_SetConfig      0x080029cf   0x10  Code  Lc  stm32f1xx_hal_tim.o [1]
TIM_TI1_ConfigInputStage
                        0x0800298d   0x1e  Code  Lc  stm32f1xx_hal_tim.o [1]
TIM_TI2_ConfigInputStage
                        0x080029ab   0x24  Code  Lc  stm32f1xx_hal_tim.o [1]
UART_DMAAbortOnError    0x08003a99    0xc  Code  Lc  stm32f1xx_hal_uart.o [1]
UART_DMAError           0x080039bd   0x4a  Code  Lc  stm32f1xx_hal_uart.o [1]
UART_DMAReceiveCplt     0x0800397d   0x38  Code  Lc  stm32f1xx_hal_uart.o [1]
UART_DMARxHalfCplt      0x080039b5    0x6  Code  Lc  stm32f1xx_hal_uart.o [1]
UART_EndRxTransfer      0x08003a7d   0x1c  Code  Lc  stm32f1xx_hal_uart.o [1]
UART_EndTxTransfer      0x08003a6b   0x12  Code  Lc  stm32f1xx_hal_uart.o [1]
UART_Receive_IT         0x08003aa5   0x96  Code  Lc  stm32f1xx_hal_uart.o [1]
UART_SetConfig          0x08003b3b   0xde  Code  Lc  stm32f1xx_hal_uart.o [1]
UART_WaitOnFlagUntilTimeout
                        0x08003a07   0x56  Code  Lc  stm32f1xx_hal_uart.o [1]
USART1_IRQHandler       0x08003cb1   0x14  Code  Gb  stm32f1xx_it.o [1]
USART2_IRQHandler       0x08003cc5    0x6  Code  Gb  stm32f1xx_it.o [1]
UsageFault_Handler      0x08003c65    0x2  Code  Gb  stm32f1xx_it.o [1]
_Error_Handler          0x08001de3    0x2  Code  Gb  main.o [1]
__cmain                 0x08003e21         Code  Gb  cmain.o [4]
__exit                  0x08003e55   0x14  Code  Gb  exit.o [5]
__iar_copy_init3        0x08003da9   0x2c  Code  Gb  copy_init3.o [4]
__iar_data_init3        0x08003dd5   0x28  Code  Gb  data_init.o [4]
__iar_program_start     0x08003e79         Code  Gb  cstartup_M.o [4]
__iar_systems$$module {Abs}
                        0x00000001         Data  Gb  command line/config [2]
__iar_zero_init3        0x08003d69   0x40  Code  Gb  zero_init3.o [4]
__low_level_init        0x08003e3f    0x4  Code  Gb  low_level_init.o [3]
__vector_table          0x08000000         Data  Gb  startup_stm32f103xe.o [1]
_call_main              0x08003e2d         Code  Gb  cmain.o [4]
_exit                   0x08003e49         Code  Gb  cexit.o [4]
_main                   0x08003e3b         Code  Gb  cmain.o [4]
exit                    0x08003e43    0x4  Code  Gb  exit.o [3]
gComingCarFlag          0x2000137d    0x1  Data  Gb  main.o [1]
gCtrlSpeedCnt           0x20001384    0x2  Data  Gb  main.o [1]
gCtrlSpeedTimCnt        0x2000137c    0x1  Data  Gb  main.o [1]
gCtrlSpeedTimFlag       0x20001350    0x1  Data  Gb  main.o [1]
gDriverBoardProtocolCmd
                        0x20001354   0x18  Data  Gb  main.o [1]
gGentleSensorStatusDetection
                        0x2000136c   0x10  Data  Gb  main.o [1]
gHorCurrentReadVal      0x20001381    0x1  Data  Gb  main.o [1]
gHorLastReadVal         0x20001380    0x1  Data  Gb  main.o [1]
gMCUAIRInputStatusGpio  0x200013a0   0x10  Data  Gb  main.o [1]
gMotorMachine           0x2000138c   0x14  Data  Gb  main.o [1]
gRadarInputStatusGpio   0x20001340   0x10  Data  Gb  main.o [1]
gTIM5Cnt                0x20001386    0x2  Data  Gb  main.o [1]
gTIM5CntFlag            0x20001382    0x1  Data  Gb  main.o [1]
gTIM5LedFlag            0x20001351    0x1  Data  Gb  main.o [1]
gVerCurrentReadVal      0x2000137f    0x1  Data  Gb  main.o [1]
gVerLastReadVal         0x2000137e    0x1  Data  Gb  main.o [1]
gWaitCnt                0x20001388    0x4  Data  Gb  main.o [1]
getXORCode              0x08002bb5   0x1a  Code  Lc  bsp_protocol.o [1]
hadc1                   0x20001310   0x30  Data  Gb  adc.o [1]
hdma_adc1               0x200011cc   0x44  Data  Gb  adc.o [1]
hdma_usart1_rx          0x20001010   0x44  Data  Gb  usart.o [1]
hdma_usart1_tx          0x20001054   0x44  Data  Gb  usart.o [1]
hdma_usart2_rx          0x20001098   0x44  Data  Gb  usart.o [1]
hdma_usart2_tx          0x200010dc   0x44  Data  Gb  usart.o [1]
hi2c2                   0x20001178   0x54  Data  Gb  i2c.o [1]
hspi1                   0x20001120   0x58  Data  Gb  spi.o [1]
htim4                   0x20001210   0x40  Data  Gb  tim.o [1]
htim5                   0x20001250   0x40  Data  Gb  tim.o [1]
huart1                  0x20001290   0x40  Data  Gb  usart.o [1]
huart2                  0x200012d0   0x40  Data  Gb  usart.o [1]
main                    0x080019e5   0xb0  Code  Gb  main.o [1]
uwTick                  0x200013b8    0x4  Data  Gb  stm32f1xx_hal.o [1]
writebuffer             0x200013bc    0x2  Data  Lc  BSP_DAC5571.o [1]


[1] = E:\Users\Zgeny\Documents\GitHub\BSPv1.4\EWARM\BSPv1.4\Obj
[2] = command line
[3] = dl7M_tlf.a
[4] = rt7M_tl.a
[5] = shb_l.a

  16 160 bytes of readonly  code memory
      48 bytes of readonly  data memory
   6 078 bytes of readwrite data memory

Errors: none
Warnings: none
