###############################################################################
#
# IAR ELF Linker V8.20.1.14183/W32 for ARM                15/Jan/2018  18:08:10
# Copyright 2007-2017 IAR Systems AB.
#
#    Output file  =  
#        E:\Users\bertz\Documents\GitHub\BSPv1.4\EWARM\BSPv1.4\Exe\BSPv1.4.out
#    Map file     =  
#        E:\Users\bertz\Documents\GitHub\BSPv1.4\EWARM\BSPv1.4\List\BSPv1.4.map
#    Command line =  
#        -f C:\Users\bertz\AppData\Local\Temp\EW1805.tmp
#        (E:\Users\bertz\Documents\GitHub\BSPv1.4\EWARM\BSPv1.4\Obj\adc.o
#        E:\Users\bertz\Documents\GitHub\BSPv1.4\EWARM\BSPv1.4\Obj\BSP_DAC5571.o
#        E:\Users\bertz\Documents\GitHub\BSPv1.4\EWARM\BSPv1.4\Obj\bsp_gentlesensor.o
#        E:\Users\bertz\Documents\GitHub\BSPv1.4\EWARM\BSPv1.4\Obj\bsp_led.o
#        E:\Users\bertz\Documents\GitHub\BSPv1.4\EWARM\BSPv1.4\Obj\bsp_motor.o
#        E:\Users\bertz\Documents\GitHub\BSPv1.4\EWARM\BSPv1.4\Obj\bsp_protocol.o
#        E:\Users\bertz\Documents\GitHub\BSPv1.4\EWARM\BSPv1.4\Obj\dma.o
#        E:\Users\bertz\Documents\GitHub\BSPv1.4\EWARM\BSPv1.4\Obj\gpio.o
#        E:\Users\bertz\Documents\GitHub\BSPv1.4\EWARM\BSPv1.4\Obj\i2c.o
#        E:\Users\bertz\Documents\GitHub\BSPv1.4\EWARM\BSPv1.4\Obj\main.o
#        E:\Users\bertz\Documents\GitHub\BSPv1.4\EWARM\BSPv1.4\Obj\spi.o
#        E:\Users\bertz\Documents\GitHub\BSPv1.4\EWARM\BSPv1.4\Obj\startup_stm32f103xe.o
#        E:\Users\bertz\Documents\GitHub\BSPv1.4\EWARM\BSPv1.4\Obj\stm32f1xx_hal.o
#        E:\Users\bertz\Documents\GitHub\BSPv1.4\EWARM\BSPv1.4\Obj\stm32f1xx_hal_adc.o
#        E:\Users\bertz\Documents\GitHub\BSPv1.4\EWARM\BSPv1.4\Obj\stm32f1xx_hal_adc_ex.o
#        E:\Users\bertz\Documents\GitHub\BSPv1.4\EWARM\BSPv1.4\Obj\stm32f1xx_hal_cortex.o
#        E:\Users\bertz\Documents\GitHub\BSPv1.4\EWARM\BSPv1.4\Obj\stm32f1xx_hal_dma.o
#        E:\Users\bertz\Documents\GitHub\BSPv1.4\EWARM\BSPv1.4\Obj\stm32f1xx_hal_flash.o
#        E:\Users\bertz\Documents\GitHub\BSPv1.4\EWARM\BSPv1.4\Obj\stm32f1xx_hal_flash_ex.o
#        E:\Users\bertz\Documents\GitHub\BSPv1.4\EWARM\BSPv1.4\Obj\stm32f1xx_hal_gpio.o
#        E:\Users\bertz\Documents\GitHub\BSPv1.4\EWARM\BSPv1.4\Obj\stm32f1xx_hal_gpio_ex.o
#        E:\Users\bertz\Documents\GitHub\BSPv1.4\EWARM\BSPv1.4\Obj\stm32f1xx_hal_i2c.o
#        E:\Users\bertz\Documents\GitHub\BSPv1.4\EWARM\BSPv1.4\Obj\stm32f1xx_hal_msp.o
#        E:\Users\bertz\Documents\GitHub\BSPv1.4\EWARM\BSPv1.4\Obj\stm32f1xx_hal_pwr.o
#        E:\Users\bertz\Documents\GitHub\BSPv1.4\EWARM\BSPv1.4\Obj\stm32f1xx_hal_rcc.o
#        E:\Users\bertz\Documents\GitHub\BSPv1.4\EWARM\BSPv1.4\Obj\stm32f1xx_hal_rcc_ex.o
#        E:\Users\bertz\Documents\GitHub\BSPv1.4\EWARM\BSPv1.4\Obj\stm32f1xx_hal_spi.o
#        E:\Users\bertz\Documents\GitHub\BSPv1.4\EWARM\BSPv1.4\Obj\stm32f1xx_hal_spi_ex.o
#        E:\Users\bertz\Documents\GitHub\BSPv1.4\EWARM\BSPv1.4\Obj\stm32f1xx_hal_tim.o
#        E:\Users\bertz\Documents\GitHub\BSPv1.4\EWARM\BSPv1.4\Obj\stm32f1xx_hal_tim_ex.o
#        E:\Users\bertz\Documents\GitHub\BSPv1.4\EWARM\BSPv1.4\Obj\stm32f1xx_hal_uart.o
#        E:\Users\bertz\Documents\GitHub\BSPv1.4\EWARM\BSPv1.4\Obj\stm32f1xx_it.o
#        E:\Users\bertz\Documents\GitHub\BSPv1.4\EWARM\BSPv1.4\Obj\system_stm32f1xx.o
#        E:\Users\bertz\Documents\GitHub\BSPv1.4\EWARM\BSPv1.4\Obj\tim.o
#        E:\Users\bertz\Documents\GitHub\BSPv1.4\EWARM\BSPv1.4\Obj\usart.o
#        --redirect _Printf=_PrintfFull --redirect _Scanf=_ScanfFull -o
#        E:\Users\bertz\Documents\GitHub\BSPv1.4\EWARM\BSPv1.4\Exe\BSPv1.4.out
#        --map
#        E:\Users\bertz\Documents\GitHub\BSPv1.4\EWARM\BSPv1.4\List\BSPv1.4.map
#        --config
#        E:\Users\bertz\Documents\GitHub\BSPv1.4\EWARM/stm32f103xe_flash.icf
#        --semihosting --entry __iar_program_start --vfe --text_out locale)
#
###############################################################################

*******************************************************************************
*** RUNTIME MODEL ATTRIBUTES
***

CppFlavor       = *
__SystemLibrary = DLib
__dlib_version  = 6


*******************************************************************************
*** HEAP SELECTION
***

The basic heap was selected because no calls to memory allocation
functions were found in the application outside of system library
functions, and there are calls to deallocation functions in the
application.


*******************************************************************************
*** PLACEMENT SUMMARY
***

"A0":  place at 0x08000000 { ro section .intvec };
"P1":  place in [from 0x08000000 to 0x0807ffff] { ro };
define block CSTACK with size = 1K, alignment = 8 { };
define block HEAP with size = 512, alignment = 8 { };
"P2":  place in [from 0x20000000 to 0x2000ffff] {
          rw, block CSTACK, block HEAP };
initialize by copy { rw };

  Section            Kind        Address    Size  Object
  -------            ----        -------    ----  ------
"A0":                                      0x130
  .intvec            ro code  0x08000000   0x130  startup_stm32f103xe.o [1]
                            - 0x08000130   0x130

"P1":                                     0x33d0
  .text              ro code  0x08000130   0x618  stm32f1xx_hal_uart.o [1]
  .text              ro code  0x08000748   0x1f8  usart.o [1]
  .text              ro code  0x08000940     0xc  stm32f1xx_hal.o [1]
  .text              ro code  0x0800094c   0x422  stm32f1xx_hal_dma.o [1]
  .text              ro code  0x08000d6e     0x2  stm32f1xx_hal_uart.o [1]
  .text              ro code  0x08000d70     0x2  stm32f1xx_hal_uart.o [1]
  .text              ro code  0x08000d72     0x2  stm32f1xx_hal_uart.o [1]
  .text              ro code  0x08000d74     0x2  stm32f1xx_hal_uart.o [1]
  .text              ro code  0x08000d78   0x4de  stm32f1xx_hal_rcc.o [1]
  .text              ro code  0x08001258   0x3cc  main.o [1]
  .text              ro code  0x08001624   0x1f4  stm32f1xx_hal_gpio.o [1]
  .text              ro code  0x08001818    0x28  stm32f1xx_hal.o [1]
  .text              ro code  0x08001840    0x24  stm32f1xx_hal.o [1]
  .text              ro code  0x08001864   0x114  gpio.o [1]
  .text              ro code  0x08001978    0x20  dma.o [1]
  .text              ro code  0x08001998   0x12c  adc.o [1]
  .text              ro code  0x08001ac4    0xbc  i2c.o [1]
  .text              ro code  0x08001b80    0xdc  spi.o [1]
  .text              ro code  0x08001c5c   0x134  tim.o [1]
  .text              ro code  0x08001d90    0xe6  stm32f1xx_hal_cortex.o [1]
  .text              ro code  0x08001e78   0x36c  stm32f1xx_hal_tim.o [1]
  .text              ro code  0x080021e4   0x1bc  bsp_motor.o [1]
  .text              ro code  0x080023a0   0x2c0  bsp_protocol.o [1]
  .text              ro code  0x08002660    0x74  bsp_led.o [1]
  .text              ro code  0x080026d4    0x9a  BSP_DAC5571.o [1]
  .text              ro code  0x08002770    0xe8  stm32f1xx_hal_rcc_ex.o [1]
  .text              ro code  0x08002858    0x8c  stm32f1xx_hal_msp.o [1]
  .text              ro code  0x080028e4   0x35c  stm32f1xx_hal_adc.o [1]
  .text              ro code  0x08002c40   0x4d6  stm32f1xx_hal_i2c.o [1]
  .text              ro code  0x08003116    0x82  stm32f1xx_hal_spi_ex.o [1]
  .text              ro code  0x08003198    0x4a  stm32f1xx_hal_tim_ex.o [1]
  .text              ro code  0x080031e2     0x2  stm32f1xx_hal_tim.o [1]
  .text              ro code  0x080031e4     0x2  stm32f1xx_hal_tim.o [1]
  .text              ro code  0x080031e6     0x2  stm32f1xx_hal_tim_ex.o [1]
  .text              ro code  0x080031e8     0x2  stm32f1xx_hal_tim.o [1]
  .text              ro code  0x080031ea     0x2  stm32f1xx_hal_tim_ex.o [1]
  .text              ro code  0x080031ec     0x2  stm32f1xx_hal_tim.o [1]
  .text              ro code  0x080031ee    0x1e  stm32f1xx_hal.o [1]
  .text              ro code  0x0800320c     0x2  stm32f1xx_hal_adc.o [1]
  .text              ro code  0x08003210     0x2  stm32f1xx_hal_adc_ex.o [1]
  .text              ro code  0x08003212     0x2  stm32f1xx_hal_adc.o [1]
  .text              ro code  0x08003214    0x90  stm32f1xx_it.o [1]
  .text              ro code  0x080032a4    0x10  stm32f1xx_hal.o [1]
  .text              ro code  0x080032b4    0x5c  system_stm32f1xx.o [1]
  .text              ro code  0x08003310    0x40  zero_init3.o [4]
  .text              ro code  0x08003350    0x2c  copy_init3.o [4]
  .text              ro code  0x0800337c    0x28  data_init.o [4]
  .iar.init_table    const    0x080033a4    0x24  - Linker created -
  .text              ro code  0x080033c8    0x1e  cmain.o [4]
  .text              ro code  0x080033e6     0x4  low_level_init.o [3]
  .text              ro code  0x080033ea     0x4  exit.o [3]
  .text              ro code  0x080033f0     0xa  cexit.o [4]
  .text              ro code  0x080033fc    0x14  exit.o [5]
  .text              ro code  0x08003410    0x10  startup_stm32f103xe.o [1]
  .text              ro code  0x08003420     0xc  cstartup_M.o [4]
  .rodata            const    0x0800342c     0x8  system_stm32f1xx.o [1]
  .text              ro code  0x08003434     0x4  startup_stm32f103xe.o [1]
  .text              ro code  0x08003438     0x4  startup_stm32f103xe.o [1]
  .text              ro code  0x0800343c     0x4  startup_stm32f103xe.o [1]
  .text              ro code  0x08003440     0x4  startup_stm32f103xe.o [1]
  .text              ro code  0x08003444     0x4  startup_stm32f103xe.o [1]
  .text              ro code  0x08003448     0x4  startup_stm32f103xe.o [1]
  .text              ro code  0x0800344c     0x4  startup_stm32f103xe.o [1]
  .text              ro code  0x08003450     0x4  startup_stm32f103xe.o [1]
  .text              ro code  0x08003454     0x4  startup_stm32f103xe.o [1]
  .text              ro code  0x08003458     0x4  startup_stm32f103xe.o [1]
  .text              ro code  0x0800345c     0x4  startup_stm32f103xe.o [1]
  .text              ro code  0x08003460     0x4  startup_stm32f103xe.o [1]
  .text              ro code  0x08003464     0x4  startup_stm32f103xe.o [1]
  .text              ro code  0x08003468     0x4  startup_stm32f103xe.o [1]
  .text              ro code  0x0800346c     0x4  startup_stm32f103xe.o [1]
  .text              ro code  0x08003470     0x4  startup_stm32f103xe.o [1]
  .text              ro code  0x08003474     0x4  startup_stm32f103xe.o [1]
  .text              ro code  0x08003478     0x4  startup_stm32f103xe.o [1]
  .text              ro code  0x0800347c     0x4  startup_stm32f103xe.o [1]
  .text              ro code  0x08003480     0x4  startup_stm32f103xe.o [1]
  .text              ro code  0x08003484     0x4  startup_stm32f103xe.o [1]
  .text              ro code  0x08003488     0x4  startup_stm32f103xe.o [1]
  .text              ro code  0x0800348c     0x4  startup_stm32f103xe.o [1]
  .text              ro code  0x08003490     0x4  startup_stm32f103xe.o [1]
  .text              ro code  0x08003494     0x4  startup_stm32f103xe.o [1]
  .text              ro code  0x08003498     0x4  startup_stm32f103xe.o [1]
  .text              ro code  0x0800349c     0x4  startup_stm32f103xe.o [1]
  .text              ro code  0x080034a0     0x4  startup_stm32f103xe.o [1]
  .text              ro code  0x080034a4     0x4  startup_stm32f103xe.o [1]
  .text              ro code  0x080034a8     0x4  startup_stm32f103xe.o [1]
  .text              ro code  0x080034ac     0x4  startup_stm32f103xe.o [1]
  .text              ro code  0x080034b0     0x4  startup_stm32f103xe.o [1]
  .text              ro code  0x080034b4     0x4  startup_stm32f103xe.o [1]
  .text              ro code  0x080034b8     0x4  startup_stm32f103xe.o [1]
  .text              ro code  0x080034bc     0x4  startup_stm32f103xe.o [1]
  .text              ro code  0x080034c0     0x4  startup_stm32f103xe.o [1]
  .text              ro code  0x080034c4     0x4  startup_stm32f103xe.o [1]
  .text              ro code  0x080034c8     0x4  startup_stm32f103xe.o [1]
  .text              ro code  0x080034cc     0x4  startup_stm32f103xe.o [1]
  .text              ro code  0x080034d0     0x4  startup_stm32f103xe.o [1]
  .text              ro code  0x080034d4     0x4  startup_stm32f103xe.o [1]
  .text              ro code  0x080034d8     0x4  startup_stm32f103xe.o [1]
  .text              ro code  0x080034dc     0x4  startup_stm32f103xe.o [1]
  .text              ro code  0x080034e0     0x4  startup_stm32f103xe.o [1]
  .text              ro code  0x080034e4     0x4  startup_stm32f103xe.o [1]
  .text              ro code  0x080034e8     0x4  startup_stm32f103xe.o [1]
  .text              ro code  0x080034ec     0x4  startup_stm32f103xe.o [1]
  .text              ro code  0x080034f0     0x4  startup_stm32f103xe.o [1]
  .text              ro code  0x080034f4     0x4  startup_stm32f103xe.o [1]
  .text              ro code  0x080034f8     0x4  startup_stm32f103xe.o [1]
  Initializer bytes  const    0x080034fc     0x4  <for P2-1>
  .rodata            const    0x08003500     0x0  zero_init3.o [4]
  .rodata            const    0x08003500     0x0  copy_init3.o [4]
                            - 0x08003500  0x33d0

"P2", part 1 of 3:                           0x4
  P2-1                        0x20000000     0x4  <Init block>
    .data            inited   0x20000000     0x4  system_stm32f1xx.o [1]
                            - 0x20000004     0x4

"P2", part 2 of 3:                        0x13bc
  .bss               zero     0x20000004   0x808  bsp_protocol.o [1]
  .bss               zero     0x2000080c   0x804  bsp_protocol.o [1]
  .bss               zero     0x20001010   0x110  usart.o [1]
  .bss               zero     0x20001120    0x58  spi.o [1]
  .bss               zero     0x20001178    0x54  i2c.o [1]
  .bss               zero     0x200011cc    0x44  adc.o [1]
  .bss               zero     0x20001210    0x40  tim.o [1]
  .bss               zero     0x20001250    0x40  tim.o [1]
  .bss               zero     0x20001290    0x40  usart.o [1]
  .bss               zero     0x200012d0    0x40  usart.o [1]
  .bss               zero     0x20001310    0x30  adc.o [1]
  .bss               zero     0x20001340    0x2c  main.o [1]
  .bss               zero     0x2000136c    0x20  main.o [1]
  .bss               zero     0x2000138c    0x14  main.o [1]
  .bss               zero     0x200013a0    0x10  main.o [1]
  .bss               zero     0x200013b0     0x8  bsp_protocol.o [1]
  .bss               zero     0x200013b8     0x4  stm32f1xx_hal.o [1]
  .bss               zero     0x200013bc     0x2  BSP_DAC5571.o [1]
                            - 0x200013be  0x13ba

"P2", part 3 of 3:                         0x400
  CSTACK                      0x200013c0   0x400  <Block>
    CSTACK           uninit   0x200013c0   0x400  <Block tail>
                            - 0x200017c0   0x400


*******************************************************************************
*** INIT TABLE
***

          Address     Size
          -------     ----
Zero (__iar_zero_init3)
    1 destination range, total size 0x13ba:
          0x20000004  0x13ba

Copy (__iar_copy_init3)
    1 source range, total size 0x4:
          0x080034fc     0x4
    1 destination range, total size 0x4:
          0x20000000     0x4



*******************************************************************************
*** MODULE SUMMARY
***

    Module                  ro code  ro data  rw data
    ------                  -------  -------  -------
E:\Users\bertz\Documents\GitHub\BSPv1.4\EWARM\BSPv1.4\Obj: [1]
    BSP_DAC5571.o               154                 2
    adc.o                       300               116
    bsp_led.o                   116
    bsp_motor.o                 444
    bsp_protocol.o              704             4 116
    dma.o                        32
    gpio.o                      276
    i2c.o                       188                84
    main.o                      972               112
    spi.o                       220                88
    startup_stm32f103xe.o       520
    stm32f1xx_hal.o             134                 4
    stm32f1xx_hal_adc.o         864
    stm32f1xx_hal_adc_ex.o        2
    stm32f1xx_hal_cortex.o      230
    stm32f1xx_hal_dma.o       1 058
    stm32f1xx_hal_gpio.o        500
    stm32f1xx_hal_i2c.o       1 238
    stm32f1xx_hal_msp.o         140
    stm32f1xx_hal_rcc.o       1 246
    stm32f1xx_hal_rcc_ex.o      232
    stm32f1xx_hal_spi_ex.o      130
    stm32f1xx_hal_tim.o         884
    stm32f1xx_hal_tim_ex.o       78
    stm32f1xx_hal_uart.o      1 568
    stm32f1xx_it.o              144
    system_stm32f1xx.o           92       12        4
    tim.o                       308               128
    usart.o                     504               400
    -------------------------------------------------
    Total:                   13 278       12    5 054

command line: [2]
    -------------------------------------------------
    Total:

dl7M_tlf.a: [3]
    exit.o                        4
    low_level_init.o              4
    -------------------------------------------------
    Total:                        8

rt7M_tl.a: [4]
    cexit.o                      10
    cmain.o                      30
    copy_init3.o                 44
    cstartup_M.o                 12
    data_init.o                  40
    zero_init3.o                 64
    -------------------------------------------------
    Total:                      200

shb_l.a: [5]
    exit.o                       20
    -------------------------------------------------
    Total:                       20

    Gaps                         14
    Linker created                        36    1 024
-----------------------------------------------------
    Grand Total:             13 520       48    6 078


*******************************************************************************
*** ENTRY LIST
***

Entry                      Address   Size  Type      Object
-----                      -------   ----  ----      ------
.iar.init_table$$Base   0x080033a4          --   Gb  - Linker created -
.iar.init_table$$Limit  0x080033c8          --   Gb  - Linker created -
?main                   0x080033c9         Code  Gb  cmain.o [4]
ADC1_2_IRQHandler       0x08003251    0x6  Code  Gb  stm32f1xx_it.o [1]
ADC_ConversionStop_Disable
                        0x08002bfd   0x44  Code  Gb  stm32f1xx_hal_adc.o [1]
AHBPrescTable           0x08003300   0x10  Data  Gb  system_stm32f1xx.o [1]
APBPrescTable           0x0800342c    0x8  Data  Gb  system_stm32f1xx.o [1]
AckCmdBuffer            0x200013b0    0x8  Data  Gb  bsp_protocol.o [1]
BSP_AckRequestCmdFromDriverBoard
                        0x08002475   0x28  Code  Gb  bsp_protocol.o [1]
BSP_DAC5571_Check       0x0800270f   0x4c  Code  Gb  BSP_DAC5571.o [1]
BSP_DAC5571_Init        0x080026d5   0x18  Code  Gb  BSP_DAC5571.o [1]
BSP_DAC5571_WriteValue  0x080026ed   0x1a  Code  Gb  BSP_DAC5571.o [1]
BSP_DriverBoardProtocolInit
                        0x08002409   0x36  Code  Gb  bsp_protocol.o [1]
BSP_DriverBoardUsartReceive_IDLE
                        0x080023bd   0x4c  Code  Gb  bsp_protocol.o [1]
BSP_HandingCmdFromDriverBoard
                        0x080025e1   0x5c  Code  Gb  bsp_protocol.o [1]
BSP_HandingUartDataFromDriverBoard
                        0x0800249d  0x13e  Code  Gb  bsp_protocol.o [1]
BSP_LEDCheck            0x0800266f   0x56  Code  Gb  bsp_led.o [1]
BSP_MotorAction         0x08002365   0x24  Code  Gb  bsp_motor.o [1]
BSP_MotorCheck          0x080022a7   0xbe  Code  Gb  bsp_motor.o [1]
BSP_MotorInit           0x080021e5   0x38  Code  Gb  bsp_motor.o [1]
BSP_MotorRun            0x0800223b   0x30  Code  Gb  bsp_motor.o [1]
BSP_MotorStop           0x08002289   0x14  Code  Gb  bsp_motor.o [1]
BSP_RUNNINGLED_ON       0x08002661    0x4  Code  Gb  bsp_led.o [1]
BSP_SendDataToDriverBoard
                        0x0800243f   0x36  Code  Gb  bsp_protocol.o [1]
BusFault_Handler        0x0800321b    0x2  Code  Gb  stm32f1xx_it.o [1]
CSTACK$$Base            0x200013c0          --   Gb  - Linker created -
CSTACK$$Limit           0x200017c0          --   Gb  - Linker created -
DMA1_Channel1_IRQHandler
                        0x08003233    0x6  Code  Gb  stm32f1xx_it.o [1]
DMA1_Channel4_IRQHandler
                        0x08003239    0x6  Code  Gb  stm32f1xx_it.o [1]
DMA1_Channel5_IRQHandler
                        0x0800323f    0x6  Code  Gb  stm32f1xx_it.o [1]
DMA1_Channel6_IRQHandler
                        0x08003245    0x6  Code  Gb  stm32f1xx_it.o [1]
DMA1_Channel7_IRQHandler
                        0x0800324b    0x6  Code  Gb  stm32f1xx_it.o [1]
DMA_SetConfig           0x08000d4d   0x22  Code  Lc  stm32f1xx_hal_dma.o [1]
DebugMon_Handler        0x08003221    0x2  Code  Gb  stm32f1xx_it.o [1]
DriverBoardCmdBuffer    0x20000004  0x808  Data  Gb  bsp_protocol.o [1]
DriverBoardUsartType    0x2000080c  0x804  Data  Gb  bsp_protocol.o [1]
HAL_ADCEx_InjectedConvCpltCallback
                        0x08003211    0x2  Code  Wk  stm32f1xx_hal_adc_ex.o [1]
HAL_ADC_ConfigChannel   0x08002ae5   0xe4  Code  Gb  stm32f1xx_hal_adc.o [1]
HAL_ADC_IRQHandler      0x080029f5   0xd8  Code  Gb  stm32f1xx_hal_adc.o [1]
HAL_ADC_Init            0x080028e5  0x110  Code  Gb  stm32f1xx_hal_adc.o [1]
HAL_ADC_MspInit         0x08001a09   0x70  Code  Gb  adc.o [1]
HAL_DMA_Abort           0x08000a47   0x32  Code  Gb  stm32f1xx_hal_dma.o [1]
HAL_DMA_Abort_IT        0x08000a79   0xdc  Code  Gb  stm32f1xx_hal_dma.o [1]
HAL_DMA_IRQHandler      0x08000b55  0x1b4  Code  Gb  stm32f1xx_hal_dma.o [1]
HAL_DMA_Init            0x0800094d   0x78  Code  Gb  stm32f1xx_hal_dma.o [1]
HAL_DMA_Start_IT        0x080009d3   0x74  Code  Gb  stm32f1xx_hal_dma.o [1]
HAL_Delay               0x080031ef   0x1e  Code  Wk  stm32f1xx_hal.o [1]
HAL_GPIO_Init           0x08001625  0x196  Code  Gb  stm32f1xx_hal_gpio.o [1]
HAL_GPIO_ReadPin        0x080017bb    0xc  Code  Gb  stm32f1xx_hal_gpio.o [1]
HAL_GPIO_TogglePin      0x080017d3    0x8  Code  Gb  stm32f1xx_hal_gpio.o [1]
HAL_GPIO_WritePin       0x080017c7    0xc  Code  Gb  stm32f1xx_hal_gpio.o [1]
HAL_GetTick             0x08000941    0xc  Code  Wk  stm32f1xx_hal.o [1]
HAL_I2C_Init            0x08002c41   0xc8  Code  Gb  stm32f1xx_hal_i2c.o [1]
HAL_I2C_Master_Transmit
                        0x08002d19   0xa2  Code  Gb  stm32f1xx_hal_i2c.o [1]
HAL_I2C_MspInit         0x08001afd   0x3a  Code  Gb  i2c.o [1]
HAL_IncTick             0x080032a5   0x10  Code  Wk  stm32f1xx_hal.o [1]
HAL_Init                0x08001841   0x20  Code  Gb  stm32f1xx_hal.o [1]
HAL_InitTick            0x08001819   0x28  Code  Wk  stm32f1xx_hal.o [1]
HAL_MspInit             0x08002859   0x8c  Code  Gb  stm32f1xx_hal_msp.o [1]
HAL_NVIC_EnableIRQ      0x08001e03    0xa  Code  Gb  stm32f1xx_hal_cortex.o [1]
HAL_NVIC_SetPriority    0x08001dc9   0x3a  Code  Gb  stm32f1xx_hal_cortex.o [1]
HAL_NVIC_SetPriorityGrouping
                        0x08001daf   0x1a  Code  Gb  stm32f1xx_hal_cortex.o [1]
HAL_RCCEx_PeriphCLKConfig
                        0x08002771   0xda  Code  Gb  stm32f1xx_hal_rcc_ex.o [1]
HAL_RCC_ClockConfig     0x08001095  0x10c  Code  Gb  stm32f1xx_hal_rcc.o [1]
HAL_RCC_GetHCLKFreq     0x080011ef    0x6  Code  Gb  stm32f1xx_hal_rcc.o [1]
HAL_RCC_GetPCLK1Freq    0x080011f5   0x10  Code  Gb  stm32f1xx_hal_rcc.o [1]
HAL_RCC_GetPCLK2Freq    0x08001205    0xe  Code  Gb  stm32f1xx_hal_rcc.o [1]
HAL_RCC_GetSysClockFreq
                        0x080011b5   0x3a  Code  Gb  stm32f1xx_hal_rcc.o [1]
HAL_RCC_GetSysClockFreq::aPLLMULFactorTable
                        0x08001244   0x10  Data  Lc  stm32f1xx_hal_rcc.o [1]
HAL_RCC_GetSysClockFreq::aPredivFactorTable
                        0x08001254    0x2  Data  Lc  stm32f1xx_hal_rcc.o [1]
HAL_RCC_OscConfig       0x08000d79  0x314  Code  Gb  stm32f1xx_hal_rcc.o [1]
HAL_SPI_Init            0x08003117   0x82  Code  Gb  stm32f1xx_hal_spi_ex.o [1]
HAL_SPI_MspInit         0x08001bcb   0x4e  Code  Gb  spi.o [1]
HAL_SYSTICK_CLKSourceConfig
                        0x08001e3f   0x1a  Code  Gb  stm32f1xx_hal_cortex.o [1]
HAL_SYSTICK_Config      0x08001e17   0x28  Code  Gb  stm32f1xx_hal_cortex.o [1]
HAL_SYSTICK_IRQHandler  0x08001e71    0x4  Code  Gb  stm32f1xx_hal_cortex.o [1]
HAL_TIMEx_BreakCallback
                        0x080031e7    0x2  Code  Wk  stm32f1xx_hal_tim_ex.o [1]
HAL_TIMEx_CommutationCallback
                        0x080031eb    0x2  Code  Wk  stm32f1xx_hal_tim_ex.o [1]
HAL_TIMEx_MasterConfigSynchronization
                        0x08003199   0x4a  Code  Gb  stm32f1xx_hal_tim_ex.o [1]
HAL_TIM_Base_Init       0x08001e79   0x1a  Code  Gb  stm32f1xx_hal_tim.o [1]
HAL_TIM_Base_MspInit    0x08001d0f   0x38  Code  Gb  tim.o [1]
HAL_TIM_Base_Start_IT   0x08001e93   0x16  Code  Gb  stm32f1xx_hal_tim.o [1]
HAL_TIM_ConfigClockSource
                        0x08002015   0xac  Code  Gb  stm32f1xx_hal_tim.o [1]
HAL_TIM_IRQHandler      0x08001ecd  0x142  Code  Gb  stm32f1xx_hal_tim.o [1]
HAL_TIM_PeriodElapsedCallback
                        0x08001421  0x1d8  Code  Gb  main.o [1]
HAL_UART_DMAStop        0x080002ed   0x48  Code  Gb  stm32f1xx_hal_uart.o [1]
HAL_UART_IRQHandler     0x0800034d  0x152  Code  Gb  stm32f1xx_hal_uart.o [1]
HAL_UART_Init           0x08000131   0x1e  Code  Gb  stm32f1xx_hal_uart.o [1]
HAL_UART_MspInit        0x0800079b  0x128  Code  Gb  usart.o [1]
HAL_UART_Receive_DMA    0x0800025b   0x92  Code  Gb  stm32f1xx_hal_uart.o [1]
HAL_UART_Transmit       0x080001a9   0xaa  Code  Gb  stm32f1xx_hal_uart.o [1]
HardFault_Handler       0x08003217    0x2  Code  Gb  stm32f1xx_it.o [1]
I2C_IsAcknowledgeFailed
                        0x080030ef   0x28  Code  Lc  stm32f1xx_hal_i2c.o [1]
I2C_MasterRequestWrite  0x08002ebd   0x7a  Code  Lc  stm32f1xx_hal_i2c.o [1]
I2C_WaitOnBTFFlagUntilTimeout
                        0x08003093   0x34  Code  Lc  stm32f1xx_hal_i2c.o [1]
I2C_WaitOnFlagUntilTimeout
                        0x08002f71   0x6c  Code  Lc  stm32f1xx_hal_i2c.o [1]
I2C_WaitOnMasterAddressFlagUntilTimeout
                        0x08002fdd   0x82  Code  Lc  stm32f1xx_hal_i2c.o [1]
I2C_WaitOnTXEFlagUntilTimeout
                        0x0800305f   0x34  Code  Lc  stm32f1xx_hal_i2c.o [1]
MX_ADC1_Init            0x08001999   0x70  Code  Gb  adc.o [1]
MX_DMA_Init             0x08001979   0x20  Code  Gb  dma.o [1]
MX_GPIO_Init            0x08001865   0xea  Code  Gb  gpio.o [1]
MX_I2C2_Init            0x08001ac5   0x38  Code  Gb  i2c.o [1]
MX_SPI1_Init            0x08001b81   0x4a  Code  Gb  spi.o [1]
MX_TIM4_Init            0x08001c5d   0x40  Code  Gb  tim.o [1]
MX_TIM5_Init            0x08001c9d   0x42  Code  Gb  tim.o [1]
MX_USART1_UART_Init     0x08000749   0x16  Code  Gb  usart.o [1]
MX_USART2_UART_Init     0x0800075f   0x16  Code  Gb  usart.o [1]
MemManage_Handler       0x08003219    0x2  Code  Gb  stm32f1xx_it.o [1]
NMI_Handler             0x08003215    0x2  Code  Gb  stm32f1xx_it.o [1]
NVIC_SetPriority        0x08001d91   0x1e  Code  Lc  stm32f1xx_hal_cortex.o [1]
PendSV_Handler          0x08003223    0x2  Code  Gb  stm32f1xx_it.o [1]
Region$$Table$$Base     0x080033a4          --   Gb  - Linker created -
Region$$Table$$Limit    0x080033c8          --   Gb  - Linker created -
SVC_Handler             0x0800321f    0x2  Code  Gb  stm32f1xx_it.o [1]
SysTick_Handler         0x08003225    0xe  Code  Gb  stm32f1xx_it.o [1]
SystemClock_Config      0x0800139b   0x86  Code  Gb  main.o [1]
SystemCoreClock         0x20000000    0x4  Data  Gb  system_stm32f1xx.o [1]
SystemInit              0x080032b5   0x3a  Code  Gb  system_stm32f1xx.o [1]
TIM4_IRQHandler         0x08003257    0x6  Code  Gb  stm32f1xx_it.o [1]
TIM5_IRQHandler         0x08003277    0x6  Code  Gb  stm32f1xx_it.o [1]
TIM_Base_SetConfig      0x080020eb   0x74  Code  Gb  stm32f1xx_hal_tim.o [1]
TIM_ETR_SetConfig       0x080021cb   0x14  Code  Lc  stm32f1xx_hal_tim.o [1]
TIM_ITRx_SetConfig      0x080021bb   0x10  Code  Lc  stm32f1xx_hal_tim.o [1]
TIM_TI1_ConfigInputStage
                        0x08002179   0x1e  Code  Lc  stm32f1xx_hal_tim.o [1]
TIM_TI2_ConfigInputStage
                        0x08002197   0x24  Code  Lc  stm32f1xx_hal_tim.o [1]
UART_DMAAbortOnError    0x080005bd    0xc  Code  Lc  stm32f1xx_hal_uart.o [1]
UART_DMAError           0x080004e1   0x4a  Code  Lc  stm32f1xx_hal_uart.o [1]
UART_DMAReceiveCplt     0x080004a1   0x38  Code  Lc  stm32f1xx_hal_uart.o [1]
UART_DMARxHalfCplt      0x080004d9    0x6  Code  Lc  stm32f1xx_hal_uart.o [1]
UART_EndRxTransfer      0x080005a1   0x1c  Code  Lc  stm32f1xx_hal_uart.o [1]
UART_EndTxTransfer      0x0800058f   0x12  Code  Lc  stm32f1xx_hal_uart.o [1]
UART_Receive_IT         0x080005c9   0x96  Code  Lc  stm32f1xx_hal_uart.o [1]
UART_SetConfig          0x0800065f   0xde  Code  Lc  stm32f1xx_hal_uart.o [1]
UART_WaitOnFlagUntilTimeout
                        0x0800052b   0x56  Code  Lc  stm32f1xx_hal_uart.o [1]
USART1_IRQHandler       0x0800325d   0x14  Code  Gb  stm32f1xx_it.o [1]
USART2_IRQHandler       0x08003271    0x6  Code  Gb  stm32f1xx_it.o [1]
UsageFault_Handler      0x0800321d    0x2  Code  Gb  stm32f1xx_it.o [1]
_Error_Handler          0x08001623    0x2  Code  Gb  main.o [1]
__cmain                 0x080033c9         Code  Gb  cmain.o [4]
__exit                  0x080033fd   0x14  Code  Gb  exit.o [5]
__iar_copy_init3        0x08003351   0x2c  Code  Gb  copy_init3.o [4]
__iar_data_init3        0x0800337d   0x28  Code  Gb  data_init.o [4]
__iar_program_start     0x08003421         Code  Gb  cstartup_M.o [4]
__iar_systems$$module {Abs}
                        0x00000001         Data  Gb  command line/config [2]
__iar_zero_init3        0x08003311   0x40  Code  Gb  zero_init3.o [4]
__low_level_init        0x080033e7    0x4  Code  Gb  low_level_init.o [3]
__vector_table          0x08000000         Data  Gb  startup_stm32f103xe.o [1]
_call_main              0x080033d5         Code  Gb  cmain.o [4]
_exit                   0x080033f1         Code  Gb  cexit.o [4]
_main                   0x080033e3         Code  Gb  cmain.o [4]
exit                    0x080033eb    0x4  Code  Gb  exit.o [3]
gComingCarFlag          0x2000137d    0x1  Data  Gb  main.o [1]
gCtrlSpeedCnt           0x20001384    0x2  Data  Gb  main.o [1]
gCtrlSpeedTimCnt        0x2000137c    0x1  Data  Gb  main.o [1]
gCtrlSpeedTimFlag       0x20001350    0x1  Data  Gb  main.o [1]
gDriverBoardProtocolCmd
                        0x20001354   0x18  Data  Gb  main.o [1]
gGentleSensorStatusDetection
                        0x2000136c   0x10  Data  Gb  main.o [1]
gHorCurrentReadVal      0x20001381    0x1  Data  Gb  main.o [1]
gHorLastReadVal         0x20001380    0x1  Data  Gb  main.o [1]
gMCUAIRInputStatusGpio  0x200013a0   0x10  Data  Gb  main.o [1]
gMotorMachine           0x2000138c   0x14  Data  Gb  main.o [1]
gRadarInputStatusGpio   0x20001340   0x10  Data  Gb  main.o [1]
gTIM5Cnt                0x20001386    0x2  Data  Gb  main.o [1]
gTIM5CntFlag            0x20001382    0x1  Data  Gb  main.o [1]
gTIM5LedFlag            0x20001351    0x1  Data  Gb  main.o [1]
gVerCurrentReadVal      0x2000137f    0x1  Data  Gb  main.o [1]
gVerLastReadVal         0x2000137e    0x1  Data  Gb  main.o [1]
gWaitCnt                0x20001388    0x4  Data  Gb  main.o [1]
getXORCode              0x080023a1   0x1c  Code  Lc  bsp_protocol.o [1]
hadc1                   0x20001310   0x30  Data  Gb  adc.o [1]
hdma_adc1               0x200011cc   0x44  Data  Gb  adc.o [1]
hdma_usart1_rx          0x20001010   0x44  Data  Gb  usart.o [1]
hdma_usart1_tx          0x20001054   0x44  Data  Gb  usart.o [1]
hdma_usart2_rx          0x20001098   0x44  Data  Gb  usart.o [1]
hdma_usart2_tx          0x200010dc   0x44  Data  Gb  usart.o [1]
hi2c2                   0x20001178   0x54  Data  Gb  i2c.o [1]
hspi1                   0x20001120   0x58  Data  Gb  spi.o [1]
htim4                   0x20001210   0x40  Data  Gb  tim.o [1]
htim5                   0x20001250   0x40  Data  Gb  tim.o [1]
huart1                  0x20001290   0x40  Data  Gb  usart.o [1]
huart2                  0x200012d0   0x40  Data  Gb  usart.o [1]
main                    0x08001259  0x142  Code  Gb  main.o [1]
uwTick                  0x200013b8    0x4  Data  Gb  stm32f1xx_hal.o [1]
writebuffer             0x200013bc    0x2  Data  Lc  BSP_DAC5571.o [1]


[1] = E:\Users\bertz\Documents\GitHub\BSPv1.4\EWARM\BSPv1.4\Obj
[2] = command line
[3] = dl7M_tlf.a
[4] = rt7M_tl.a
[5] = shb_l.a

  13 520 bytes of readonly  code memory
      48 bytes of readonly  data memory
   6 078 bytes of readwrite data memory

Errors: none
Warnings: none
