###############################################################################
#
# IAR ELF Linker V8.20.1.14183/W32 for ARM                24/Jan/2018  14:52:29
# Copyright 2007-2017 IAR Systems AB.
#
#    Output file  =  
#        E:\Users\bertz\Documents\GitHub\BSPv1.4\EWARM\BSPv1.4\Exe\BSPv1.4.out
#    Map file     =  
#        E:\Users\bertz\Documents\GitHub\BSPv1.4\EWARM\BSPv1.4\List\BSPv1.4.map
#    Command line =  
#        -f C:\Users\bertz\AppData\Local\Temp\EW7665.tmp
#        (E:\Users\bertz\Documents\GitHub\BSPv1.4\EWARM\BSPv1.4\Obj\adc.o
#        E:\Users\bertz\Documents\GitHub\BSPv1.4\EWARM\BSPv1.4\Obj\BSP_DAC5571.o
#        E:\Users\bertz\Documents\GitHub\BSPv1.4\EWARM\BSPv1.4\Obj\bsp_gentlesensor.o
#        E:\Users\bertz\Documents\GitHub\BSPv1.4\EWARM\BSPv1.4\Obj\bsp_led.o
#        E:\Users\bertz\Documents\GitHub\BSPv1.4\EWARM\BSPv1.4\Obj\bsp_log.o
#        E:\Users\bertz\Documents\GitHub\BSPv1.4\EWARM\BSPv1.4\Obj\bsp_motor.o
#        E:\Users\bertz\Documents\GitHub\BSPv1.4\EWARM\BSPv1.4\Obj\bsp_protocol.o
#        E:\Users\bertz\Documents\GitHub\BSPv1.4\EWARM\BSPv1.4\Obj\dma.o
#        E:\Users\bertz\Documents\GitHub\BSPv1.4\EWARM\BSPv1.4\Obj\gpio.o
#        E:\Users\bertz\Documents\GitHub\BSPv1.4\EWARM\BSPv1.4\Obj\i2c.o
#        E:\Users\bertz\Documents\GitHub\BSPv1.4\EWARM\BSPv1.4\Obj\main.o
#        E:\Users\bertz\Documents\GitHub\BSPv1.4\EWARM\BSPv1.4\Obj\spi.o
#        E:\Users\bertz\Documents\GitHub\BSPv1.4\EWARM\BSPv1.4\Obj\startup_stm32f103xe.o
#        E:\Users\bertz\Documents\GitHub\BSPv1.4\EWARM\BSPv1.4\Obj\stm32f1xx_hal.o
#        E:\Users\bertz\Documents\GitHub\BSPv1.4\EWARM\BSPv1.4\Obj\stm32f1xx_hal_adc.o
#        E:\Users\bertz\Documents\GitHub\BSPv1.4\EWARM\BSPv1.4\Obj\stm32f1xx_hal_adc_ex.o
#        E:\Users\bertz\Documents\GitHub\BSPv1.4\EWARM\BSPv1.4\Obj\stm32f1xx_hal_cortex.o
#        E:\Users\bertz\Documents\GitHub\BSPv1.4\EWARM\BSPv1.4\Obj\stm32f1xx_hal_dma.o
#        E:\Users\bertz\Documents\GitHub\BSPv1.4\EWARM\BSPv1.4\Obj\stm32f1xx_hal_flash.o
#        E:\Users\bertz\Documents\GitHub\BSPv1.4\EWARM\BSPv1.4\Obj\stm32f1xx_hal_flash_ex.o
#        E:\Users\bertz\Documents\GitHub\BSPv1.4\EWARM\BSPv1.4\Obj\stm32f1xx_hal_gpio.o
#        E:\Users\bertz\Documents\GitHub\BSPv1.4\EWARM\BSPv1.4\Obj\stm32f1xx_hal_gpio_ex.o
#        E:\Users\bertz\Documents\GitHub\BSPv1.4\EWARM\BSPv1.4\Obj\stm32f1xx_hal_i2c.o
#        E:\Users\bertz\Documents\GitHub\BSPv1.4\EWARM\BSPv1.4\Obj\stm32f1xx_hal_msp.o
#        E:\Users\bertz\Documents\GitHub\BSPv1.4\EWARM\BSPv1.4\Obj\stm32f1xx_hal_pwr.o
#        E:\Users\bertz\Documents\GitHub\BSPv1.4\EWARM\BSPv1.4\Obj\stm32f1xx_hal_rcc.o
#        E:\Users\bertz\Documents\GitHub\BSPv1.4\EWARM\BSPv1.4\Obj\stm32f1xx_hal_rcc_ex.o
#        E:\Users\bertz\Documents\GitHub\BSPv1.4\EWARM\BSPv1.4\Obj\stm32f1xx_hal_spi.o
#        E:\Users\bertz\Documents\GitHub\BSPv1.4\EWARM\BSPv1.4\Obj\stm32f1xx_hal_spi_ex.o
#        E:\Users\bertz\Documents\GitHub\BSPv1.4\EWARM\BSPv1.4\Obj\stm32f1xx_hal_tim.o
#        E:\Users\bertz\Documents\GitHub\BSPv1.4\EWARM\BSPv1.4\Obj\stm32f1xx_hal_tim_ex.o
#        E:\Users\bertz\Documents\GitHub\BSPv1.4\EWARM\BSPv1.4\Obj\stm32f1xx_hal_uart.o
#        E:\Users\bertz\Documents\GitHub\BSPv1.4\EWARM\BSPv1.4\Obj\stm32f1xx_it.o
#        E:\Users\bertz\Documents\GitHub\BSPv1.4\EWARM\BSPv1.4\Obj\system_stm32f1xx.o
#        E:\Users\bertz\Documents\GitHub\BSPv1.4\EWARM\BSPv1.4\Obj\tim.o
#        E:\Users\bertz\Documents\GitHub\BSPv1.4\EWARM\BSPv1.4\Obj\usart.o
#        --redirect _Printf=_PrintfFull --redirect _Scanf=_ScanfFull -o
#        E:\Users\bertz\Documents\GitHub\BSPv1.4\EWARM\BSPv1.4\Exe\BSPv1.4.out
#        --map
#        E:\Users\bertz\Documents\GitHub\BSPv1.4\EWARM\BSPv1.4\List\BSPv1.4.map
#        --config
#        E:\Users\bertz\Documents\GitHub\BSPv1.4\EWARM/stm32f103xe_flash.icf
#        --semihosting --entry __iar_program_start --vfe --text_out locale)
#
###############################################################################

*******************************************************************************
*** RUNTIME MODEL ATTRIBUTES
***

CppFlavor       = *
__SystemLibrary = DLib
__dlib_version  = 6


*******************************************************************************
*** HEAP SELECTION
***

The basic heap was selected because no calls to memory allocation
functions were found in the application outside of system library
functions, and there are calls to deallocation functions in the
application.


*******************************************************************************
*** PLACEMENT SUMMARY
***

"A0":  place at 0x08000000 { ro section .intvec };
"P1":  place in [from 0x08000000 to 0x0807ffff] { ro };
define block CSTACK with size = 1K, alignment = 8 { };
define block HEAP with size = 512, alignment = 8 { };
"P2":  place in [from 0x20000000 to 0x2000ffff] {
          rw, block CSTACK, block HEAP };
initialize by copy { rw };

  Section            Kind        Address    Size  Object
  -------            ----        -------    ----  ------
"A0":                                      0x130
  .intvec            ro code  0x08000000   0x130  startup_stm32f103xe.o [1]
                            - 0x08000130   0x130

"P1":                                     0x41ec
  .text              ro code  0x08000130   0xed2  stm32f1xx_hal_i2c.o [1]
  .text              ro code  0x08001004    0xbc  i2c.o [1]
  .text              ro code  0x080010c0   0x4de  stm32f1xx_hal_rcc.o [1]
  .text              ro code  0x080015a0     0xc  stm32f1xx_hal.o [1]
  .text              ro code  0x080015ac     0x2  stm32f1xx_hal_i2c.o [1]
  .text              ro code  0x080015ae     0x2  stm32f1xx_hal_i2c.o [1]
  .text              ro code  0x080015b0     0x2  stm32f1xx_hal_i2c.o [1]
  .text              ro code  0x080015b2     0x2  stm32f1xx_hal_i2c.o [1]
  .text              ro code  0x080015b4     0x2  stm32f1xx_hal_i2c.o [1]
  .text              ro code  0x080015b6     0x2  stm32f1xx_hal_i2c.o [1]
  .text              ro code  0x080015b8     0x2  stm32f1xx_hal_i2c.o [1]
  .text              ro code  0x080015ba     0x2  stm32f1xx_hal_i2c.o [1]
  .text              ro code  0x080015bc   0x422  stm32f1xx_hal_dma.o [1]
  .text              ro code  0x080019de     0x2  stm32f1xx_hal_i2c.o [1]
  .text              ro code  0x080019e0     0x2  stm32f1xx_hal_i2c.o [1]
  .text              ro code  0x080019e4   0x4a2  main.o [1]
  .text              ro code  0x08001e88   0x1f4  stm32f1xx_hal_gpio.o [1]
  .text              ro code  0x0800207c    0x28  stm32f1xx_hal.o [1]
  .text              ro code  0x080020a4    0x24  stm32f1xx_hal.o [1]
  .text              ro code  0x080020c8   0x114  gpio.o [1]
  .text              ro code  0x080021dc    0x20  dma.o [1]
  .text              ro code  0x080021fc   0x12c  adc.o [1]
  .text              ro code  0x08002328    0xdc  spi.o [1]
  .text              ro code  0x08002404   0x134  tim.o [1]
  .text              ro code  0x08002538   0x1f8  usart.o [1]
  .text              ro code  0x08002730   0x54a  stm32f1xx_hal_adc.o [1]
  .text              ro code  0x08002c7c   0x36c  stm32f1xx_hal_tim.o [1]
  .text              ro code  0x08002fe8   0x1b8  bsp_motor.o [1]
  .text              ro code  0x080031a0   0x2c8  bsp_protocol.o [1]
  .text              ro code  0x08003468    0x74  bsp_led.o [1]
  .text              ro code  0x080034dc    0x98  BSP_DAC5571.o [1]
  .text              ro code  0x08003574    0x88  bsp_log.o [1]
  .text              ro code  0x080035fc    0xe8  stm32f1xx_hal_rcc_ex.o [1]
  .text              ro code  0x080036e4    0xe6  stm32f1xx_hal_cortex.o [1]
  .text              ro code  0x080037cc    0x8c  stm32f1xx_hal_msp.o [1]
  .text              ro code  0x08003858    0x82  stm32f1xx_hal_spi_ex.o [1]
  .text              ro code  0x080038dc    0x4a  stm32f1xx_hal_tim_ex.o [1]
  .text              ro code  0x08003928   0x618  stm32f1xx_hal_uart.o [1]
  .text              ro code  0x08003f40     0x2  stm32f1xx_hal_adc.o [1]
  .text              ro code  0x08003f44     0x2  stm32f1xx_hal_adc_ex.o [1]
  .text              ro code  0x08003f46     0x2  stm32f1xx_hal_adc.o [1]
  .text              ro code  0x08003f48     0x2  stm32f1xx_hal_adc.o [1]
  .text              ro code  0x08003f4a     0x2  stm32f1xx_hal_adc.o [1]
  .text              ro code  0x08003f4c     0x2  stm32f1xx_hal_tim.o [1]
  .text              ro code  0x08003f4e     0x2  stm32f1xx_hal_tim.o [1]
  .text              ro code  0x08003f50     0x2  stm32f1xx_hal_tim_ex.o [1]
  .text              ro code  0x08003f52     0x2  stm32f1xx_hal_tim.o [1]
  .text              ro code  0x08003f54     0x2  stm32f1xx_hal_tim_ex.o [1]
  .text              ro code  0x08003f56     0x2  stm32f1xx_hal_tim.o [1]
  .text              ro code  0x08003f58    0x1e  stm32f1xx_hal.o [1]
  .text              ro code  0x08003f78    0xa6  ABImemcpy.o [4]
  .text              ro code  0x0800401e     0x2  stm32f1xx_hal_uart.o [1]
  .text              ro code  0x08004020     0x2  stm32f1xx_hal_uart.o [1]
  .text              ro code  0x08004022     0x2  stm32f1xx_hal_uart.o [1]
  .text              ro code  0x08004024     0x2  stm32f1xx_hal_uart.o [1]
  .text              ro code  0x08004028    0xa0  stm32f1xx_it.o [1]
  .text              ro code  0x080040c8    0x10  stm32f1xx_hal.o [1]
  .text              ro code  0x080040d8    0x5c  system_stm32f1xx.o [1]
  .text              ro code  0x08004134    0x40  zero_init3.o [4]
  .text              ro code  0x08004174    0x2c  copy_init3.o [4]
  .text              ro code  0x080041a0    0x28  data_init.o [4]
  .iar.init_table    const    0x080041c8    0x24  - Linker created -
  .text              ro code  0x080041ec    0x1e  cmain.o [4]
  .text              ro code  0x0800420a     0x4  low_level_init.o [3]
  .text              ro code  0x0800420e     0x4  exit.o [3]
  .text              ro code  0x08004214     0xa  cexit.o [4]
  .text              ro code  0x08004220    0x14  exit.o [5]
  .text              ro code  0x08004234    0x10  startup_stm32f103xe.o [1]
  .text              ro code  0x08004244     0xc  cstartup_M.o [4]
  .rodata            const    0x08004250     0x8  system_stm32f1xx.o [1]
  .text              ro code  0x08004258     0x4  startup_stm32f103xe.o [1]
  .text              ro code  0x0800425c     0x4  startup_stm32f103xe.o [1]
  .text              ro code  0x08004260     0x4  startup_stm32f103xe.o [1]
  .text              ro code  0x08004264     0x4  startup_stm32f103xe.o [1]
  .text              ro code  0x08004268     0x4  startup_stm32f103xe.o [1]
  .text              ro code  0x0800426c     0x4  startup_stm32f103xe.o [1]
  .text              ro code  0x08004270     0x4  startup_stm32f103xe.o [1]
  .text              ro code  0x08004274     0x4  startup_stm32f103xe.o [1]
  .text              ro code  0x08004278     0x4  startup_stm32f103xe.o [1]
  .text              ro code  0x0800427c     0x4  startup_stm32f103xe.o [1]
  .text              ro code  0x08004280     0x4  startup_stm32f103xe.o [1]
  .text              ro code  0x08004284     0x4  startup_stm32f103xe.o [1]
  .text              ro code  0x08004288     0x4  startup_stm32f103xe.o [1]
  .text              ro code  0x0800428c     0x4  startup_stm32f103xe.o [1]
  .text              ro code  0x08004290     0x4  startup_stm32f103xe.o [1]
  .text              ro code  0x08004294     0x4  startup_stm32f103xe.o [1]
  .text              ro code  0x08004298     0x4  startup_stm32f103xe.o [1]
  .text              ro code  0x0800429c     0x4  startup_stm32f103xe.o [1]
  .text              ro code  0x080042a0     0x4  startup_stm32f103xe.o [1]
  .text              ro code  0x080042a4     0x4  startup_stm32f103xe.o [1]
  .text              ro code  0x080042a8     0x4  startup_stm32f103xe.o [1]
  .text              ro code  0x080042ac     0x4  startup_stm32f103xe.o [1]
  .text              ro code  0x080042b0     0x4  startup_stm32f103xe.o [1]
  .text              ro code  0x080042b4     0x4  startup_stm32f103xe.o [1]
  .text              ro code  0x080042b8     0x4  startup_stm32f103xe.o [1]
  .text              ro code  0x080042bc     0x4  startup_stm32f103xe.o [1]
  .text              ro code  0x080042c0     0x4  startup_stm32f103xe.o [1]
  .text              ro code  0x080042c4     0x4  startup_stm32f103xe.o [1]
  .text              ro code  0x080042c8     0x4  startup_stm32f103xe.o [1]
  .text              ro code  0x080042cc     0x4  startup_stm32f103xe.o [1]
  .text              ro code  0x080042d0     0x4  startup_stm32f103xe.o [1]
  .text              ro code  0x080042d4     0x4  startup_stm32f103xe.o [1]
  .text              ro code  0x080042d8     0x4  startup_stm32f103xe.o [1]
  .text              ro code  0x080042dc     0x4  startup_stm32f103xe.o [1]
  .text              ro code  0x080042e0     0x4  startup_stm32f103xe.o [1]
  .text              ro code  0x080042e4     0x4  startup_stm32f103xe.o [1]
  .text              ro code  0x080042e8     0x4  startup_stm32f103xe.o [1]
  .text              ro code  0x080042ec     0x4  startup_stm32f103xe.o [1]
  .text              ro code  0x080042f0     0x4  startup_stm32f103xe.o [1]
  .text              ro code  0x080042f4     0x4  startup_stm32f103xe.o [1]
  .text              ro code  0x080042f8     0x4  startup_stm32f103xe.o [1]
  .text              ro code  0x080042fc     0x4  startup_stm32f103xe.o [1]
  .text              ro code  0x08004300     0x4  startup_stm32f103xe.o [1]
  .text              ro code  0x08004304     0x4  startup_stm32f103xe.o [1]
  .text              ro code  0x08004308     0x4  startup_stm32f103xe.o [1]
  .text              ro code  0x0800430c     0x4  startup_stm32f103xe.o [1]
  .text              ro code  0x08004310     0x4  startup_stm32f103xe.o [1]
  .text              ro code  0x08004314     0x4  startup_stm32f103xe.o [1]
  Initializer bytes  const    0x08004318     0x4  <for P2-1>
  .rodata            const    0x0800431c     0x0  zero_init3.o [4]
  .rodata            const    0x0800431c     0x0  copy_init3.o [4]
                            - 0x0800431c  0x41ec

"P2", part 1 of 3:                           0x4
  P2-1                        0x20000000     0x4  <Init block>
    .data            inited   0x20000000     0x4  system_stm32f1xx.o [1]
                            - 0x20000004     0x4

"P2", part 2 of 3:                        0x1430
  .bss               zero     0x20000004   0x808  bsp_protocol.o [1]
  .bss               zero     0x2000080c   0x804  bsp_protocol.o [1]
  .bss               zero     0x20001010   0x110  usart.o [1]
  .bss               zero     0x20001120    0x84  main.o [1]
  .bss               zero     0x200011a4    0x58  spi.o [1]
  .bss               zero     0x200011fc    0x54  i2c.o [1]
  .bss               zero     0x20001250    0x44  adc.o [1]
  .bss               zero     0x20001294    0x40  tim.o [1]
  .bss               zero     0x200012d4    0x40  tim.o [1]
  .bss               zero     0x20001314    0x40  usart.o [1]
  .bss               zero     0x20001354    0x40  usart.o [1]
  .bss               zero     0x20001394    0x30  adc.o [1]
  .bss               zero     0x200013c4    0x24  main.o [1]
  .bss               zero     0x200013e8    0x18  bsp_log.o [1]
  .bss               zero     0x20001400    0x14  main.o [1]
  .bss               zero     0x20001414    0x10  main.o [1]
  .bss               zero     0x20001424     0x8  bsp_protocol.o [1]
  .bss               zero     0x2000142c     0x4  stm32f1xx_hal.o [1]
  .bss               zero     0x20001430     0x2  BSP_DAC5571.o [1]
                            - 0x20001432  0x142e

"P2", part 3 of 3:                         0x400
  CSTACK                      0x20001438   0x400  <Block>
    CSTACK           uninit   0x20001438   0x400  <Block tail>
                            - 0x20001838   0x400


*******************************************************************************
*** INIT TABLE
***

          Address     Size
          -------     ----
Zero (__iar_zero_init3)
    1 destination range, total size 0x142e:
          0x20000004  0x142e

Copy (__iar_copy_init3)
    1 source range, total size 0x4:
          0x08004318     0x4
    1 destination range, total size 0x4:
          0x20000000     0x4



*******************************************************************************
*** MODULE SUMMARY
***

    Module                  ro code  ro data  rw data
    ------                  -------  -------  -------
E:\Users\bertz\Documents\GitHub\BSPv1.4\EWARM\BSPv1.4\Obj: [1]
    BSP_DAC5571.o               152                 2
    adc.o                       300               116
    bsp_led.o                   116
    bsp_log.o                   136                24
    bsp_motor.o                 440
    bsp_protocol.o              712             4 116
    dma.o                        32
    gpio.o                      276
    i2c.o                       188                84
    main.o                    1 186               204
    spi.o                       220                88
    startup_stm32f103xe.o       512
    stm32f1xx_hal.o             134                 4
    stm32f1xx_hal_adc.o       1 362
    stm32f1xx_hal_adc_ex.o        2
    stm32f1xx_hal_cortex.o      230
    stm32f1xx_hal_dma.o       1 058
    stm32f1xx_hal_gpio.o        500
    stm32f1xx_hal_i2c.o       3 814
    stm32f1xx_hal_msp.o         140
    stm32f1xx_hal_rcc.o       1 246
    stm32f1xx_hal_rcc_ex.o      232
    stm32f1xx_hal_spi_ex.o      130
    stm32f1xx_hal_tim.o         884
    stm32f1xx_hal_tim_ex.o       78
    stm32f1xx_hal_uart.o      1 568
    stm32f1xx_it.o              160
    system_stm32f1xx.o           92       12        4
    tim.o                       308               128
    usart.o                     504               400
    -------------------------------------------------
    Total:                   16 712       12    5 170

command line: [2]
    -------------------------------------------------
    Total:

dl7M_tlf.a: [3]
    exit.o                        4
    low_level_init.o              4
    -------------------------------------------------
    Total:                        8

rt7M_tl.a: [4]
    ABImemcpy.o                 166
    cexit.o                      10
    cmain.o                      30
    copy_init3.o                 44
    cstartup_M.o                 12
    data_init.o                  40
    zero_init3.o                 64
    -------------------------------------------------
    Total:                      366

shb_l.a: [5]
    exit.o                       20
    -------------------------------------------------
    Total:                       20

    Gaps                         26
    Linker created                        36    1 024
-----------------------------------------------------
    Grand Total:             17 132       48    6 194


*******************************************************************************
*** ENTRY LIST
***

Entry                      Address   Size  Type      Object
-----                      -------   ----  ----      ------
.iar.init_table$$Base   0x080041c8          --   Gb  - Linker created -
.iar.init_table$$Limit  0x080041ec          --   Gb  - Linker created -
?main                   0x080041ed         Code  Gb  cmain.o [4]
ADC1_2_IRQHandler       0x08004065    0x6  Code  Gb  stm32f1xx_it.o [1]
ADC_ConversionStop_Disable
                        0x08002bd1   0x44  Code  Gb  stm32f1xx_hal_adc.o [1]
ADC_DMAConvCplt         0x08002c15   0x48  Code  Gb  stm32f1xx_hal_adc.o [1]
ADC_DMAError            0x08002c65   0x16  Code  Gb  stm32f1xx_hal_adc.o [1]
ADC_DMAHalfConvCplt     0x08002c5d    0x6  Code  Gb  stm32f1xx_hal_adc.o [1]
ADC_Enable              0x08002b3b   0x6a  Code  Gb  stm32f1xx_hal_adc.o [1]
AHBPrescTable           0x08004124   0x10  Data  Gb  system_stm32f1xx.o [1]
APBPrescTable           0x08004250    0x8  Data  Gb  system_stm32f1xx.o [1]
AckCmdBuffer            0x20001424    0x8  Data  Gb  bsp_protocol.o [1]
BSP_AckRequestCmdFromDriverBoard
                        0x08003275   0x28  Code  Gb  bsp_protocol.o [1]
BSP_DAC5571_Check       0x08003517   0x52  Code  Gb  BSP_DAC5571.o [1]
BSP_DAC5571_Init        0x080034dd   0x18  Code  Gb  BSP_DAC5571.o [1]
BSP_DAC5571_WriteValue  0x080034f5   0x1a  Code  Gb  BSP_DAC5571.o [1]
BSP_DriverBoardProtocolInit
                        0x08003209   0x36  Code  Gb  bsp_protocol.o [1]
BSP_DriverBoardUsartReceive_IDLE
                        0x080031bd   0x4c  Code  Gb  bsp_protocol.o [1]
BSP_HandingCmdFromDriverBoard
                        0x080033e1   0x64  Code  Gb  bsp_protocol.o [1]
BSP_HandingUartDataFromDriverBoard
                        0x0800329d  0x13e  Code  Gb  bsp_protocol.o [1]
BSP_LEDCheck            0x08003477   0x56  Code  Gb  bsp_led.o [1]
BSP_MotorAction         0x08003167   0x24  Code  Gb  bsp_motor.o [1]
BSP_MotorCheck          0x080030ab   0xbc  Code  Gb  bsp_motor.o [1]
BSP_MotorInit           0x08002fe9   0x38  Code  Gb  bsp_motor.o [1]
BSP_MotorRun            0x0800303f   0x30  Code  Gb  bsp_motor.o [1]
BSP_MotorStop           0x0800308d   0x14  Code  Gb  bsp_motor.o [1]
BSP_RUNNINGLED_ON       0x08003469    0x4  Code  Gb  bsp_led.o [1]
BSP_ReportLogInfo       0x08003597   0x60  Code  Gb  bsp_log.o [1]
BSP_SendDataToDriverBoard
                        0x0800323f   0x36  Code  Gb  bsp_protocol.o [1]
BSP_UpCurrentPeak       0x08003575    0xa  Code  Gb  bsp_log.o [1]
BSP_UpDoorOpenSpeed     0x0800357f    0x6  Code  Gb  bsp_log.o [1]
BSP_UpGentleStatus      0x0800358b    0x6  Code  Gb  bsp_log.o [1]
BSP_UpMotorStatus       0x08003585    0x6  Code  Gb  bsp_log.o [1]
BSP_UpPressureWaveCondition
                        0x08003591    0x6  Code  Gb  bsp_log.o [1]
BusFault_Handler        0x0800402f    0x2  Code  Gb  stm32f1xx_it.o [1]
CSTACK$$Base            0x20001438          --   Gb  - Linker created -
CSTACK$$Limit           0x20001838          --   Gb  - Linker created -
CheckStatus             0x08001e35   0x2a  Code  Gb  main.o [1]
DMA1_Channel1_IRQHandler
                        0x08004047    0x6  Code  Gb  stm32f1xx_it.o [1]
DMA1_Channel4_IRQHandler
                        0x0800404d    0x6  Code  Gb  stm32f1xx_it.o [1]
DMA1_Channel5_IRQHandler
                        0x08004053    0x6  Code  Gb  stm32f1xx_it.o [1]
DMA1_Channel6_IRQHandler
                        0x08004059    0x6  Code  Gb  stm32f1xx_it.o [1]
DMA1_Channel7_IRQHandler
                        0x0800405f    0x6  Code  Gb  stm32f1xx_it.o [1]
DMA_SetConfig           0x080019bd   0x22  Code  Lc  stm32f1xx_hal_dma.o [1]
DebugMon_Handler        0x08004035    0x2  Code  Gb  stm32f1xx_it.o [1]
DoorBoardLogInfo        0x200013e8   0x18  Data  Lc  bsp_log.o [1]
DriverBoardCmdBuffer    0x20000004  0x808  Data  Gb  bsp_protocol.o [1]
DriverBoardUsartType    0x2000080c  0x804  Data  Gb  bsp_protocol.o [1]
HAL_ADCEx_InjectedConvCpltCallback
                        0x08003f45    0x2  Code  Wk  stm32f1xx_hal_adc_ex.o [1]
HAL_ADC_ConfigChannel   0x08002a3f   0xe4  Code  Gb  stm32f1xx_hal_adc.o [1]
HAL_ADC_IRQHandler      0x0800294f   0xd8  Code  Gb  stm32f1xx_hal_adc.o [1]
HAL_ADC_Init            0x08002731  0x110  Code  Gb  stm32f1xx_hal_adc.o [1]
HAL_ADC_MspInit         0x0800226d   0x70  Code  Gb  adc.o [1]
HAL_ADC_Start_DMA       0x08002855   0xfa  Code  Gb  stm32f1xx_hal_adc.o [1]
HAL_DMA_Abort           0x080016b7   0x32  Code  Gb  stm32f1xx_hal_dma.o [1]
HAL_DMA_Abort_IT        0x080016e9   0xdc  Code  Gb  stm32f1xx_hal_dma.o [1]
HAL_DMA_IRQHandler      0x080017c5  0x1b4  Code  Gb  stm32f1xx_hal_dma.o [1]
HAL_DMA_Init            0x080015bd   0x78  Code  Gb  stm32f1xx_hal_dma.o [1]
HAL_DMA_Start_IT        0x08001643   0x74  Code  Gb  stm32f1xx_hal_dma.o [1]
HAL_Delay               0x08003f59   0x1e  Code  Wk  stm32f1xx_hal.o [1]
HAL_GPIO_Init           0x08001e89  0x196  Code  Gb  stm32f1xx_hal_gpio.o [1]
HAL_GPIO_ReadPin        0x0800201f    0xc  Code  Gb  stm32f1xx_hal_gpio.o [1]
HAL_GPIO_TogglePin      0x08002037    0x8  Code  Gb  stm32f1xx_hal_gpio.o [1]
HAL_GPIO_WritePin       0x0800202b    0xc  Code  Gb  stm32f1xx_hal_gpio.o [1]
HAL_GetTick             0x080015a1    0xc  Code  Wk  stm32f1xx_hal.o [1]
HAL_I2C_ER_IRQHandler   0x080005e1   0xc0  Code  Gb  stm32f1xx_hal_i2c.o [1]
HAL_I2C_EV_IRQHandler   0x080003af  0x20e  Code  Gb  stm32f1xx_hal_i2c.o [1]
HAL_I2C_Init            0x08000131   0xc8  Code  Gb  stm32f1xx_hal_i2c.o [1]
HAL_I2C_Master_Transmit
                        0x08000209   0xa2  Code  Gb  stm32f1xx_hal_i2c.o [1]
HAL_I2C_MspInit         0x0800103d   0x3a  Code  Gb  i2c.o [1]
HAL_IncTick             0x080040c9   0x10  Code  Wk  stm32f1xx_hal.o [1]
HAL_Init                0x080020a5   0x20  Code  Gb  stm32f1xx_hal.o [1]
HAL_InitTick            0x0800207d   0x28  Code  Wk  stm32f1xx_hal.o [1]
HAL_MspInit             0x080037cd   0x8c  Code  Gb  stm32f1xx_hal_msp.o [1]
HAL_NVIC_EnableIRQ      0x08003757    0xa  Code  Gb  stm32f1xx_hal_cortex.o [1]
HAL_NVIC_SetPriority    0x0800371d   0x3a  Code  Gb  stm32f1xx_hal_cortex.o [1]
HAL_NVIC_SetPriorityGrouping
                        0x08003703   0x1a  Code  Gb  stm32f1xx_hal_cortex.o [1]
HAL_RCCEx_PeriphCLKConfig
                        0x080035fd   0xda  Code  Gb  stm32f1xx_hal_rcc_ex.o [1]
HAL_RCC_ClockConfig     0x080013dd  0x10c  Code  Gb  stm32f1xx_hal_rcc.o [1]
HAL_RCC_GetHCLKFreq     0x08001537    0x6  Code  Gb  stm32f1xx_hal_rcc.o [1]
HAL_RCC_GetPCLK1Freq    0x0800153d   0x10  Code  Gb  stm32f1xx_hal_rcc.o [1]
HAL_RCC_GetPCLK2Freq    0x0800154d    0xe  Code  Gb  stm32f1xx_hal_rcc.o [1]
HAL_RCC_GetSysClockFreq
                        0x080014fd   0x3a  Code  Gb  stm32f1xx_hal_rcc.o [1]
HAL_RCC_GetSysClockFreq::aPLLMULFactorTable
                        0x0800158c   0x10  Data  Lc  stm32f1xx_hal_rcc.o [1]
HAL_RCC_GetSysClockFreq::aPredivFactorTable
                        0x0800159c    0x2  Data  Lc  stm32f1xx_hal_rcc.o [1]
HAL_RCC_OscConfig       0x080010c1  0x314  Code  Gb  stm32f1xx_hal_rcc.o [1]
HAL_SPI_Init            0x08003859   0x82  Code  Gb  stm32f1xx_hal_spi_ex.o [1]
HAL_SPI_MspInit         0x08002373   0x4e  Code  Gb  spi.o [1]
HAL_SYSTICK_CLKSourceConfig
                        0x08003793   0x1a  Code  Gb  stm32f1xx_hal_cortex.o [1]
HAL_SYSTICK_Config      0x0800376b   0x28  Code  Gb  stm32f1xx_hal_cortex.o [1]
HAL_SYSTICK_IRQHandler  0x080037c5    0x4  Code  Gb  stm32f1xx_hal_cortex.o [1]
HAL_TIMEx_BreakCallback
                        0x08003f51    0x2  Code  Wk  stm32f1xx_hal_tim_ex.o [1]
HAL_TIMEx_CommutationCallback
                        0x08003f55    0x2  Code  Wk  stm32f1xx_hal_tim_ex.o [1]
HAL_TIMEx_MasterConfigSynchronization
                        0x080038dd   0x4a  Code  Gb  stm32f1xx_hal_tim_ex.o [1]
HAL_TIM_Base_Init       0x08002c7d   0x1a  Code  Gb  stm32f1xx_hal_tim.o [1]
HAL_TIM_Base_MspInit    0x080024b7   0x38  Code  Gb  tim.o [1]
HAL_TIM_Base_Start_IT   0x08002c97   0x16  Code  Gb  stm32f1xx_hal_tim.o [1]
HAL_TIM_ConfigClockSource
                        0x08002e19   0xac  Code  Gb  stm32f1xx_hal_tim.o [1]
HAL_TIM_IRQHandler      0x08002cd1  0x142  Code  Gb  stm32f1xx_hal_tim.o [1]
HAL_TIM_PeriodElapsedCallback
                        0x08001c3b  0x1f4  Code  Gb  main.o [1]
HAL_UART_DMAStop        0x08003ae5   0x48  Code  Gb  stm32f1xx_hal_uart.o [1]
HAL_UART_IRQHandler     0x08003b45  0x152  Code  Gb  stm32f1xx_hal_uart.o [1]
HAL_UART_Init           0x08003929   0x1e  Code  Gb  stm32f1xx_hal_uart.o [1]
HAL_UART_MspInit        0x0800258b  0x128  Code  Gb  usart.o [1]
HAL_UART_Receive_DMA    0x08003a53   0x92  Code  Gb  stm32f1xx_hal_uart.o [1]
HAL_UART_Transmit       0x080039a1   0xaa  Code  Gb  stm32f1xx_hal_uart.o [1]
HardFault_Handler       0x0800402b    0x2  Code  Gb  stm32f1xx_it.o [1]
I2C2_ER_IRQHandler      0x08004077    0x6  Code  Gb  stm32f1xx_it.o [1]
I2C2_EV_IRQHandler      0x08004071    0x6  Code  Gb  stm32f1xx_it.o [1]
I2C_DMAAbort            0x08000e0d   0x50  Code  Lc  stm32f1xx_hal_i2c.o [1]
I2C_ITError             0x08000c29   0xde  Code  Lc  stm32f1xx_hal_i2c.o [1]
I2C_IsAcknowledgeFailed
                        0x08000fdb   0x28  Code  Lc  stm32f1xx_hal_i2c.o [1]
I2C_MasterReceive_BTF   0x080008b7   0x90  Code  Lc  stm32f1xx_hal_i2c.o [1]
I2C_MasterReceive_RXNE  0x08000803   0x9c  Code  Lc  stm32f1xx_hal_i2c.o [1]
I2C_MasterRequestWrite  0x08000d35   0x7a  Code  Lc  stm32f1xx_hal_i2c.o [1]
I2C_MasterTransmit_BTF  0x08000769   0x48  Code  Lc  stm32f1xx_hal_i2c.o [1]
I2C_MasterTransmit_TXE  0x080006a1   0xc8  Code  Lc  stm32f1xx_hal_i2c.o [1]
I2C_Master_ADDR         0x0800096d  0x12c  Code  Lc  stm32f1xx_hal_i2c.o [1]
I2C_Slave_AF            0x08000bb1   0x78  Code  Lc  stm32f1xx_hal_i2c.o [1]
I2C_Slave_STOPF         0x08000ad5   0xd6  Code  Lc  stm32f1xx_hal_i2c.o [1]
I2C_WaitOnBTFFlagUntilTimeout
                        0x08000f7f   0x34  Code  Lc  stm32f1xx_hal_i2c.o [1]
I2C_WaitOnFlagUntilTimeout
                        0x08000e5d   0x6c  Code  Lc  stm32f1xx_hal_i2c.o [1]
I2C_WaitOnMasterAddressFlagUntilTimeout
                        0x08000ec9   0x82  Code  Lc  stm32f1xx_hal_i2c.o [1]
I2C_WaitOnTXEFlagUntilTimeout
                        0x08000f4b   0x34  Code  Lc  stm32f1xx_hal_i2c.o [1]
MX_ADC1_Init            0x080021fd   0x70  Code  Gb  adc.o [1]
MX_DMA_Init             0x080021dd   0x20  Code  Gb  dma.o [1]
MX_GPIO_Init            0x080020c9   0xea  Code  Gb  gpio.o [1]
MX_I2C2_Init            0x08001005   0x38  Code  Gb  i2c.o [1]
MX_NVIC_Init            0x08001b75   0xc6  Code  Lc  main.o [1]
MX_SPI1_Init            0x08002329   0x4a  Code  Gb  spi.o [1]
MX_TIM4_Init            0x08002405   0x40  Code  Gb  tim.o [1]
MX_TIM5_Init            0x08002445   0x42  Code  Gb  tim.o [1]
MX_USART1_UART_Init     0x08002539   0x16  Code  Gb  usart.o [1]
MX_USART2_UART_Init     0x0800254f   0x16  Code  Gb  usart.o [1]
MemManage_Handler       0x0800402d    0x2  Code  Gb  stm32f1xx_it.o [1]
NMI_Handler             0x08004029    0x2  Code  Gb  stm32f1xx_it.o [1]
NVIC_SetPriority        0x080036e5   0x1e  Code  Lc  stm32f1xx_hal_cortex.o [1]
PendSV_Handler          0x08004037    0x2  Code  Gb  stm32f1xx_it.o [1]
Region$$Table$$Base     0x080041c8          --   Gb  - Linker created -
Region$$Table$$Limit    0x080041ec          --   Gb  - Linker created -
SVC_Handler             0x08004033    0x2  Code  Gb  stm32f1xx_it.o [1]
SysTick_Handler         0x08004039    0xe  Code  Gb  stm32f1xx_it.o [1]
SystemClock_Config      0x08001aef   0x86  Code  Gb  main.o [1]
SystemCoreClock         0x20000000    0x4  Data  Gb  system_stm32f1xx.o [1]
SystemInit              0x080040d9   0x3a  Code  Gb  system_stm32f1xx.o [1]
TIM4_IRQHandler         0x0800406b    0x6  Code  Gb  stm32f1xx_it.o [1]
TIM5_IRQHandler         0x08004097    0x6  Code  Gb  stm32f1xx_it.o [1]
TIM_Base_SetConfig      0x08002eef   0x74  Code  Gb  stm32f1xx_hal_tim.o [1]
TIM_ETR_SetConfig       0x08002fcf   0x14  Code  Lc  stm32f1xx_hal_tim.o [1]
TIM_ITRx_SetConfig      0x08002fbf   0x10  Code  Lc  stm32f1xx_hal_tim.o [1]
TIM_TI1_ConfigInputStage
                        0x08002f7d   0x1e  Code  Lc  stm32f1xx_hal_tim.o [1]
TIM_TI2_ConfigInputStage
                        0x08002f9b   0x24  Code  Lc  stm32f1xx_hal_tim.o [1]
UART_DMAAbortOnError    0x08003db5    0xc  Code  Lc  stm32f1xx_hal_uart.o [1]
UART_DMAError           0x08003cd9   0x4a  Code  Lc  stm32f1xx_hal_uart.o [1]
UART_DMAReceiveCplt     0x08003c99   0x38  Code  Lc  stm32f1xx_hal_uart.o [1]
UART_DMARxHalfCplt      0x08003cd1    0x6  Code  Lc  stm32f1xx_hal_uart.o [1]
UART_EndRxTransfer      0x08003d99   0x1c  Code  Lc  stm32f1xx_hal_uart.o [1]
UART_EndTxTransfer      0x08003d87   0x12  Code  Lc  stm32f1xx_hal_uart.o [1]
UART_Receive_IT         0x08003dc1   0x96  Code  Lc  stm32f1xx_hal_uart.o [1]
UART_SetConfig          0x08003e57   0xde  Code  Lc  stm32f1xx_hal_uart.o [1]
UART_WaitOnFlagUntilTimeout
                        0x08003d23   0x56  Code  Lc  stm32f1xx_hal_uart.o [1]
USART1_IRQHandler       0x0800407d   0x14  Code  Gb  stm32f1xx_it.o [1]
USART2_IRQHandler       0x08004091    0x6  Code  Gb  stm32f1xx_it.o [1]
UsageFault_Handler      0x08004031    0x2  Code  Gb  stm32f1xx_it.o [1]
_Error_Handler          0x08001e85    0x2  Code  Gb  main.o [1]
__aeabi_memcpy          0x08003f79         Code  Gb  ABImemcpy.o [4]
__aeabi_memcpy4         0x08003f99         Code  Gb  ABImemcpy.o [4]
__aeabi_memcpy8         0x08003f99         Code  Gb  ABImemcpy.o [4]
__cmain                 0x080041ed         Code  Gb  cmain.o [4]
__exit                  0x08004221   0x14  Code  Gb  exit.o [5]
__iar_copy_init3        0x08004175   0x2c  Code  Gb  copy_init3.o [4]
__iar_data_init3        0x080041a1   0x28  Code  Gb  data_init.o [4]
__iar_program_start     0x08004245         Code  Gb  cstartup_M.o [4]
__iar_systems$$module {Abs}
                        0x00000001         Data  Gb  command line/config [2]
__iar_zero_init3        0x08004135   0x40  Code  Gb  zero_init3.o [4]
__low_level_init        0x0800420b    0x4  Code  Gb  low_level_init.o [3]
__vector_table          0x08000000         Data  Gb  startup_stm32f103xe.o [1]
_call_main              0x080041f9         Code  Gb  cmain.o [4]
_exit                   0x08004215         Code  Gb  cexit.o [4]
_main                   0x08004207         Code  Gb  cmain.o [4]
exit                    0x0800420f    0x4  Code  Gb  exit.o [3]
gADCBuffer              0x20001134   0x50  Data  Gb  main.o [1]
gComingCarFlag          0x200013d5    0x1  Data  Gb  main.o [1]
gCtrlSpeedCnt           0x200013da    0x2  Data  Gb  main.o [1]
gCtrlSpeedTimCnt        0x200013d4    0x1  Data  Gb  main.o [1]
gCtrlSpeedTimFlag       0x20001131    0x1  Data  Gb  main.o [1]
gDriverBoardProtocolCmd
                        0x2000118c   0x18  Data  Gb  main.o [1]
gGentleSensorStatusDetection
                        0x200013c4   0x10  Data  Gb  main.o [1]
gHorCurrentReadVal      0x200013d9    0x1  Data  Gb  main.o [1]
gHorLastReadVal         0x200013d8    0x1  Data  Gb  main.o [1]
gICurrentValue          0x20001184    0x4  Data  Gb  main.o [1]
gLogCnt                 0x200013e0    0x4  Data  Gb  main.o [1]
gMCUAIRInputStatusGpio  0x20001414   0x10  Data  Gb  main.o [1]
gMotorMachine           0x20001400   0x14  Data  Gb  main.o [1]
gRadarInputStatusGpio   0x20001120   0x10  Data  Gb  main.o [1]
gSendLogReportFlag      0x20001130    0x1  Data  Gb  main.o [1]
gTIM5Cnt                0x200013dc    0x2  Data  Gb  main.o [1]
gTIM5CntFlag            0x20001132    0x1  Data  Gb  main.o [1]
gTIM5LedFlag            0x20001133    0x1  Data  Gb  main.o [1]
gTempertureValue        0x20001188    0x4  Data  Gb  main.o [1]
gVerCurrentReadVal      0x200013d7    0x1  Data  Gb  main.o [1]
gVerLastReadVal         0x200013d6    0x1  Data  Gb  main.o [1]
gWaitCnt                0x200013e4    0x4  Data  Gb  main.o [1]
getXORCode              0x080031a1   0x1c  Code  Lc  bsp_protocol.o [1]
hadc1                   0x20001394   0x30  Data  Gb  adc.o [1]
hdma_adc1               0x20001250   0x44  Data  Gb  adc.o [1]
hdma_usart1_rx          0x20001010   0x44  Data  Gb  usart.o [1]
hdma_usart1_tx          0x20001054   0x44  Data  Gb  usart.o [1]
hdma_usart2_rx          0x20001098   0x44  Data  Gb  usart.o [1]
hdma_usart2_tx          0x200010dc   0x44  Data  Gb  usart.o [1]
hi2c2                   0x200011fc   0x54  Data  Gb  i2c.o [1]
hspi1                   0x200011a4   0x58  Data  Gb  spi.o [1]
htim4                   0x20001294   0x40  Data  Gb  tim.o [1]
htim5                   0x200012d4   0x40  Data  Gb  tim.o [1]
huart1                  0x20001314   0x40  Data  Gb  usart.o [1]
huart2                  0x20001354   0x40  Data  Gb  usart.o [1]
main                    0x080019e5  0x10a  Code  Gb  main.o [1]
uwTick                  0x2000142c    0x4  Data  Gb  stm32f1xx_hal.o [1]
writebuffer             0x20001430    0x2  Data  Lc  BSP_DAC5571.o [1]


[1] = E:\Users\bertz\Documents\GitHub\BSPv1.4\EWARM\BSPv1.4\Obj
[2] = command line
[3] = dl7M_tlf.a
[4] = rt7M_tl.a
[5] = shb_l.a

  17 132 bytes of readonly  code memory
      48 bytes of readonly  data memory
   6 194 bytes of readwrite data memory

Errors: none
Warnings: none
