###############################################################################
#
# IAR ELF Linker V8.20.1.14183/W32 for ARM                29/Dec/2017  15:27:26
# Copyright 2007-2017 IAR Systems AB.
#
#    Output file  =  
#        E:\Users\bertz\Documents\GitHub\BSPv1.4\EWARM\BSPv1.4\Exe\BSPv1.4.out
#    Map file     =  
#        E:\Users\bertz\Documents\GitHub\BSPv1.4\EWARM\BSPv1.4\List\BSPv1.4.map
#    Command line =  
#        -f C:\Users\bertz\AppData\Local\Temp\EW4E64.tmp
#        (E:\Users\bertz\Documents\GitHub\BSPv1.4\EWARM\BSPv1.4\Obj\adc.o
#        E:\Users\bertz\Documents\GitHub\BSPv1.4\EWARM\BSPv1.4\Obj\bsp_gentlesensor.o
#        E:\Users\bertz\Documents\GitHub\BSPv1.4\EWARM\BSPv1.4\Obj\bsp_led.o
#        E:\Users\bertz\Documents\GitHub\BSPv1.4\EWARM\BSPv1.4\Obj\bsp_motor.o
#        E:\Users\bertz\Documents\GitHub\BSPv1.4\EWARM\BSPv1.4\Obj\bsp_protocol.o
#        E:\Users\bertz\Documents\GitHub\BSPv1.4\EWARM\BSPv1.4\Obj\dma.o
#        E:\Users\bertz\Documents\GitHub\BSPv1.4\EWARM\BSPv1.4\Obj\gpio.o
#        E:\Users\bertz\Documents\GitHub\BSPv1.4\EWARM\BSPv1.4\Obj\i2c.o
#        E:\Users\bertz\Documents\GitHub\BSPv1.4\EWARM\BSPv1.4\Obj\main.o
#        E:\Users\bertz\Documents\GitHub\BSPv1.4\EWARM\BSPv1.4\Obj\spi.o
#        E:\Users\bertz\Documents\GitHub\BSPv1.4\EWARM\BSPv1.4\Obj\startup_stm32f103xe.o
#        E:\Users\bertz\Documents\GitHub\BSPv1.4\EWARM\BSPv1.4\Obj\stm32f1xx_hal.o
#        E:\Users\bertz\Documents\GitHub\BSPv1.4\EWARM\BSPv1.4\Obj\stm32f1xx_hal_adc.o
#        E:\Users\bertz\Documents\GitHub\BSPv1.4\EWARM\BSPv1.4\Obj\stm32f1xx_hal_adc_ex.o
#        E:\Users\bertz\Documents\GitHub\BSPv1.4\EWARM\BSPv1.4\Obj\stm32f1xx_hal_cortex.o
#        E:\Users\bertz\Documents\GitHub\BSPv1.4\EWARM\BSPv1.4\Obj\stm32f1xx_hal_dma.o
#        E:\Users\bertz\Documents\GitHub\BSPv1.4\EWARM\BSPv1.4\Obj\stm32f1xx_hal_flash.o
#        E:\Users\bertz\Documents\GitHub\BSPv1.4\EWARM\BSPv1.4\Obj\stm32f1xx_hal_flash_ex.o
#        E:\Users\bertz\Documents\GitHub\BSPv1.4\EWARM\BSPv1.4\Obj\stm32f1xx_hal_gpio.o
#        E:\Users\bertz\Documents\GitHub\BSPv1.4\EWARM\BSPv1.4\Obj\stm32f1xx_hal_gpio_ex.o
#        E:\Users\bertz\Documents\GitHub\BSPv1.4\EWARM\BSPv1.4\Obj\stm32f1xx_hal_i2c.o
#        E:\Users\bertz\Documents\GitHub\BSPv1.4\EWARM\BSPv1.4\Obj\stm32f1xx_hal_msp.o
#        E:\Users\bertz\Documents\GitHub\BSPv1.4\EWARM\BSPv1.4\Obj\stm32f1xx_hal_pwr.o
#        E:\Users\bertz\Documents\GitHub\BSPv1.4\EWARM\BSPv1.4\Obj\stm32f1xx_hal_rcc.o
#        E:\Users\bertz\Documents\GitHub\BSPv1.4\EWARM\BSPv1.4\Obj\stm32f1xx_hal_rcc_ex.o
#        E:\Users\bertz\Documents\GitHub\BSPv1.4\EWARM\BSPv1.4\Obj\stm32f1xx_hal_spi.o
#        E:\Users\bertz\Documents\GitHub\BSPv1.4\EWARM\BSPv1.4\Obj\stm32f1xx_hal_spi_ex.o
#        E:\Users\bertz\Documents\GitHub\BSPv1.4\EWARM\BSPv1.4\Obj\stm32f1xx_hal_tim.o
#        E:\Users\bertz\Documents\GitHub\BSPv1.4\EWARM\BSPv1.4\Obj\stm32f1xx_hal_tim_ex.o
#        E:\Users\bertz\Documents\GitHub\BSPv1.4\EWARM\BSPv1.4\Obj\stm32f1xx_hal_uart.o
#        E:\Users\bertz\Documents\GitHub\BSPv1.4\EWARM\BSPv1.4\Obj\stm32f1xx_it.o
#        E:\Users\bertz\Documents\GitHub\BSPv1.4\EWARM\BSPv1.4\Obj\system_stm32f1xx.o
#        E:\Users\bertz\Documents\GitHub\BSPv1.4\EWARM\BSPv1.4\Obj\tim.o
#        E:\Users\bertz\Documents\GitHub\BSPv1.4\EWARM\BSPv1.4\Obj\usart.o
#        --redirect _Printf=_PrintfFull --redirect _Scanf=_ScanfFull -o
#        E:\Users\bertz\Documents\GitHub\BSPv1.4\EWARM\BSPv1.4\Exe\BSPv1.4.out
#        --map
#        E:\Users\bertz\Documents\GitHub\BSPv1.4\EWARM\BSPv1.4\List\BSPv1.4.map
#        --config
#        E:\Users\bertz\Documents\GitHub\BSPv1.4\EWARM/stm32f103xe_flash.icf
#        --semihosting --entry __iar_program_start --vfe --text_out locale)
#
###############################################################################

*******************************************************************************
*** RUNTIME MODEL ATTRIBUTES
***

CppFlavor       = *
__SystemLibrary = DLib
__dlib_version  = 6


*******************************************************************************
*** HEAP SELECTION
***

The basic heap was selected because no calls to memory allocation
functions were found in the application outside of system library
functions, and there are calls to deallocation functions in the
application.


*******************************************************************************
*** PLACEMENT SUMMARY
***

"A0":  place at 0x08000000 { ro section .intvec };
"P1":  place in [from 0x08000000 to 0x0807ffff] { ro };
define block CSTACK with size = 1K, alignment = 8 { };
define block HEAP with size = 512, alignment = 8 { };
"P2":  place in [from 0x20000000 to 0x2000ffff] {
          rw, block CSTACK, block HEAP };
initialize by copy { rw };

  Section            Kind        Address    Size  Object
  -------            ----        -------    ----  ------
"A0":                                      0x130
  .intvec            ro code  0x08000000   0x130  startup_stm32f103xe.o [1]
                            - 0x08000130   0x130

"P1":                                     0x2d88
  .text              ro code  0x08000130   0x5ac  stm32f1xx_hal_uart.o [1]
  .text              ro code  0x080006dc   0x1f8  usart.o [1]
  .text              ro code  0x080008d4   0x422  stm32f1xx_hal_dma.o [1]
  .text              ro code  0x08000cf6     0x2  stm32f1xx_hal_uart.o [1]
  .text              ro code  0x08000cf8     0x2  stm32f1xx_hal_uart.o [1]
  .text              ro code  0x08000cfa     0x2  stm32f1xx_hal_uart.o [1]
  .text              ro code  0x08000cfc     0x2  stm32f1xx_hal_uart.o [1]
  .text              ro code  0x08000cfe     0x2  stm32f1xx_hal_uart.o [1]
  .text              ro code  0x08000d00   0x4de  stm32f1xx_hal_rcc.o [1]
  .text              ro code  0x080011e0   0x2ce  main.o [1]
  .text              ro code  0x080014b0   0x1f4  stm32f1xx_hal_gpio.o [1]
  .text              ro code  0x080016a4     0xc  stm32f1xx_hal.o [1]
  .text              ro code  0x080016b0    0x28  stm32f1xx_hal.o [1]
  .text              ro code  0x080016d8    0x24  stm32f1xx_hal.o [1]
  .text              ro code  0x080016fc    0xdc  gpio.o [1]
  .text              ro code  0x080017d8    0x20  dma.o [1]
  .text              ro code  0x080017f8   0x12c  adc.o [1]
  .text              ro code  0x08001924    0xbc  i2c.o [1]
  .text              ro code  0x080019e0    0xdc  spi.o [1]
  .text              ro code  0x08001abc   0x134  tim.o [1]
  .text              ro code  0x08001bf0    0xe6  stm32f1xx_hal_cortex.o [1]
  .text              ro code  0x08001cd8   0x36c  stm32f1xx_hal_tim.o [1]
  .text              ro code  0x08002044   0x1b4  bsp_motor.o [1]
  .text              ro code  0x080021f8   0x2b0  bsp_protocol.o [1]
  .text              ro code  0x080024a8    0x74  bsp_led.o [1]
  .text              ro code  0x0800251c    0xe8  stm32f1xx_hal_rcc_ex.o [1]
  .text              ro code  0x08002604    0x8c  stm32f1xx_hal_msp.o [1]
  .text              ro code  0x08002690   0x35c  stm32f1xx_hal_adc.o [1]
  .text              ro code  0x080029ec    0xe0  stm32f1xx_hal_i2c.o [1]
  .text              ro code  0x08002acc    0x82  stm32f1xx_hal_spi_ex.o [1]
  .text              ro code  0x08002b50    0x4a  stm32f1xx_hal_tim_ex.o [1]
  .text              ro code  0x08002b9a     0x2  stm32f1xx_hal_tim.o [1]
  .text              ro code  0x08002b9c     0x2  stm32f1xx_hal_tim.o [1]
  .text              ro code  0x08002b9e     0x2  stm32f1xx_hal_tim_ex.o [1]
  .text              ro code  0x08002ba0     0x2  stm32f1xx_hal_tim.o [1]
  .text              ro code  0x08002ba2     0x2  stm32f1xx_hal_tim_ex.o [1]
  .text              ro code  0x08002ba4     0x2  stm32f1xx_hal_tim.o [1]
  .text              ro code  0x08002ba6    0x1e  stm32f1xx_hal.o [1]
  .text              ro code  0x08002bc4     0x2  stm32f1xx_hal_adc.o [1]
  .text              ro code  0x08002bc8     0x2  stm32f1xx_hal_adc_ex.o [1]
  .text              ro code  0x08002bca     0x2  stm32f1xx_hal_adc.o [1]
  .text              ro code  0x08002bcc    0x90  stm32f1xx_it.o [1]
  .text              ro code  0x08002c5c    0x10  stm32f1xx_hal.o [1]
  .text              ro code  0x08002c6c    0x5c  system_stm32f1xx.o [1]
  .text              ro code  0x08002cc8    0x40  zero_init3.o [4]
  .text              ro code  0x08002d08    0x2c  copy_init3.o [4]
  .text              ro code  0x08002d34    0x28  data_init.o [4]
  .iar.init_table    const    0x08002d5c    0x24  - Linker created -
  .text              ro code  0x08002d80    0x1e  cmain.o [4]
  .text              ro code  0x08002d9e     0x4  low_level_init.o [3]
  .text              ro code  0x08002da2     0x4  exit.o [3]
  .text              ro code  0x08002da8     0xa  cexit.o [4]
  .text              ro code  0x08002db4    0x14  exit.o [5]
  .text              ro code  0x08002dc8    0x10  startup_stm32f103xe.o [1]
  .text              ro code  0x08002dd8     0xc  cstartup_M.o [4]
  .rodata            const    0x08002de4     0x8  system_stm32f1xx.o [1]
  .text              ro code  0x08002dec     0x4  startup_stm32f103xe.o [1]
  .text              ro code  0x08002df0     0x4  startup_stm32f103xe.o [1]
  .text              ro code  0x08002df4     0x4  startup_stm32f103xe.o [1]
  .text              ro code  0x08002df8     0x4  startup_stm32f103xe.o [1]
  .text              ro code  0x08002dfc     0x4  startup_stm32f103xe.o [1]
  .text              ro code  0x08002e00     0x4  startup_stm32f103xe.o [1]
  .text              ro code  0x08002e04     0x4  startup_stm32f103xe.o [1]
  .text              ro code  0x08002e08     0x4  startup_stm32f103xe.o [1]
  .text              ro code  0x08002e0c     0x4  startup_stm32f103xe.o [1]
  .text              ro code  0x08002e10     0x4  startup_stm32f103xe.o [1]
  .text              ro code  0x08002e14     0x4  startup_stm32f103xe.o [1]
  .text              ro code  0x08002e18     0x4  startup_stm32f103xe.o [1]
  .text              ro code  0x08002e1c     0x4  startup_stm32f103xe.o [1]
  .text              ro code  0x08002e20     0x4  startup_stm32f103xe.o [1]
  .text              ro code  0x08002e24     0x4  startup_stm32f103xe.o [1]
  .text              ro code  0x08002e28     0x4  startup_stm32f103xe.o [1]
  .text              ro code  0x08002e2c     0x4  startup_stm32f103xe.o [1]
  .text              ro code  0x08002e30     0x4  startup_stm32f103xe.o [1]
  .text              ro code  0x08002e34     0x4  startup_stm32f103xe.o [1]
  .text              ro code  0x08002e38     0x4  startup_stm32f103xe.o [1]
  .text              ro code  0x08002e3c     0x4  startup_stm32f103xe.o [1]
  .text              ro code  0x08002e40     0x4  startup_stm32f103xe.o [1]
  .text              ro code  0x08002e44     0x4  startup_stm32f103xe.o [1]
  .text              ro code  0x08002e48     0x4  startup_stm32f103xe.o [1]
  .text              ro code  0x08002e4c     0x4  startup_stm32f103xe.o [1]
  .text              ro code  0x08002e50     0x4  startup_stm32f103xe.o [1]
  .text              ro code  0x08002e54     0x4  startup_stm32f103xe.o [1]
  .text              ro code  0x08002e58     0x4  startup_stm32f103xe.o [1]
  .text              ro code  0x08002e5c     0x4  startup_stm32f103xe.o [1]
  .text              ro code  0x08002e60     0x4  startup_stm32f103xe.o [1]
  .text              ro code  0x08002e64     0x4  startup_stm32f103xe.o [1]
  .text              ro code  0x08002e68     0x4  startup_stm32f103xe.o [1]
  .text              ro code  0x08002e6c     0x4  startup_stm32f103xe.o [1]
  .text              ro code  0x08002e70     0x4  startup_stm32f103xe.o [1]
  .text              ro code  0x08002e74     0x4  startup_stm32f103xe.o [1]
  .text              ro code  0x08002e78     0x4  startup_stm32f103xe.o [1]
  .text              ro code  0x08002e7c     0x4  startup_stm32f103xe.o [1]
  .text              ro code  0x08002e80     0x4  startup_stm32f103xe.o [1]
  .text              ro code  0x08002e84     0x4  startup_stm32f103xe.o [1]
  .text              ro code  0x08002e88     0x4  startup_stm32f103xe.o [1]
  .text              ro code  0x08002e8c     0x4  startup_stm32f103xe.o [1]
  .text              ro code  0x08002e90     0x4  startup_stm32f103xe.o [1]
  .text              ro code  0x08002e94     0x4  startup_stm32f103xe.o [1]
  .text              ro code  0x08002e98     0x4  startup_stm32f103xe.o [1]
  .text              ro code  0x08002e9c     0x4  startup_stm32f103xe.o [1]
  .text              ro code  0x08002ea0     0x4  startup_stm32f103xe.o [1]
  .text              ro code  0x08002ea4     0x4  startup_stm32f103xe.o [1]
  .text              ro code  0x08002ea8     0x4  startup_stm32f103xe.o [1]
  .text              ro code  0x08002eac     0x4  startup_stm32f103xe.o [1]
  .text              ro code  0x08002eb0     0x4  startup_stm32f103xe.o [1]
  Initializer bytes  const    0x08002eb4     0x4  <for P2-1>
  .rodata            const    0x08002eb8     0x0  zero_init3.o [4]
  .rodata            const    0x08002eb8     0x0  copy_init3.o [4]
                            - 0x08002eb8  0x2d88

"P2", part 1 of 3:                           0x4
  P2-1                        0x20000000     0x4  <Init block>
    .data            inited   0x20000000     0x4  system_stm32f1xx.o [1]
                            - 0x20000004     0x4

"P2", part 2 of 3:                        0x1390
  .bss               zero     0x20000004   0x808  bsp_protocol.o [1]
  .bss               zero     0x2000080c   0x804  bsp_protocol.o [1]
  .bss               zero     0x20001010   0x110  usart.o [1]
  .bss               zero     0x20001120    0x58  spi.o [1]
  .bss               zero     0x20001178    0x54  i2c.o [1]
  .bss               zero     0x200011cc    0x44  adc.o [1]
  .bss               zero     0x20001210    0x40  tim.o [1]
  .bss               zero     0x20001250    0x40  tim.o [1]
  .bss               zero     0x20001290    0x40  usart.o [1]
  .bss               zero     0x200012d0    0x40  usart.o [1]
  .bss               zero     0x20001310    0x30  adc.o [1]
  .bss               zero     0x20001340    0x2c  main.o [1]
  .bss               zero     0x2000136c    0x1c  main.o [1]
  .bss               zero     0x20001388     0x8  bsp_protocol.o [1]
  .bss               zero     0x20001390     0x4  stm32f1xx_hal.o [1]
                            - 0x20001394  0x1390

"P2", part 3 of 3:                         0x400
  CSTACK                      0x20001398   0x400  <Block>
    CSTACK           uninit   0x20001398   0x400  <Block tail>
                            - 0x20001798   0x400


*******************************************************************************
*** INIT TABLE
***

          Address     Size
          -------     ----
Zero (__iar_zero_init3)
    1 destination range, total size 0x1390:
          0x20000004  0x1390

Copy (__iar_copy_init3)
    1 source range, total size 0x4:
          0x08002eb4     0x4
    1 destination range, total size 0x4:
          0x20000000     0x4



*******************************************************************************
*** MODULE SUMMARY
***

    Module                  ro code  ro data  rw data
    ------                  -------  -------  -------
E:\Users\bertz\Documents\GitHub\BSPv1.4\EWARM\BSPv1.4\Obj: [1]
    adc.o                       300               116
    bsp_led.o                   116
    bsp_motor.o                 436
    bsp_protocol.o              688             4 116
    dma.o                        32
    gpio.o                      220
    i2c.o                       188                84
    main.o                      718                72
    spi.o                       220                88
    startup_stm32f103xe.o       520
    stm32f1xx_hal.o             134                 4
    stm32f1xx_hal_adc.o         864
    stm32f1xx_hal_adc_ex.o        2
    stm32f1xx_hal_cortex.o      230
    stm32f1xx_hal_dma.o       1 058
    stm32f1xx_hal_gpio.o        500
    stm32f1xx_hal_i2c.o         224
    stm32f1xx_hal_msp.o         140
    stm32f1xx_hal_rcc.o       1 246
    stm32f1xx_hal_rcc_ex.o      232
    stm32f1xx_hal_spi_ex.o      130
    stm32f1xx_hal_tim.o         884
    stm32f1xx_hal_tim_ex.o       78
    stm32f1xx_hal_uart.o      1 462
    stm32f1xx_it.o              144
    system_stm32f1xx.o           92       12        4
    tim.o                       308               128
    usart.o                     504               400
    -------------------------------------------------
    Total:                   11 670       12    5 012

command line: [2]
    -------------------------------------------------
    Total:

dl7M_tlf.a: [3]
    exit.o                        4
    low_level_init.o              4
    -------------------------------------------------
    Total:                        8

rt7M_tl.a: [4]
    cexit.o                      10
    cmain.o                      30
    copy_init3.o                 44
    cstartup_M.o                 12
    data_init.o                  40
    zero_init3.o                 64
    -------------------------------------------------
    Total:                      200

shb_l.a: [5]
    exit.o                       20
    -------------------------------------------------
    Total:                       20

    Gaps                         14
    Linker created                        36    1 024
-----------------------------------------------------
    Grand Total:             11 912       48    6 036


*******************************************************************************
*** ENTRY LIST
***

Entry                      Address   Size  Type      Object
-----                      -------   ----  ----      ------
.iar.init_table$$Base   0x08002d5c          --   Gb  - Linker created -
.iar.init_table$$Limit  0x08002d80          --   Gb  - Linker created -
?main                   0x08002d81         Code  Gb  cmain.o [4]
ADC1_2_IRQHandler       0x08002c09    0x6  Code  Gb  stm32f1xx_it.o [1]
ADC_ConversionStop_Disable
                        0x080029a9   0x44  Code  Gb  stm32f1xx_hal_adc.o [1]
AHBPrescTable           0x08002cb8   0x10  Data  Gb  system_stm32f1xx.o [1]
APBPrescTable           0x08002de4    0x8  Data  Gb  system_stm32f1xx.o [1]
AckCmdBuffer            0x20001388    0x8  Data  Gb  bsp_protocol.o [1]
BSP_AckRequestCmdFromDriverBoard
                        0x080022c9   0x28  Code  Gb  bsp_protocol.o [1]
BSP_DriverBoardProtocolInit
                        0x08002261   0x36  Code  Gb  bsp_protocol.o [1]
BSP_DriverBoardUsartReceive_IDLE
                        0x08002215   0x4c  Code  Gb  bsp_protocol.o [1]
BSP_HandingCmdFromDriverBoard
                        0x08002435   0x54  Code  Gb  bsp_protocol.o [1]
BSP_HandingUartDataFromDriverBoard
                        0x080022f1  0x13e  Code  Gb  bsp_protocol.o [1]
BSP_LEDCheck            0x080024b7   0x56  Code  Gb  bsp_led.o [1]
BSP_MotorAction         0x080021c1   0x24  Code  Gb  bsp_motor.o [1]
BSP_MotorCheck          0x08002107   0xba  Code  Gb  bsp_motor.o [1]
BSP_MotorInit           0x08002045   0x3c  Code  Gb  bsp_motor.o [1]
BSP_MotorRun            0x0800209f   0x30  Code  Gb  bsp_motor.o [1]
BSP_MotorStop           0x080020ed   0x10  Code  Gb  bsp_motor.o [1]
BSP_RUNNINGLED_ON       0x080024a9    0x4  Code  Gb  bsp_led.o [1]
BSP_SendDataToDriverBoard
                        0x08002297   0x32  Code  Gb  bsp_protocol.o [1]
BusFault_Handler        0x08002bd3    0x2  Code  Gb  stm32f1xx_it.o [1]
CSTACK$$Base            0x20001398          --   Gb  - Linker created -
CSTACK$$Limit           0x20001798          --   Gb  - Linker created -
DMA1_Channel1_IRQHandler
                        0x08002beb    0x6  Code  Gb  stm32f1xx_it.o [1]
DMA1_Channel4_IRQHandler
                        0x08002bf1    0x6  Code  Gb  stm32f1xx_it.o [1]
DMA1_Channel5_IRQHandler
                        0x08002bf7    0x6  Code  Gb  stm32f1xx_it.o [1]
DMA1_Channel6_IRQHandler
                        0x08002bfd    0x6  Code  Gb  stm32f1xx_it.o [1]
DMA1_Channel7_IRQHandler
                        0x08002c03    0x6  Code  Gb  stm32f1xx_it.o [1]
DMA_SetConfig           0x08000cd5   0x22  Code  Lc  stm32f1xx_hal_dma.o [1]
DebugMon_Handler        0x08002bd9    0x2  Code  Gb  stm32f1xx_it.o [1]
DriverBoardCmdBuffer    0x20000004  0x808  Data  Gb  bsp_protocol.o [1]
DriverBoardUsartType    0x2000080c  0x804  Data  Gb  bsp_protocol.o [1]
HAL_ADCEx_InjectedConvCpltCallback
                        0x08002bc9    0x2  Code  Wk  stm32f1xx_hal_adc_ex.o [1]
HAL_ADC_ConfigChannel   0x08002891   0xe4  Code  Gb  stm32f1xx_hal_adc.o [1]
HAL_ADC_IRQHandler      0x080027a1   0xd8  Code  Gb  stm32f1xx_hal_adc.o [1]
HAL_ADC_Init            0x08002691  0x110  Code  Gb  stm32f1xx_hal_adc.o [1]
HAL_ADC_MspInit         0x08001869   0x70  Code  Gb  adc.o [1]
HAL_DMA_Abort           0x080009cf   0x32  Code  Gb  stm32f1xx_hal_dma.o [1]
HAL_DMA_Abort_IT        0x08000a01   0xdc  Code  Gb  stm32f1xx_hal_dma.o [1]
HAL_DMA_IRQHandler      0x08000add  0x1b4  Code  Gb  stm32f1xx_hal_dma.o [1]
HAL_DMA_Init            0x080008d5   0x78  Code  Gb  stm32f1xx_hal_dma.o [1]
HAL_DMA_Start_IT        0x0800095b   0x74  Code  Gb  stm32f1xx_hal_dma.o [1]
HAL_Delay               0x08002ba7   0x1e  Code  Wk  stm32f1xx_hal.o [1]
HAL_GPIO_Init           0x080014b1  0x196  Code  Gb  stm32f1xx_hal_gpio.o [1]
HAL_GPIO_ReadPin        0x08001647    0xc  Code  Gb  stm32f1xx_hal_gpio.o [1]
HAL_GPIO_TogglePin      0x0800165f    0x8  Code  Gb  stm32f1xx_hal_gpio.o [1]
HAL_GPIO_WritePin       0x08001653    0xc  Code  Gb  stm32f1xx_hal_gpio.o [1]
HAL_GetTick             0x080016a5    0xc  Code  Wk  stm32f1xx_hal.o [1]
HAL_I2C_Init            0x080029ed   0xc8  Code  Gb  stm32f1xx_hal_i2c.o [1]
HAL_I2C_MspInit         0x0800195d   0x3a  Code  Gb  i2c.o [1]
HAL_IncTick             0x08002c5d   0x10  Code  Wk  stm32f1xx_hal.o [1]
HAL_Init                0x080016d9   0x20  Code  Gb  stm32f1xx_hal.o [1]
HAL_InitTick            0x080016b1   0x28  Code  Wk  stm32f1xx_hal.o [1]
HAL_MspInit             0x08002605   0x8c  Code  Gb  stm32f1xx_hal_msp.o [1]
HAL_NVIC_EnableIRQ      0x08001c63    0xa  Code  Gb  stm32f1xx_hal_cortex.o [1]
HAL_NVIC_SetPriority    0x08001c29   0x3a  Code  Gb  stm32f1xx_hal_cortex.o [1]
HAL_NVIC_SetPriorityGrouping
                        0x08001c0f   0x1a  Code  Gb  stm32f1xx_hal_cortex.o [1]
HAL_RCCEx_PeriphCLKConfig
                        0x0800251d   0xda  Code  Gb  stm32f1xx_hal_rcc_ex.o [1]
HAL_RCC_ClockConfig     0x0800101d  0x10c  Code  Gb  stm32f1xx_hal_rcc.o [1]
HAL_RCC_GetHCLKFreq     0x08001177    0x6  Code  Gb  stm32f1xx_hal_rcc.o [1]
HAL_RCC_GetPCLK1Freq    0x0800117d   0x10  Code  Gb  stm32f1xx_hal_rcc.o [1]
HAL_RCC_GetPCLK2Freq    0x0800118d    0xe  Code  Gb  stm32f1xx_hal_rcc.o [1]
HAL_RCC_GetSysClockFreq
                        0x0800113d   0x3a  Code  Gb  stm32f1xx_hal_rcc.o [1]
HAL_RCC_GetSysClockFreq::aPLLMULFactorTable
                        0x080011cc   0x10  Data  Lc  stm32f1xx_hal_rcc.o [1]
HAL_RCC_GetSysClockFreq::aPredivFactorTable
                        0x080011dc    0x2  Data  Lc  stm32f1xx_hal_rcc.o [1]
HAL_RCC_OscConfig       0x08000d01  0x314  Code  Gb  stm32f1xx_hal_rcc.o [1]
HAL_SPI_Init            0x08002acd   0x82  Code  Gb  stm32f1xx_hal_spi_ex.o [1]
HAL_SPI_MspInit         0x08001a2b   0x4e  Code  Gb  spi.o [1]
HAL_SYSTICK_CLKSourceConfig
                        0x08001c9f   0x1a  Code  Gb  stm32f1xx_hal_cortex.o [1]
HAL_SYSTICK_Config      0x08001c77   0x28  Code  Gb  stm32f1xx_hal_cortex.o [1]
HAL_SYSTICK_IRQHandler  0x08001cd1    0x4  Code  Gb  stm32f1xx_hal_cortex.o [1]
HAL_TIMEx_BreakCallback
                        0x08002b9f    0x2  Code  Wk  stm32f1xx_hal_tim_ex.o [1]
HAL_TIMEx_CommutationCallback
                        0x08002ba3    0x2  Code  Wk  stm32f1xx_hal_tim_ex.o [1]
HAL_TIMEx_MasterConfigSynchronization
                        0x08002b51   0x4a  Code  Gb  stm32f1xx_hal_tim_ex.o [1]
HAL_TIM_Base_Init       0x08001cd9   0x1a  Code  Gb  stm32f1xx_hal_tim.o [1]
HAL_TIM_Base_MspInit    0x08001b6f   0x38  Code  Gb  tim.o [1]
HAL_TIM_Base_Start_IT   0x08001cf3   0x16  Code  Gb  stm32f1xx_hal_tim.o [1]
HAL_TIM_ConfigClockSource
                        0x08001e75   0xac  Code  Gb  stm32f1xx_hal_tim.o [1]
HAL_TIM_IRQHandler      0x08001d2d  0x142  Code  Gb  stm32f1xx_hal_tim.o [1]
HAL_TIM_PeriodElapsedCallback
                        0x08001371  0x122  Code  Gb  main.o [1]
HAL_UART_DMAStop        0x080002b3   0x48  Code  Gb  stm32f1xx_hal_uart.o [1]
HAL_UART_IRQHandler     0x08000313  0x152  Code  Gb  stm32f1xx_hal_uart.o [1]
HAL_UART_Init           0x08000131   0x1e  Code  Gb  stm32f1xx_hal_uart.o [1]
HAL_UART_MspInit        0x0800072f  0x128  Code  Gb  usart.o [1]
HAL_UART_Receive_DMA    0x08000221   0x92  Code  Gb  stm32f1xx_hal_uart.o [1]
HAL_UART_Transmit_DMA   0x080001a9   0x78  Code  Gb  stm32f1xx_hal_uart.o [1]
HardFault_Handler       0x08002bcf    0x2  Code  Gb  stm32f1xx_it.o [1]
MX_ADC1_Init            0x080017f9   0x70  Code  Gb  adc.o [1]
MX_DMA_Init             0x080017d9   0x20  Code  Gb  dma.o [1]
MX_GPIO_Init            0x080016fd   0xc4  Code  Gb  gpio.o [1]
MX_I2C2_Init            0x08001925   0x38  Code  Gb  i2c.o [1]
MX_SPI1_Init            0x080019e1   0x4a  Code  Gb  spi.o [1]
MX_TIM4_Init            0x08001abd   0x40  Code  Gb  tim.o [1]
MX_TIM5_Init            0x08001afd   0x42  Code  Gb  tim.o [1]
MX_USART1_UART_Init     0x080006dd   0x16  Code  Gb  usart.o [1]
MX_USART2_UART_Init     0x080006f3   0x16  Code  Gb  usart.o [1]
MemManage_Handler       0x08002bd1    0x2  Code  Gb  stm32f1xx_it.o [1]
NMI_Handler             0x08002bcd    0x2  Code  Gb  stm32f1xx_it.o [1]
NVIC_SetPriority        0x08001bf1   0x1e  Code  Lc  stm32f1xx_hal_cortex.o [1]
PendSV_Handler          0x08002bdb    0x2  Code  Gb  stm32f1xx_it.o [1]
Region$$Table$$Base     0x08002d5c          --   Gb  - Linker created -
Region$$Table$$Limit    0x08002d80          --   Gb  - Linker created -
SVC_Handler             0x08002bd7    0x2  Code  Gb  stm32f1xx_it.o [1]
SysTick_Handler         0x08002bdd    0xe  Code  Gb  stm32f1xx_it.o [1]
SystemClock_Config      0x080012eb   0x86  Code  Gb  main.o [1]
SystemCoreClock         0x20000000    0x4  Data  Gb  system_stm32f1xx.o [1]
SystemInit              0x08002c6d   0x3a  Code  Gb  system_stm32f1xx.o [1]
TIM4_IRQHandler         0x08002c0f    0x6  Code  Gb  stm32f1xx_it.o [1]
TIM5_IRQHandler         0x08002c2f    0x6  Code  Gb  stm32f1xx_it.o [1]
TIM_Base_SetConfig      0x08001f4b   0x74  Code  Gb  stm32f1xx_hal_tim.o [1]
TIM_ETR_SetConfig       0x0800202b   0x14  Code  Lc  stm32f1xx_hal_tim.o [1]
TIM_ITRx_SetConfig      0x0800201b   0x10  Code  Lc  stm32f1xx_hal_tim.o [1]
TIM_TI1_ConfigInputStage
                        0x08001fd9   0x1e  Code  Lc  stm32f1xx_hal_tim.o [1]
TIM_TI2_ConfigInputStage
                        0x08001ff7   0x24  Code  Lc  stm32f1xx_hal_tim.o [1]
UART_DMAAbortOnError    0x08000551    0xc  Code  Lc  stm32f1xx_hal_uart.o [1]
UART_DMAError           0x080004d9   0x4a  Code  Lc  stm32f1xx_hal_uart.o [1]
UART_DMAReceiveCplt     0x08000499   0x38  Code  Lc  stm32f1xx_hal_uart.o [1]
UART_DMARxHalfCplt      0x080004d1    0x6  Code  Lc  stm32f1xx_hal_uart.o [1]
UART_DMATransmitCplt    0x08000465   0x2a  Code  Lc  stm32f1xx_hal_uart.o [1]
UART_DMATxHalfCplt      0x08000491    0x6  Code  Lc  stm32f1xx_hal_uart.o [1]
UART_EndRxTransfer      0x08000535   0x1c  Code  Lc  stm32f1xx_hal_uart.o [1]
UART_EndTxTransfer      0x08000523   0x12  Code  Lc  stm32f1xx_hal_uart.o [1]
UART_Receive_IT         0x0800055d   0x96  Code  Lc  stm32f1xx_hal_uart.o [1]
UART_SetConfig          0x080005f3   0xde  Code  Lc  stm32f1xx_hal_uart.o [1]
USART1_IRQHandler       0x08002c15   0x14  Code  Gb  stm32f1xx_it.o [1]
USART2_IRQHandler       0x08002c29    0x6  Code  Gb  stm32f1xx_it.o [1]
UsageFault_Handler      0x08002bd5    0x2  Code  Gb  stm32f1xx_it.o [1]
_Error_Handler          0x080014ad    0x2  Code  Gb  main.o [1]
__cmain                 0x08002d81         Code  Gb  cmain.o [4]
__exit                  0x08002db5   0x14  Code  Gb  exit.o [5]
__iar_copy_init3        0x08002d09   0x2c  Code  Gb  copy_init3.o [4]
__iar_data_init3        0x08002d35   0x28  Code  Gb  data_init.o [4]
__iar_program_start     0x08002dd9         Code  Gb  cstartup_M.o [4]
__iar_systems$$module {Abs}
                        0x00000001         Data  Gb  command line/config [2]
__iar_zero_init3        0x08002cc9   0x40  Code  Gb  zero_init3.o [4]
__low_level_init        0x08002d9f    0x4  Code  Gb  low_level_init.o [3]
__vector_table          0x08000000         Data  Gb  startup_stm32f103xe.o [1]
_call_main              0x08002d8d         Code  Gb  cmain.o [4]
_exit                   0x08002da9         Code  Gb  cexit.o [4]
_main                   0x08002d9b         Code  Gb  cmain.o [4]
exit                    0x08002da3    0x4  Code  Gb  exit.o [3]
gDriverBoardProtocolCmd
                        0x20001370   0x18  Data  Gb  main.o [1]
gGentleSensorStatusDetection
                        0x20001354   0x10  Data  Gb  main.o [1]
gHorCurrentReadVal      0x20001367    0x1  Data  Gb  main.o [1]
gHorLastReadVal         0x20001366    0x1  Data  Gb  main.o [1]
gMotorMachine           0x20001340   0x14  Data  Gb  main.o [1]
gTIM5Cnt                0x2000136a    0x2  Data  Gb  main.o [1]
gTIM5CntFlag            0x20001368    0x1  Data  Gb  main.o [1]
gTIM5LedFlag            0x2000136c    0x1  Data  Gb  main.o [1]
gVerCurrentReadVal      0x20001365    0x1  Data  Gb  main.o [1]
gVerLastReadVal         0x20001364    0x1  Data  Gb  main.o [1]
getXORCode              0x080021f9   0x1c  Code  Lc  bsp_protocol.o [1]
hadc1                   0x20001310   0x30  Data  Gb  adc.o [1]
hdma_adc1               0x200011cc   0x44  Data  Gb  adc.o [1]
hdma_usart1_rx          0x20001010   0x44  Data  Gb  usart.o [1]
hdma_usart1_tx          0x20001054   0x44  Data  Gb  usart.o [1]
hdma_usart2_rx          0x20001098   0x44  Data  Gb  usart.o [1]
hdma_usart2_tx          0x200010dc   0x44  Data  Gb  usart.o [1]
hi2c2                   0x20001178   0x54  Data  Gb  i2c.o [1]
hspi1                   0x20001120   0x58  Data  Gb  spi.o [1]
htim4                   0x20001210   0x40  Data  Gb  tim.o [1]
htim5                   0x20001250   0x40  Data  Gb  tim.o [1]
huart1                  0x20001290   0x40  Data  Gb  usart.o [1]
huart2                  0x200012d0   0x40  Data  Gb  usart.o [1]
main                    0x080011e1  0x10a  Code  Gb  main.o [1]
uwTick                  0x20001390    0x4  Data  Gb  stm32f1xx_hal.o [1]


[1] = E:\Users\bertz\Documents\GitHub\BSPv1.4\EWARM\BSPv1.4\Obj
[2] = command line
[3] = dl7M_tlf.a
[4] = rt7M_tl.a
[5] = shb_l.a

  11 912 bytes of readonly  code memory
      48 bytes of readonly  data memory
   6 036 bytes of readwrite data memory

Errors: none
Warnings: none
